Archive member included to satisfy reference by file (symbol)

../Middlewares/ST/ARM/DSP/Lib\libarm_cortexM4lf_math.a(arm_rfft_fast_init_f32.o)
                              ./Core/Src/main.o (arm_rfft_fast_init_f32)
../Middlewares/ST/ARM/DSP/Lib\libarm_cortexM4lf_math.a(arm_rfft_fast_f32.o)
                              ./Core/Src/main.o (arm_rfft_fast_f32)
../Middlewares/ST/ARM/DSP/Lib\libarm_cortexM4lf_math.a(arm_cfft_f32.o)
                              ../Middlewares/ST/ARM/DSP/Lib\libarm_cortexM4lf_math.a(arm_rfft_fast_f32.o) (arm_cfft_f32)
../Middlewares/ST/ARM/DSP/Lib\libarm_cortexM4lf_math.a(arm_bitreversal2.o)
                              ../Middlewares/ST/ARM/DSP/Lib\libarm_cortexM4lf_math.a(arm_cfft_f32.o) (arm_bitreversal_32)
../Middlewares/ST/ARM/DSP/Lib\libarm_cortexM4lf_math.a(arm_cmplx_mag_f32.o)
                              ./Core/Src/main.o (arm_cmplx_mag_f32)
../Middlewares/ST/ARM/DSP/Lib\libarm_cortexM4lf_math.a(arm_common_tables.o)
                              ../Middlewares/ST/ARM/DSP/Lib\libarm_cortexM4lf_math.a(arm_rfft_fast_init_f32.o) (twiddleCoef_rfft_4096)
../Middlewares/ST/ARM/DSP/Lib\libarm_cortexM4lf_math.a(arm_cfft_init_f32.o)
                              ../Middlewares/ST/ARM/DSP/Lib\libarm_cortexM4lf_math.a(arm_rfft_fast_init_f32.o) (arm_cfft_init_f32)
../Middlewares/ST/ARM/DSP/Lib\libarm_cortexM4lf_math.a(arm_cfft_radix8_f32.o)
                              ../Middlewares/ST/ARM/DSP/Lib\libarm_cortexM4lf_math.a(arm_cfft_f32.o) (arm_radix8_butterfly_f32)
../Middlewares/ST/ARM/DSP/Lib\libarm_cortexM4lf_math.a(arm_const_structs.o)
                              ../Middlewares/ST/ARM/DSP/Lib\libarm_cortexM4lf_math.a(arm_cfft_init_f32.o) (arm_cfft_sR_f32_len4096)
D:/E/1subject/HK4/VXL_VDK/doan/STM32CubeIDE_1.18.0/STM32CubeIDE/plugins/com.st.stm32cube.ide.mcu.externaltools.gnu-tools-for-stm32.13.3.rel1.win32_1.0.100.202509120712/tools/bin/../lib/gcc/arm-none-eabi/13.3.1/../../../../arm-none-eabi/lib/thumb/v7e-m+fp/hard\libc_nano.a(libc_a-exit.o)
                              D:/E/1subject/HK4/VXL_VDK/doan/STM32CubeIDE_1.18.0/STM32CubeIDE/plugins/com.st.stm32cube.ide.mcu.externaltools.gnu-tools-for-stm32.13.3.rel1.win32_1.0.100.202509120712/tools/bin/../lib/gcc/arm-none-eabi/13.3.1/../../../../arm-none-eabi/lib/thumb/v7e-m+fp/hard/crt0.o (exit)
D:/E/1subject/HK4/VXL_VDK/doan/STM32CubeIDE_1.18.0/STM32CubeIDE/plugins/com.st.stm32cube.ide.mcu.externaltools.gnu-tools-for-stm32.13.3.rel1.win32_1.0.100.202509120712/tools/bin/../lib/gcc/arm-none-eabi/13.3.1/../../../../arm-none-eabi/lib/thumb/v7e-m+fp/hard\libc_nano.a(libc_a-rand.o)
                              ./Core/Src/main.o (rand)
D:/E/1subject/HK4/VXL_VDK/doan/STM32CubeIDE_1.18.0/STM32CubeIDE/plugins/com.st.stm32cube.ide.mcu.externaltools.gnu-tools-for-stm32.13.3.rel1.win32_1.0.100.202509120712/tools/bin/../lib/gcc/arm-none-eabi/13.3.1/../../../../arm-none-eabi/lib/thumb/v7e-m+fp/hard\libc_nano.a(libc_a-findfp.o)
                              D:/E/1subject/HK4/VXL_VDK/doan/STM32CubeIDE_1.18.0/STM32CubeIDE/plugins/com.st.stm32cube.ide.mcu.externaltools.gnu-tools-for-stm32.13.3.rel1.win32_1.0.100.202509120712/tools/bin/../lib/gcc/arm-none-eabi/13.3.1/../../../../arm-none-eabi/lib/thumb/v7e-m+fp/hard\libc_nano.a(libc_a-exit.o) (__stdio_exit_handler)
D:/E/1subject/HK4/VXL_VDK/doan/STM32CubeIDE_1.18.0/STM32CubeIDE/plugins/com.st.stm32cube.ide.mcu.externaltools.gnu-tools-for-stm32.13.3.rel1.win32_1.0.100.202509120712/tools/bin/../lib/gcc/arm-none-eabi/13.3.1/../../../../arm-none-eabi/lib/thumb/v7e-m+fp/hard\libc_nano.a(libc_a-fwalk.o)
                              D:/E/1subject/HK4/VXL_VDK/doan/STM32CubeIDE_1.18.0/STM32CubeIDE/plugins/com.st.stm32cube.ide.mcu.externaltools.gnu-tools-for-stm32.13.3.rel1.win32_1.0.100.202509120712/tools/bin/../lib/gcc/arm-none-eabi/13.3.1/../../../../arm-none-eabi/lib/thumb/v7e-m+fp/hard\libc_nano.a(libc_a-findfp.o) (_fwalk_sglue)
D:/E/1subject/HK4/VXL_VDK/doan/STM32CubeIDE_1.18.0/STM32CubeIDE/plugins/com.st.stm32cube.ide.mcu.externaltools.gnu-tools-for-stm32.13.3.rel1.win32_1.0.100.202509120712/tools/bin/../lib/gcc/arm-none-eabi/13.3.1/../../../../arm-none-eabi/lib/thumb/v7e-m+fp/hard\libc_nano.a(libc_a-stdio.o)
                              D:/E/1subject/HK4/VXL_VDK/doan/STM32CubeIDE_1.18.0/STM32CubeIDE/plugins/com.st.stm32cube.ide.mcu.externaltools.gnu-tools-for-stm32.13.3.rel1.win32_1.0.100.202509120712/tools/bin/../lib/gcc/arm-none-eabi/13.3.1/../../../../arm-none-eabi/lib/thumb/v7e-m+fp/hard\libc_nano.a(libc_a-findfp.o) (__sread)
D:/E/1subject/HK4/VXL_VDK/doan/STM32CubeIDE_1.18.0/STM32CubeIDE/plugins/com.st.stm32cube.ide.mcu.externaltools.gnu-tools-for-stm32.13.3.rel1.win32_1.0.100.202509120712/tools/bin/../lib/gcc/arm-none-eabi/13.3.1/../../../../arm-none-eabi/lib/thumb/v7e-m+fp/hard\libc_nano.a(libc_a-memset.o)
[...]
Memory Configuration

Name             Origin             Length             Attributes
CCMRAM           0x10000000         0x00010000         xrw
RAM              0x20000000         0x00020000         xrw
FLASH            0x08000000         0x00080000         xr
*default*        0x00000000         0xffffffff

Linker script and memory map

LOAD D:/E/1subject/HK4/VXL_VDK/doan/STM32CubeIDE_1.18.0/STM32CubeIDE/plugins/com.st.stm32cube.ide.mcu.externaltools.gnu-tools-for-stm32.13.3.rel1.win32_1.0.100.202509120712/tools/bin/../lib/gcc/arm-none-eabi/13.3.1/thumb/v7e-m+fp/hard/crti.o
LOAD D:/E/1subject/HK4/VXL_VDK/doan/STM32CubeIDE_1.18.0/STM32CubeIDE/plugins/com.st.stm32cube.ide.mcu.externaltools.gnu-tools-for-stm32.13.3.rel1.win32_1.0.100.202509120712/tools/bin/../lib/gcc/arm-none-eabi/13.3.1/thumb/v7e-m+fp/hard/crtbegin.o
LOAD D:/E/1subject/HK4/VXL_VDK/doan/STM32CubeIDE_1.18.0/STM32CubeIDE/plugins/com.st.stm32cube.ide.mcu.externaltools.gnu-tools-for-stm32.13.3.rel1.win32_1.0.100.202509120712/tools/bin/../lib/gcc/arm-none-eabi/13.3.1/../../../../arm-none-eabi/lib/thumb/v7e-m+fp/hard/crt0.o
LOAD ./Core/Src/main.o
LOAD ./Core/Src/stm32f4xx_hal_msp.o
LOAD ./Core/Src/stm32f4xx_it.o
LOAD ./Core/Src/syscalls.o
LOAD ./Core/Src/sysmem.o
LOAD ./Core/Src/system_stm32f4xx.o
LOAD ./Core/Startup/startup_stm32f407vetx.o
LOAD ./Drivers/STM32F4xx_HAL_Driver/Src/stm32f4xx_hal.o
LOAD ./Drivers/STM32F4xx_HAL_Driver/Src/stm32f4xx_hal_adc.o
LOAD ./Drivers/STM32F4xx_HAL_Driver/Src/stm32f4xx_hal_adc_ex.o
LOAD ./Drivers/STM32F4xx_HAL_Driver/Src/stm32f4xx_hal_cortex.o
LOAD ./Drivers/STM32F4xx_HAL_Driver/Src/stm32f4xx_hal_dma.o
LOAD ./Drivers/STM32F4xx_HAL_Driver/Src/stm32f4xx_hal_dma_ex.o
LOAD ./Drivers/STM32F4xx_HAL_Driver/Src/stm32f4xx_hal_exti.o
LOAD ./Drivers/STM32F4xx_HAL_Driver/Src/stm32f4xx_hal_flash.o
LOAD ./Drivers/STM32F4xx_HAL_Driver/Src/stm32f4xx_hal_flash_ex.o
LOAD ./Drivers/STM32F4xx_HAL_Driver/Src/stm32f4xx_hal_flash_ramfunc.o
LOAD ./Drivers/STM32F4xx_HAL_Driver/Src/stm32f4xx_hal_gpio.o
LOAD ./Drivers/STM32F4xx_HAL_Driver/Src/stm32f4xx_hal_pwr.o
LOAD ./Drivers/STM32F4xx_HAL_Driver/Src/stm32f4xx_hal_pwr_ex.o
LOAD ./Drivers/STM32F4xx_HAL_Driver/Src/stm32f4xx_hal_rcc.o
LOAD ./Drivers/STM32F4xx_HAL_Driver/Src/stm32f4xx_hal_rcc_ex.o
LOAD ./Drivers/STM32F4xx_HAL_Driver/Src/stm32f4xx_hal_spi.o
LOAD ./Drivers/STM32F4xx_HAL_Driver/Src/stm32f4xx_hal_tim.o
LOAD ./Drivers/STM32F4xx_HAL_Driver/Src/stm32f4xx_hal_tim_ex.o
LOAD ./Drivers/STM32F4xx_HAL_Driver/Src/stm32f4xx_hal_uart.o
LOAD ./Drivers/STM32F4xx_HAL_Driver/Src/stm32f4xx_hal_usart.o
LOAD ./Drivers/STM32F4xx_HAL_Driver/Src/stm32f4xx_ll_adc.o
LOAD ../Middlewares/ST/ARM/DSP/Lib\libarm_cortexM4lf_math.a
START GROUP
LOAD D:/E/1subject/HK4/VXL_VDK/doan/STM32CubeIDE_1.18.0/STM32CubeIDE/plugins/com.st.stm32cube.ide.mcu.externaltools.gnu-tools-for-stm32.13.3.rel1.win32_1.0.100.202509120712/tools/bin/../lib/gcc/arm-none-eabi/13.3.1/../../../../arm-none-eabi/lib/thumb/v7e-m+fp/hard\libc_nano.a
LOAD D:/E/1subject/HK4/VXL_VDK/doan/STM32CubeIDE_1.18.0/STM32CubeIDE/plugins/com.st.stm32cube.ide.mcu.externaltools.gnu-tools-for-stm32.13.3.rel1.win32_1.0.100.202509120712/tools/bin/../lib/gcc/arm-none-eabi/13.3.1/../../../../arm-none-eabi/lib/thumb/v7e-m+fp/hard\libm.a
END GROUP
START GROUP
LOAD D:/E/1subject/HK4/VXL_VDK/doan/STM32CubeIDE_1.18.0/STM32CubeIDE/plugins/com.st.stm32cube.ide.mcu.externaltools.gnu-tools-for-stm32.13.3.rel1.win32_1.0.100.202509120712/tools/bin/../lib/gcc/arm-none-eabi/13.3.1/thumb/v7e-m+fp/hard\libgcc.a
LOAD D:/E/1subject/HK4/VXL_VDK/doan/STM32CubeIDE_1.18.0/STM32CubeIDE/plugins/com.st.stm32cube.ide.mcu.externaltools.gnu-tools-for-stm32.13.3.rel1.win32_1.0.100.202509120712/tools/bin/../lib/gcc/arm-none-eabi/13.3.1/../../../../arm-none-eabi/lib/thumb/v7e-m+fp/hard\libc_nano.a
END GROUP
START GROUP
LOAD D:/E/1subject/HK4/VXL_VDK/doan/STM32CubeIDE_1.18.0/STM32CubeIDE/plugins/com.st.stm32cube.ide.mcu.externaltools.gnu-tools-for-stm32.13.3.rel1.win32_1.0.100.202509120712/tools/bin/../lib/gcc/arm-none-eabi/13.3.1/thumb/v7e-m+fp/hard\libgcc.a
LOAD D:/E/1subject/HK4/VXL_VDK/doan/STM32CubeIDE_1.18.0/STM32CubeIDE/plugins/com.st.stm32cube.ide.mcu.externaltools.gnu-tools-for-stm32.13.3.rel1.win32_1.0.100.202509120712/tools/bin/../lib/gcc/arm-none-eabi/13.3.1/../../../../arm-none-eabi/lib/thumb/v7e-m+fp/hard\libc_nano.a
LOAD D:/E/1subject/HK4/VXL_VDK/doan/STM32CubeIDE_1.18.0/STM32CubeIDE/plugins/com.st.stm32cube.ide.mcu.externaltools.gnu-tools-for-stm32.13.3.rel1.win32_1.0.100.202509120712/tools/bin/../lib/gcc/arm-none-eabi/13.3.1/../../../../arm-none-eabi/lib/thumb/v7e-m+fp/hard\libnosys.a
END GROUP
START GROUP
LOAD D:/E/1subject/HK4/VXL_VDK/doan/STM32CubeIDE_1.18.0/STM32CubeIDE/plugins/com.st.stm32cube.ide.mcu.externaltools.gnu-tools-for-stm32.13.3.rel1.win32_1.0.100.202509120712/tools/bin/../lib/gcc/arm-none-eabi/13.3.1/thumb/v7e-m+fp/hard\libgcc.a
LOAD D:/E/1subject/HK4/VXL_VDK/doan/STM32CubeIDE_1.18.0/STM32CubeIDE/plugins/com.st.stm32cube.ide.mcu.externaltools.gnu-tools-for-stm32.13.3.rel1.win32_1.0.100.202509120712/tools/bin/../lib/gcc/arm-none-eabi/13.3.1/../../../../arm-none-eabi/lib/thumb/v7e-m+fp/hard\libc_nano.a
LOAD D:/E/1subject/HK4/VXL_VDK/doan/STM32CubeIDE_1.18.0/STM32CubeIDE/plugins/com.st.stm32cube.ide.mcu.externaltools.gnu-tools-for-stm32.13.3.rel1.win32_1.0.100.202509120712/tools/bin/../lib/gcc/arm-none-eabi/13.3.1/../../../../arm-none-eabi/lib/thumb/v7e-m+fp/hard\libnosys.a
END GROUP
LOAD D:/E/1subject/HK4/VXL_VDK/doan/STM32CubeIDE_1.18.0/STM32CubeIDE/plugins/com.st.stm32cube.ide.mcu.externaltools.gnu-tools-for-stm32.13.3.rel1.win32_1.0.100.202509120712/tools/bin/../lib/gcc/arm-none-eabi/13.3.1/thumb/v7e-m+fp/hard/crtend.o
LOAD D:/E/1subject/HK4/VXL_VDK/doan/STM32CubeIDE_1.18.0/STM32CubeIDE/plugins/com.st.stm32cube.ide.mcu.externaltools.gnu-tools-for-stm32.13.3.rel1.win32_1.0.100.202509120712/tools/bin/../lib/gcc/arm-none-eabi/13.3.1/thumb/v7e-m+fp/hard/crtn.o
                0x20020000                        _estack = (ORIGIN (RAM) + LENGTH (RAM))
                0x00000200                        _Min_Heap_Size = 0x200
                0x00000400                        _Min_Stack_Size = 0x400

.isr_vector     0x08000000      0x188
                0x08000000                        . = ALIGN (0x4)
 *(.isr_vector)
 .isr_vector    0x08000000      0x188 ./Core/Startup/startup_stm32f407vetx.o
                0x08000000                g_pfnVectors
                0x08000188                        . = ALIGN (0x4)

.text           0x08000190     0xb320
                0x08000190                        . = ALIGN (0x4)
 *(.text)
 .text          0x08000190       0x40 D:/E/1subject/HK4/VXL_VDK/doan/STM32CubeIDE_1.18.0/STM32CubeIDE/plugins/com.st.stm32cube.ide.mcu.externaltools.gnu-tools-for-stm32.13.3.rel1.win32_1.0.100.202509120712/tools/bin/../lib/gcc/arm-none-eabi/13.3.1/thumb/v7e-m+fp/hard/crtbegin.o
 .text          0x080001d0       0xa0 D:/E/1subject/HK4/VXL_VDK/doan/STM32CubeIDE_1.18.0/STM32CubeIDE/plugins/com.st.stm32cube.ide.mcu.externaltools.gnu-tools-for-stm32.13.3.rel1.win32_1.0.100.202509120712/tools/bin/../lib/gcc/arm-none-eabi/13.3.1/../../../../arm-none-eabi/lib/thumb/v7e-m+fp/hard\libc_nano.a(libc_a-memchr.o)
                0x080001d0                memchr
 .text          0x08000270      0x378 D:/E/1subject/HK4/VXL_VDK/doan/STM32CubeIDE_1.18.0/STM32CubeIDE/plugins/com.st.stm32cube.ide.mcu.externaltools.gnu-tools-for-stm32.13.3.rel1.win32_1.0.100.202509120712/tools/bin/../lib/gcc/arm-none-eabi/13.3.1/thumb/v7e-m+fp/hard\libgcc.a(_arm_addsubdf3.o)
                0x08000270                __aeabi_drsub
                0x08000278                __aeabi_dsub
                0x08000278                __subdf3
                0x0800027c                __aeabi_dadd
                0x0800027c                __adddf3
                0x080004f4                __floatunsidf
                0x080004f4                __aeabi_ui2d
                0x08000514                __floatsidf
                0x08000514                __aeabi_i2d
                0x08000538                __aeabi_f2d
                0x08000538                __extendsfdf2
                0x0800057c                __floatundidf
                0x0800057c                __aeabi_ul2d
                0x0800058c                __floatdidf
                0x0800058c                __aeabi_l2d
 .text          0x080005e8      0x424 D:/E/1subject/HK4/VXL_VDK/doan/STM32CubeIDE_1.18.0/STM32CubeIDE/plugins/com.st.stm32cube.ide.mcu.externaltools.gnu-tools-for-stm32.13.3.rel1.win32_1.0.100.202509120712/tools/bin/../lib/gcc/arm-none-eabi/13.3.1/thumb/v7e-m+fp/hard\libgcc.a(_arm_muldivdf3.o)
                0x080005e8                __aeabi_dmul
                0x080005e8                __muldf3
                0x0800083c                __divdf3
                0x0800083c                __aeabi_ddiv
 .text          0x08000a0c      0x110 D:/E/1subject/HK4/VXL_VDK/doan/STM32CubeIDE_1.18.0/STM32CubeIDE/plugins/com.st.stm32cube.ide.mcu.externaltools.gnu-tools-for-stm32.13.3.rel1.win32_1.0.100.202509120712/tools/bin/../lib/gcc/arm-none-eabi/13.3.1/thumb/v7e-m+fp/hard\libgcc.a(_arm_cmpdf2.o)
                0x08000a0c                __gtdf2
                0x08000a0c                __gedf2
                0x08000a14                __ltdf2
                0x08000a14                __ledf2
                0x08000a1c                __nedf2
                0x08000a1c                __eqdf2
                0x08000a1c                __cmpdf2
                0x08000a98                __aeabi_cdrcmple
                0x08000aa8                __aeabi_cdcmpeq
                0x08000aa8                __aeabi_cdcmple
                0x08000ab8                __aeabi_dcmpeq
                0x08000acc                __aeabi_dcmplt
                0x08000ae0                __aeabi_dcmple
                0x08000af4                __aeabi_dcmpge
                0x08000b08                __aeabi_dcmpgt
 .text          0x08000b1c       0x50 D:/E/1subject/HK4/VXL_VDK/doan/STM32CubeIDE_1.18.0/STM32CubeIDE/plugins/com.st.stm32cube.ide.mcu.externaltools.gnu-tools-for-stm32.13.3.rel1.win32_1.0.100.202509120712/tools/bin/../lib/gcc/arm-none-eabi/13.3.1/thumb/v7e-m+fp/hard\libgcc.a(_arm_fixdfsi.o)
                0x08000b1c                __aeabi_d2iz
                0x08000b1c                __fixdfsi
 .text          0x08000b6c       0x40 D:/E/1subject/HK4/VXL_VDK/doan/STM32CubeIDE_1.18.0/STM32CubeIDE/plugins/com.st.stm32cube.ide.mcu.externaltools.gnu-tools-for-stm32.13.3.rel1.win32_1.0.100.202509120712/tools/bin/../lib/gcc/arm-none-eabi/13.3.1/thumb/v7e-m+fp/hard\libgcc.a(_arm_fixunsdfsi.o)
                0x08000b6c                __aeabi_d2uiz
                0x08000b6c                __fixunsdfsi
 .text          0x08000bac       0xa0 D:/E/1subject/HK4/VXL_VDK/doan/STM32CubeIDE_1.18.0/STM32CubeIDE/plugins/com.st.stm32cube.ide.mcu.externaltools.gnu-tools-for-stm32.13.3.rel1.win32_1.0.100.202509120712/tools/bin/../lib/gcc/arm-none-eabi/13.3.1/thumb/v7e-m+fp/hard\libgcc.a(_arm_truncdfsf2.o)
                0x08000bac                __truncdfsf2
                0x08000bac                __aeabi_d2f
 .text          0x08000c4c       0x30 D:/E/1subject/HK4/VXL_VDK/doan/STM32CubeIDE_1.18.0/STM32CubeIDE/plugins/com.st.stm32cube.ide.mcu.externaltools.gnu-tools-for-stm32.13.3.rel1.win32_1.0.100.202509120712/tools/bin/../lib/gcc/arm-none-eabi/13.3.1/thumb/v7e-m+fp/hard\libgcc.a(_aeabi_uldivmod.o)
                0x08000c4c                __aeabi_uldivmod
 .text          0x08000c7c      0x2f8 D:/E/1subject/HK4/VXL_VDK/doan/STM32CubeIDE_1.18.0/STM32CubeIDE/plugins/com.st.stm32cube.ide.mcu.externaltools.gnu-tools-for-stm32.13.3.rel1.win32_1.0.100.202509120712/tools/bin/../lib/gcc/arm-none-eabi/13.3.1/thumb/v7e-m+fp/hard\libgcc.a(_udivmoddi4.o)
                0x08000c7c                __udivmoddi4
 .text          0x08000f74        0x4 D:/E/1subject/HK4/VXL_VDK/doan/STM32CubeIDE_1.18.0/STM32CubeIDE/plugins/com.st.stm32cube.ide.mcu.externaltools.gnu-tools-for-stm32.13.3.rel1.win32_1.0.100.202509120712/tools/bin/../lib/gcc/arm-none-eabi/13.3.1/thumb/v7e-m+fp/hard\libgcc.a(_dvmd_tls.o)
                0x08000f74                __aeabi_idiv0
                0x08000f74                __aeabi_ldiv0
 *(.text*)
 .text.__NVIC_SystemReset
                0x08000f78       0x2c ./Core/Src/main.o
 .text.spi_update
                0x08000fa4       0x1c ./Core/Src/main.o
                0x08000fa4                spi_update
 .text.spi_set_led
                0x08000fc0       0x6c ./Core/Src/main.o
                0x08000fc0                spi_set_led
 .text.spi_init_buffer
                0x0800102c       0x78 ./Core/Src/main.o
                0x0800102c                spi_init_buffer
 .text.usart_set_led
                0x080010a4       0x6c ./Core/Src/main.o
                0x080010a4                usart_set_led
 .text.usart_update
                0x08001110       0x28 ./Core/Src/main.o
                0x08001110                usart_update
 .text.usart_init_buffer
                0x08001138       0x78 ./Core/Src/main.o
                0x08001138                usart_init_buffer
 .text.update_all_strips
                0x080011b0       0x10 ./Core/Src/main.o
                0x080011b0                update_all_strips
 .text.set_strip_color
                0x080011c0       0x52 ./Core/Src/main.o
                0x080011c0                set_strip_color
 *fill*         0x08001212        0x2 
 .text.hsv_to_rgb
                0x08001214      0x190 ./Core/Src/main.o
                0x08001214                hsv_to_rgb
 .text.effect_clear
                0x080013a4       0x3c ./Core/Src/main.o
                0x080013a4                effect_clear
 .text.effect_breathing
                0x080013e0      0x138 ./Core/Src/main.o
                0x080013e0                effect_breathing
 .text.effect_vu_meter_smart
                0x08001518      0x10c ./Core/Src/main.o
                0x08001518                effect_vu_meter_smart
 *fill*         0x08001624        0x4 
 .text.effect_freq_color
                0x08001628      0x11c ./Core/Src/main.o
                0x08001628                effect_freq_color
 .text.effect_rainbow_pulse
                0x08001744       0xcc ./Core/Src/main.o
                0x08001744                effect_rainbow_pulse
 .text.effect_music_rain
                0x08001810      0x170 ./Core/Src/main.o
                0x08001810                effect_music_rain
 .text.effect_fire
                0x08001980      0x1dc ./Core/Src/main.o
                0x08001980                effect_fire
 *fill*         0x08001b5c        0x4 
 .text.effect_center_pulse
                0x08001b60      0x104 ./Core/Src/main.o
                0x08001b60                effect_center_pulse
 .text.led_effects_manager
                0x08001c64      0x208 ./Core/Src/main.o
                0x08001c64                led_effects_manager
 .text.led_init
                0x08001e6c       0x14 ./Core/Src/main.o
                0x08001e6c                led_init
 .text.audio_init
                0x08001e80       0x34 ./Core/Src/main.o
                0x08001e80                audio_init
 .text.process_audio_data
                0x08001eb4      0x1fc ./Core/Src/main.o
                0x08001eb4                process_audio_data
 .text.HAL_ADC_ConvCpltCallback
                0x080020b0       0x34 ./Core/Src/main.o
                0x080020b0                HAL_ADC_ConvCpltCallback
 .text.check_system_reset_cause
                0x080020e4       0x50 ./Core/Src/main.o
                0x080020e4                check_system_reset_cause
 .text.button_scan
                0x08002134      0x140 ./Core/Src/main.o
                0x08002134                button_scan
 .text.bluetooth_init
                0x08002274       0x1c ./Core/Src/main.o
                0x08002274                bluetooth_init
 .text.bluetooth_check_connection
                0x08002290       0x34 ./Core/Src/main.o
                0x08002290                bluetooth_check_connection
 .text.HAL_UART_RxCpltCallback
                0x080022c4       0xb4 ./Core/Src/main.o
                0x080022c4                HAL_UART_RxCpltCallback
 .text.knob_init
                0x08002378       0x24 ./Core/Src/main.o
                0x08002378                knob_init
 .text.brightness_update
                0x0800239c       0x38 ./Core/Src/main.o
                0x0800239c                brightness_update
 .text.main     0x080023d4       0xd8 ./Core/Src/main.o
                0x080023d4                main
 .text.SystemClock_Config
                0x080024ac       0xd4 ./Core/Src/main.o
                0x080024ac                SystemClock_Config
 .text.MX_ADC1_Init
                0x08002580       0xa4 ./Core/Src/main.o
 .text.MX_ADC2_Init
                0x08002624       0xa4 ./Core/Src/main.o
 .text.MX_SPI3_Init
                0x080026c8       0x6c ./Core/Src/main.o
 .text.MX_TIM2_Init
                0x08002734       0x98 ./Core/Src/main.o
 .text.MX_TIM3_Init
                0x080027cc       0x9c ./Core/Src/main.o
 .text.MX_USART2_UART_Init
                0x08002868       0x54 ./Core/Src/main.o
 .text.MX_USART6_Init
                0x080028bc       0x5c ./Core/Src/main.o
 .text.MX_DMA_Init
                0x08002918       0x8c ./Core/Src/main.o
 .text.MX_GPIO_Init
                0x080029a4      0x114 ./Core/Src/main.o
 .text.HAL_SPI_TxCpltCallback
                0x08002ab8       0x14 ./Core/Src/main.o
                0x08002ab8                HAL_SPI_TxCpltCallback
 .text.Error_Handler
                0x08002acc        0xc ./Core/Src/main.o
                0x08002acc                Error_Handler
 .text.HAL_MspInit
                0x08002ad8       0x50 ./Core/Src/stm32f4xx_hal_msp.o
                0x08002ad8                HAL_MspInit
 .text.HAL_ADC_MspInit
                0x08002b28      0x1b8 ./Core/Src/stm32f4xx_hal_msp.o
                0x08002b28                HAL_ADC_MspInit
 .text.HAL_SPI_MspInit
                0x08002ce0      0x144 ./Core/Src/stm32f4xx_hal_msp.o
                0x08002ce0                HAL_SPI_MspInit
 .text.HAL_TIM_Base_MspInit
                0x08002e24       0x6c ./Core/Src/stm32f4xx_hal_msp.o
                0x08002e24                HAL_TIM_Base_MspInit
 .text.HAL_UART_MspInit
                0x08002e90       0xa0 ./Core/Src/stm32f4xx_hal_msp.o
                0x08002e90                HAL_UART_MspInit
 .text.HAL_USART_MspInit
                0x08002f30      0x104 ./Core/Src/stm32f4xx_hal_msp.o
                0x08002f30                HAL_USART_MspInit
 .text.NMI_Handler
                0x08003034        0x8 ./Core/Src/stm32f4xx_it.o
                0x08003034                NMI_Handler
 .text.HardFault_Handler
                0x0800303c        0x8 ./Core/Src/stm32f4xx_it.o
                0x0800303c                HardFault_Handler
 .text.MemManage_Handler
                0x08003044        0x8 ./Core/Src/stm32f4xx_it.o
                0x08003044                MemManage_Handler
 .text.BusFault_Handler
                0x0800304c        0x8 ./Core/Src/stm32f4xx_it.o
                0x0800304c                BusFault_Handler
 .text.UsageFault_Handler
                0x08003054        0x8 ./Core/Src/stm32f4xx_it.o
                0x08003054                UsageFault_Handler
 .text.SVC_Handler
                0x0800305c        0xe ./Core/Src/stm32f4xx_it.o
                0x0800305c                SVC_Handler
 .text.DebugMon_Handler
                0x0800306a        0xe ./Core/Src/stm32f4xx_it.o
                0x0800306a                DebugMon_Handler
 .text.PendSV_Handler
                0x08003078        0xe ./Core/Src/stm32f4xx_it.o
                0x08003078                PendSV_Handler
 .text.SysTick_Handler
                0x08003086        0xc ./Core/Src/stm32f4xx_it.o
                0x08003086                SysTick_Handler
 *fill*         0x08003092        0x2 
 .text.DMA1_Stream5_IRQHandler
                0x08003094       0x14 ./Core/Src/stm32f4xx_it.o
                0x08003094                DMA1_Stream5_IRQHandler
 .text.USART2_IRQHandler
                0x080030a8       0x14 ./Core/Src/stm32f4xx_it.o
                0x080030a8                USART2_IRQHandler
 .text.SPI3_IRQHandler
                0x080030bc       0x14 ./Core/Src/stm32f4xx_it.o
                0x080030bc                SPI3_IRQHandler
 .text.DMA2_Stream0_IRQHandler
                0x080030d0       0x14 ./Core/Src/stm32f4xx_it.o
                0x080030d0                DMA2_Stream0_IRQHandler
 .text.DMA2_Stream2_IRQHandler
                0x080030e4       0x14 ./Core/Src/stm32f4xx_it.o
                0x080030e4                DMA2_Stream2_IRQHandler
 .text.DMA2_Stream6_IRQHandler
                0x080030f8       0x14 ./Core/Src/stm32f4xx_it.o
                0x080030f8                DMA2_Stream6_IRQHandler
 .text.USART6_IRQHandler
                0x0800310c       0x14 ./Core/Src/stm32f4xx_it.o
                0x0800310c                USART6_IRQHandler
 .text._getpid  0x08003120       0x10 ./Core/Src/syscalls.o
                0x08003120                _getpid
 .text._kill    0x08003130       0x20 ./Core/Src/syscalls.o
                0x08003130                _kill
 .text._exit    0x08003150       0x16 ./Core/Src/syscalls.o
                0x08003150                _exit
 .text._read    0x08003166       0x3a ./Core/Src/syscalls.o
                0x08003166                _read
 .text._write   0x080031a0       0x38 ./Core/Src/syscalls.o
                0x080031a0                _write
 .text._close   0x080031d8       0x18 ./Core/Src/syscalls.o
                0x080031d8                _close
 .text._fstat   0x080031f0       0x20 ./Core/Src/syscalls.o
                0x080031f0                _fstat
 .text._isatty  0x08003210       0x16 ./Core/Src/syscalls.o
                0x08003210                _isatty
 .text._lseek   0x08003226       0x1a ./Core/Src/syscalls.o
                0x08003226                _lseek
 .text._sbrk    0x08003240       0x6c ./Core/Src/sysmem.o
                0x08003240                _sbrk
 .text.SystemInit
                0x080032ac       0x24 ./Core/Src/system_stm32f4xx.o
                0x080032ac                SystemInit
 .text.Reset_Handler
                0x080032d0       0x50 ./Core/Startup/startup_stm32f407vetx.o
                0x080032d0                Reset_Handler
 .text.Default_Handler
                0x08003320        0x2 ./Core/Startup/startup_stm32f407vetx.o
                0x08003320                RTC_Alarm_IRQHandler
                0x08003320                HASH_RNG_IRQHandler
                0x08003320                EXTI2_IRQHandler
                0x08003320                TIM8_CC_IRQHandler
                0x08003320                TIM1_CC_IRQHandler
                0x08003320                DMA2_Stream5_IRQHandler
                0x08003320                PVD_IRQHandler
                0x08003320                SDIO_IRQHandler
                0x08003320                TAMP_STAMP_IRQHandler
                0x08003320                CAN2_RX1_IRQHandler
                0x08003320                EXTI3_IRQHandler
                0x08003320                TIM8_TRG_COM_TIM14_IRQHandler
                0x08003320                TIM1_UP_TIM10_IRQHandler
                0x08003320                TIM8_UP_TIM13_IRQHandler
                0x08003320                I2C3_ER_IRQHandler
                0x08003320                EXTI0_IRQHandler
                0x08003320                I2C2_EV_IRQHandler
                0x08003320                DMA1_Stream2_IRQHandler
                0x08003320                CAN1_RX0_IRQHandler
                0x08003320                FPU_IRQHandler
                0x08003320                OTG_HS_WKUP_IRQHandler
                0x08003320                CAN2_SCE_IRQHandler
                0x08003320                SPI1_IRQHandler
                0x08003320                TIM6_DAC_IRQHandler
                0x08003320                TIM1_BRK_TIM9_IRQHandler
                0x08003320                DCMI_IRQHandler
                0x08003320                CAN2_RX0_IRQHandler
                0x08003320                DMA2_Stream3_IRQHandler
                0x08003320                USART3_IRQHandler
                0x08003320                CAN1_RX1_IRQHandler
                0x08003320                UART5_IRQHandler
                0x08003320                TIM4_IRQHandler
                0x08003320                I2C1_EV_IRQHandler
                0x08003320                DMA1_Stream6_IRQHandler
                0x08003320                DMA1_Stream1_IRQHandler
                0x08003320                UART4_IRQHandler
                0x08003320                TIM3_IRQHandler
                0x08003320                RCC_IRQHandler
                0x08003320                TIM8_BRK_TIM12_IRQHandler
                0x08003320                Default_Handler
                0x08003320                EXTI15_10_IRQHandler
                0x08003320                ADC_IRQHandler
                0x08003320                DMA1_Stream7_IRQHandler
                0x08003320                TIM7_IRQHandler
                0x08003320                CAN2_TX_IRQHandler
                0x08003320                TIM5_IRQHandler
                0x08003320                DMA2_Stream7_IRQHandler
                0x08003320                I2C3_EV_IRQHandler
                0x08003320                EXTI9_5_IRQHandler
                0x08003320                RTC_WKUP_IRQHandler
                0x08003320                ETH_WKUP_IRQHandler
                0x08003320                SPI2_IRQHandler
                0x08003320                OTG_HS_EP1_IN_IRQHandler
                0x08003320                DMA1_Stream0_IRQHandler
                0x08003320                CAN1_TX_IRQHandler
                0x08003320                EXTI4_IRQHandler
                0x08003320                FSMC_IRQHandler
                0x08003320                ETH_IRQHandler
                0x08003320                OTG_HS_EP1_OUT_IRQHandler
                0x08003320                WWDG_IRQHandler
                0x08003320                TIM2_IRQHandler
                0x08003320                OTG_FS_WKUP_IRQHandler
                0x08003320                TIM1_TRG_COM_TIM11_IRQHandler
                0x08003320                OTG_HS_IRQHandler
                0x08003320                EXTI1_IRQHandler
                0x08003320                I2C2_ER_IRQHandler
                0x08003320                DMA2_Stream1_IRQHandler
                0x08003320                CAN1_SCE_IRQHandler
                0x08003320                FLASH_IRQHandler
                0x08003320                DMA2_Stream4_IRQHandler
                0x08003320                USART1_IRQHandler
                0x08003320                OTG_FS_IRQHandler
                0x08003320                DMA1_Stream4_IRQHandler
                0x08003320                I2C1_ER_IRQHandler
                0x08003320                DMA1_Stream3_IRQHandler
 *fill*         0x08003322        0x2 
 .text.HAL_Init
                0x08003324       0x44 ./Drivers/STM32F4xx_HAL_Driver/Src/stm32f4xx_hal.o
                0x08003324                HAL_Init
 .text.HAL_InitTick
                0x08003368       0x60 ./Drivers/STM32F4xx_HAL_Driver/Src/stm32f4xx_hal.o
                0x08003368                HAL_InitTick
 .text.HAL_IncTick
                0x080033c8       0x28 ./Drivers/STM32F4xx_HAL_Driver/Src/stm32f4xx_hal.o
                0x080033c8                HAL_IncTick
 .text.HAL_GetTick
                0x080033f0       0x18 ./Drivers/STM32F4xx_HAL_Driver/Src/stm32f4xx_hal.o
                0x080033f0                HAL_GetTick
 .text.HAL_Delay
                0x08003408       0x48 ./Drivers/STM32F4xx_HAL_Driver/Src/stm32f4xx_hal.o
                0x08003408                HAL_Delay
 .text.HAL_ADC_Init
                0x08003450       0x86 ./Drivers/STM32F4xx_HAL_Driver/Src/stm32f4xx_hal_adc.o
                0x08003450                HAL_ADC_Init
 *fill*         0x080034d6        0x2 
 .text.HAL_ADC_Start_DMA
                0x080034d8      0x228 ./Drivers/STM32F4xx_HAL_Driver/Src/stm32f4xx_hal_adc.o
                0x080034d8                HAL_ADC_Start_DMA
 .text.HAL_ADC_Stop_DMA
                0x08003700       0xb4 ./Drivers/STM32F4xx_HAL_Driver/Src/stm32f4xx_hal_adc.o
                0x08003700                HAL_ADC_Stop_DMA
 .text.HAL_ADC_ConvHalfCpltCallback
                0x080037b4       0x14 ./Drivers/STM32F4xx_HAL_Driver/Src/stm32f4xx_hal_adc.o
                0x080037b4                HAL_ADC_ConvHalfCpltCallback
 .text.HAL_ADC_ErrorCallback
                0x080037c8       0x14 ./Drivers/STM32F4xx_HAL_Driver/Src/stm32f4xx_hal_adc.o
                0x080037c8                HAL_ADC_ErrorCallback
 .text.HAL_ADC_ConfigChannel
                0x080037dc      0x244 ./Drivers/STM32F4xx_HAL_Driver/Src/stm32f4xx_hal_adc.o
                0x080037dc                HAL_ADC_ConfigChannel
 .text.ADC_Init
                0x08003a20      0x1f8 ./Drivers/STM32F4xx_HAL_Driver/Src/stm32f4xx_hal_adc.o
 .text.ADC_DMAConvCplt
                0x08003c18       0xba ./Drivers/STM32F4xx_HAL_Driver/Src/stm32f4xx_hal_adc.o
 .text.ADC_DMAHalfConvCplt
                0x08003cd2       0x1c ./Drivers/STM32F4xx_HAL_Driver/Src/stm32f4xx_hal_adc.o
 .text.ADC_DMAError
                0x08003cee       0x2e ./Drivers/STM32F4xx_HAL_Driver/Src/stm32f4xx_hal_adc.o
 .text.__NVIC_SetPriorityGrouping
                0x08003d1c       0x48 ./Drivers/STM32F4xx_HAL_Driver/Src/stm32f4xx_hal_cortex.o
 .text.__NVIC_GetPriorityGrouping
                0x08003d64       0x1c ./Drivers/STM32F4xx_HAL_Driver/Src/stm32f4xx_hal_cortex.o
 .text.__NVIC_EnableIRQ
                0x08003d80       0x3c ./Drivers/STM32F4xx_HAL_Driver/Src/stm32f4xx_hal_cortex.o
 .text.__NVIC_SetPriority
                0x08003dbc       0x54 ./Drivers/STM32F4xx_HAL_Driver/Src/stm32f4xx_hal_cortex.o
 .text.NVIC_EncodePriority
                0x08003e10       0x66 ./Drivers/STM32F4xx_HAL_Driver/Src/stm32f4xx_hal_cortex.o
 *fill*         0x08003e76        0x2 
 .text.SysTick_Config
                0x08003e78       0x44 ./Drivers/STM32F4xx_HAL_Driver/Src/stm32f4xx_hal_cortex.o
 .text.HAL_NVIC_SetPriorityGrouping
                0x08003ebc       0x16 ./Drivers/STM32F4xx_HAL_Driver/Src/stm32f4xx_hal_cortex.o
                0x08003ebc                HAL_NVIC_SetPriorityGrouping
 .text.HAL_NVIC_SetPriority
                0x08003ed2       0x38 ./Drivers/STM32F4xx_HAL_Driver/Src/stm32f4xx_hal_cortex.o
                0x08003ed2                HAL_NVIC_SetPriority
 .text.HAL_NVIC_EnableIRQ
                0x08003f0a       0x1c ./Drivers/STM32F4xx_HAL_Driver/Src/stm32f4xx_hal_cortex.o
                0x08003f0a                HAL_NVIC_EnableIRQ
 .text.HAL_SYSTICK_Config
                0x08003f26       0x18 ./Drivers/STM32F4xx_HAL_Driver/Src/stm32f4xx_hal_cortex.o
                0x08003f26                HAL_SYSTICK_Config
 *fill*         0x08003f3e        0x2 
 .text.HAL_DMA_Init
                0x08003f40      0x15c ./Drivers/STM32F4xx_HAL_Driver/Src/stm32f4xx_hal_dma.o
                0x08003f40                HAL_DMA_Init
 .text.HAL_DMA_Start_IT
                0x0800409c       0xb0 ./Drivers/STM32F4xx_HAL_Driver/Src/stm32f4xx_hal_dma.o
                0x0800409c                HAL_DMA_Start_IT
 .text.HAL_DMA_Abort
                0x0800414c       0xe0 ./Drivers/STM32F4xx_HAL_Driver/Src/stm32f4xx_hal_dma.o
                0x0800414c                HAL_DMA_Abort
 .text.HAL_DMA_Abort_IT
                0x0800422c       0x44 ./Drivers/STM32F4xx_HAL_Driver/Src/stm32f4xx_hal_dma.o
                0x0800422c                HAL_DMA_Abort_IT
 .text.HAL_DMA_IRQHandler
                0x08004270      0x314 ./Drivers/STM32F4xx_HAL_Driver/Src/stm32f4xx_hal_dma.o
                0x08004270                HAL_DMA_IRQHandler
 .text.DMA_SetConfig
                0x08004584       0x5c ./Drivers/STM32F4xx_HAL_Driver/Src/stm32f4xx_hal_dma.o
 .text.DMA_CalcBaseAndBitshift
                0x080045e0       0x6c ./Drivers/STM32F4xx_HAL_Driver/Src/stm32f4xx_hal_dma.o
 .text.DMA_CheckFifoParam
                0x0800464c       0xf8 ./Drivers/STM32F4xx_HAL_Driver/Src/stm32f4xx_hal_dma.o
 .text.HAL_GPIO_Init
                0x08004744      0x338 ./Drivers/STM32F4xx_HAL_Driver/Src/stm32f4xx_hal_gpio.o
                0x08004744                HAL_GPIO_Init
 .text.HAL_GPIO_ReadPin
                0x08004a7c       0x30 ./Drivers/STM32F4xx_HAL_Driver/Src/stm32f4xx_hal_gpio.o
                0x08004a7c                HAL_GPIO_ReadPin
 .text.HAL_GPIO_WritePin
                0x08004aac       0x32 ./Drivers/STM32F4xx_HAL_Driver/Src/stm32f4xx_hal_gpio.o
                0x08004aac                HAL_GPIO_WritePin
 *fill*         0x08004ade        0x2 
 .text.HAL_RCC_OscConfig
                0x08004ae0      0x4f0 ./Drivers/STM32F4xx_HAL_Driver/Src/stm32f4xx_hal_rcc.o
                0x08004ae0                HAL_RCC_OscConfig
 .text.HAL_RCC_ClockConfig
                0x08004fd0      0x1cc ./Drivers/STM32F4xx_HAL_Driver/Src/stm32f4xx_hal_rcc.o
                0x08004fd0                HAL_RCC_ClockConfig
 .text.HAL_RCC_GetSysClockFreq
                0x0800519c      0x18c ./Drivers/STM32F4xx_HAL_Driver/Src/stm32f4xx_hal_rcc.o
                0x0800519c                HAL_RCC_GetSysClockFreq
 .text.HAL_RCC_GetHCLKFreq
                0x08005328       0x18 ./Drivers/STM32F4xx_HAL_Driver/Src/stm32f4xx_hal_rcc.o
                0x08005328                HAL_RCC_GetHCLKFreq
 .text.HAL_RCC_GetPCLK1Freq
                0x08005340       0x28 ./Drivers/STM32F4xx_HAL_Driver/Src/stm32f4xx_hal_rcc.o
                0x08005340                HAL_RCC_GetPCLK1Freq
 .text.HAL_RCC_GetPCLK2Freq
                0x08005368       0x28 ./Drivers/STM32F4xx_HAL_Driver/Src/stm32f4xx_hal_rcc.o
                0x08005368                HAL_RCC_GetPCLK2Freq
 .text.HAL_SPI_Init
                0x08005390      0x112 ./Drivers/STM32F4xx_HAL_Driver/Src/stm32f4xx_hal_spi.o
                0x08005390                HAL_SPI_Init
 *fill*         0x080054a2        0x2 
 .text.HAL_SPI_Transmit_DMA
                0x080054a4      0x164 ./Drivers/STM32F4xx_HAL_Driver/Src/stm32f4xx_hal_spi.o
                0x080054a4                HAL_SPI_Transmit_DMA
 .text.HAL_SPI_IRQHandler
                0x08005608      0x200 ./Drivers/STM32F4xx_HAL_Driver/Src/stm32f4xx_hal_spi.o
                0x08005608                HAL_SPI_IRQHandler
 .text.HAL_SPI_TxHalfCpltCallback
                0x08005808       0x14 ./Drivers/STM32F4xx_HAL_Driver/Src/stm32f4xx_hal_spi.o
                0x08005808                HAL_SPI_TxHalfCpltCallback
 .text.HAL_SPI_ErrorCallback
                0x0800581c       0x14 ./Drivers/STM32F4xx_HAL_Driver/Src/stm32f4xx_hal_spi.o
                0x0800581c                HAL_SPI_ErrorCallback
 .text.SPI_DMATransmitCplt
                0x08005830       0xa8 ./Drivers/STM32F4xx_HAL_Driver/Src/stm32f4xx_hal_spi.o
 .text.SPI_DMAHalfTransmitCplt
                0x080058d8       0x1c ./Drivers/STM32F4xx_HAL_Driver/Src/stm32f4xx_hal_spi.o
 .text.SPI_DMAError
                0x080058f4       0x40 ./Drivers/STM32F4xx_HAL_Driver/Src/stm32f4xx_hal_spi.o
 .text.SPI_DMAAbortOnError
                0x08005934       0x28 ./Drivers/STM32F4xx_HAL_Driver/Src/stm32f4xx_hal_spi.o
 .text.SPI_WaitFlagStateUntilTimeout
                0x0800595c      0x110 ./Drivers/STM32F4xx_HAL_Driver/Src/stm32f4xx_hal_spi.o
 .text.SPI_EndRxTxTransaction
                0x08005a6c       0xa8 ./Drivers/STM32F4xx_HAL_Driver/Src/stm32f4xx_hal_spi.o
 .text.HAL_TIM_Base_Init
                0x08005b14       0x9e ./Drivers/STM32F4xx_HAL_Driver/Src/stm32f4xx_hal_tim.o
                0x08005b14                HAL_TIM_Base_Init
 *fill*         0x08005bb2        0x2 
 .text.HAL_TIM_Base_Start
                0x08005bb4       0xd0 ./Drivers/STM32F4xx_HAL_Driver/Src/stm32f4xx_hal_tim.o
                0x08005bb4                HAL_TIM_Base_Start
 .text.HAL_TIM_ConfigClockSource
                0x08005c84      0x18e ./Drivers/STM32F4xx_HAL_Driver/Src/stm32f4xx_hal_tim.o
                0x08005c84                HAL_TIM_ConfigClockSource
 *fill*         0x08005e12        0x2 
 .text.TIM_Base_SetConfig
                0x08005e14      0x14c ./Drivers/STM32F4xx_HAL_Driver/Src/stm32f4xx_hal_tim.o
                0x08005e14                TIM_Base_SetConfig
 .text.TIM_TI1_ConfigInputStage
                0x08005f60       0x5e ./Drivers/STM32F4xx_HAL_Driver/Src/stm32f4xx_hal_tim.o
 .text.TIM_TI2_ConfigInputStage
                0x08005fbe       0x60 ./Drivers/STM32F4xx_HAL_Driver/Src/stm32f4xx_hal_tim.o
 .text.TIM_ITRx_SetConfig
                0x0800601e       0x36 ./Drivers/STM32F4xx_HAL_Driver/Src/stm32f4xx_hal_tim.o
 .text.TIM_ETR_SetConfig
                0x08006054       0x40 ./Drivers/STM32F4xx_HAL_Driver/Src/stm32f4xx_hal_tim.o
                0x08006054                TIM_ETR_SetConfig
 .text.HAL_TIMEx_MasterConfigSynchronization
                0x08006094       0xf8 ./Drivers/STM32F4xx_HAL_Driver/Src/stm32f4xx_hal_tim_ex.o
                0x08006094                HAL_TIMEx_MasterConfigSynchronization
 .text.HAL_UART_Init
                0x0800618c       0xa0 ./Drivers/STM32F4xx_HAL_Driver/Src/stm32f4xx_hal_uart.o
                0x0800618c                HAL_UART_Init
 .text.HAL_UART_Transmit
                0x0800622c      0x116 ./Drivers/STM32F4xx_HAL_Driver/Src/stm32f4xx_hal_uart.o
                0x0800622c                HAL_UART_Transmit
 .text.HAL_UART_Receive_IT
                0x08006342       0x4a ./Drivers/STM32F4xx_HAL_Driver/Src/stm32f4xx_hal_uart.o
                0x08006342                HAL_UART_Receive_IT
 .text.HAL_UART_IRQHandler
                0x0800638c      0x554 ./Drivers/STM32F4xx_HAL_Driver/Src/stm32f4xx_hal_uart.o
                0x0800638c                HAL_UART_IRQHandler
 .text.HAL_UART_TxCpltCallback
                0x080068e0       0x14 ./Drivers/STM32F4xx_HAL_Driver/Src/stm32f4xx_hal_uart.o
                0x080068e0                HAL_UART_TxCpltCallback
 .text.HAL_UART_ErrorCallback
                0x080068f4       0x14 ./Drivers/STM32F4xx_HAL_Driver/Src/stm32f4xx_hal_uart.o
                0x080068f4                HAL_UART_ErrorCallback
 .text.HAL_UARTEx_RxEventCallback
                0x08006908       0x18 ./Drivers/STM32F4xx_HAL_Driver/Src/stm32f4xx_hal_uart.o
                0x08006908                HAL_UARTEx_RxEventCallback
 .text.UART_WaitOnFlagUntilTimeout
                0x08006920       0xb2 ./Drivers/STM32F4xx_HAL_Driver/Src/stm32f4xx_hal_uart.o
 .text.UART_Start_Receive_IT
                0x080069d2       0x74 ./Drivers/STM32F4xx_HAL_Driver/Src/stm32f4xx_hal_uart.o
                0x080069d2                UART_Start_Receive_IT
 .text.UART_EndRxTransfer
                0x08006a46       0xc6 ./Drivers/STM32F4xx_HAL_Driver/Src/stm32f4xx_hal_uart.o
 .text.UART_DMAAbortOnError
                0x08006b0c       0x22 ./Drivers/STM32F4xx_HAL_Driver/Src/stm32f4xx_hal_uart.o
 .text.UART_Transmit_IT
                0x08006b2e       0xa0 ./Drivers/STM32F4xx_HAL_Driver/Src/stm32f4xx_hal_uart.o
 .text.UART_EndTransmit_IT
                0x08006bce       0x30 ./Drivers/STM32F4xx_HAL_Driver/Src/stm32f4xx_hal_uart.o
 .text.UART_Receive_IT
                0x08006bfe      0x17c ./Drivers/STM32F4xx_HAL_Driver/Src/stm32f4xx_hal_uart.o
 *fill*         0x08006d7a        0x2 
 .text.UART_SetConfig
                0x08006d7c      0x4e8 ./Drivers/STM32F4xx_HAL_Driver/Src/stm32f4xx_hal_uart.o
 .text.HAL_USART_Init
                0x08007264       0x82 ./Drivers/STM32F4xx_HAL_Driver/Src/stm32f4xx_hal_usart.o
                0x08007264                HAL_USART_Init
 *fill*         0x080072e6        0x2 
 .text.HAL_USART_Transmit_DMA
                0x080072e8      0x100 ./Drivers/STM32F4xx_HAL_Driver/Src/stm32f4xx_hal_usart.o
                0x080072e8                HAL_USART_Transmit_DMA
 .text.HAL_USART_IRQHandler
                0x080073e8      0x23c ./Drivers/STM32F4xx_HAL_Driver/Src/stm32f4xx_hal_usart.o
                0x080073e8                HAL_USART_IRQHandler
 .text.HAL_USART_TxCpltCallback
                0x08007624       0x14 ./Drivers/STM32F4xx_HAL_Driver/Src/stm32f4xx_hal_usart.o
                0x08007624                HAL_USART_TxCpltCallback
 .text.HAL_USART_TxHalfCpltCallback
                0x08007638       0x14 ./Drivers/STM32F4xx_HAL_Driver/Src/stm32f4xx_hal_usart.o
                0x08007638                HAL_USART_TxHalfCpltCallback
 .text.HAL_USART_RxCpltCallback
                0x0800764c       0x14 ./Drivers/STM32F4xx_HAL_Driver/Src/stm32f4xx_hal_usart.o
                0x0800764c                HAL_USART_RxCpltCallback
 .text.HAL_USART_TxRxCpltCallback
                0x08007660       0x14 ./Drivers/STM32F4xx_HAL_Driver/Src/stm32f4xx_hal_usart.o
                0x08007660                HAL_USART_TxRxCpltCallback
 .text.HAL_USART_ErrorCallback
                0x08007674       0x14 ./Drivers/STM32F4xx_HAL_Driver/Src/stm32f4xx_hal_usart.o
                0x08007674                HAL_USART_ErrorCallback
 .text.HAL_USART_GetState
                0x08007688       0x1c ./Drivers/STM32F4xx_HAL_Driver/Src/stm32f4xx_hal_usart.o
                0x08007688                HAL_USART_GetState
 .text.USART_DMATransmitCplt
                0x080076a4       0x6a ./Drivers/STM32F4xx_HAL_Driver/Src/stm32f4xx_hal_usart.o
 .text.USART_DMATxHalfCplt
                0x0800770e       0x1c ./Drivers/STM32F4xx_HAL_Driver/Src/stm32f4xx_hal_usart.o
 .text.USART_DMAError
                0x0800772a       0x9c ./Drivers/STM32F4xx_HAL_Driver/Src/stm32f4xx_hal_usart.o
 .text.USART_EndTxTransfer
                0x080077c6       0x2c ./Drivers/STM32F4xx_HAL_Driver/Src/stm32f4xx_hal_usart.o
 .text.USART_EndRxTransfer
                0x080077f2       0x3c ./Drivers/STM32F4xx_HAL_Driver/Src/stm32f4xx_hal_usart.o
 .text.USART_DMAAbortOnError
                0x0800782e       0x28 ./Drivers/STM32F4xx_HAL_Driver/Src/stm32f4xx_hal_usart.o
 .text.USART_Transmit_IT
                0x08007856       0xa0 ./Drivers/STM32F4xx_HAL_Driver/Src/stm32f4xx_hal_usart.o
 .text.USART_EndTransmit_IT
                0x080078f6       0x40 ./Drivers/STM32F4xx_HAL_Driver/Src/stm32f4xx_hal_usart.o
 .text.USART_Receive_IT
                0x08007936      0x10c ./Drivers/STM32F4xx_HAL_Driver/Src/stm32f4xx_hal_usart.o
 .text.USART_TransmitReceive_IT
                0x08007a42      0x19a ./Drivers/STM32F4xx_HAL_Driver/Src/stm32f4xx_hal_usart.o
 .text.USART_SetConfig
                0x08007bdc      0x530 ./Drivers/STM32F4xx_HAL_Driver/Src/stm32f4xx_hal_usart.o
 .text.arm_rfft_32_fast_init_f32
                0x0800810c       0x24 ../Middlewares/ST/ARM/DSP/Lib\libarm_cortexM4lf_math.a(arm_rfft_fast_init_f32.o)
 .text.arm_rfft_64_fast_init_f32
                0x08008130       0x24 ../Middlewares/ST/ARM/DSP/Lib\libarm_cortexM4lf_math.a(arm_rfft_fast_init_f32.o)
 .text.arm_rfft_128_fast_init_f32
                0x08008154       0x24 ../Middlewares/ST/ARM/DSP/Lib\libarm_cortexM4lf_math.a(arm_rfft_fast_init_f32.o)
 .text.arm_rfft_256_fast_init_f32
                0x08008178       0x24 ../Middlewares/ST/ARM/DSP/Lib\libarm_cortexM4lf_math.a(arm_rfft_fast_init_f32.o)
 .text.arm_rfft_512_fast_init_f32
                0x0800819c       0x28 ../Middlewares/ST/ARM/DSP/Lib\libarm_cortexM4lf_math.a(arm_rfft_fast_init_f32.o)
 .text.arm_rfft_1024_fast_init_f32
                0x080081c4       0x28 ../Middlewares/ST/ARM/DSP/Lib\libarm_cortexM4lf_math.a(arm_rfft_fast_init_f32.o)
 .text.arm_rfft_2048_fast_init_f32
                0x080081ec       0x28 ../Middlewares/ST/ARM/DSP/Lib\libarm_cortexM4lf_math.a(arm_rfft_fast_init_f32.o)
 .text.arm_rfft_4096_fast_init_f32
                0x08008214       0x28 ../Middlewares/ST/ARM/DSP/Lib\libarm_cortexM4lf_math.a(arm_rfft_fast_init_f32.o)
 .text.arm_rfft_fast_init_f32
                0x0800823c       0x74 ../Middlewares/ST/ARM/DSP/Lib\libarm_cortexM4lf_math.a(arm_rfft_fast_init_f32.o)
                0x0800823c                arm_rfft_fast_init_f32
 .text.stage_rfft_f32
                0x080082b0       0xb4 ../Middlewares/ST/ARM/DSP/Lib\libarm_cortexM4lf_math.a(arm_rfft_fast_f32.o)
                0x080082b0                stage_rfft_f32
 .text.merge_rfft_f32
                0x08008364       0xac ../Middlewares/ST/ARM/DSP/Lib\libarm_cortexM4lf_math.a(arm_rfft_fast_f32.o)
                0x08008364                merge_rfft_f32
 .text.arm_rfft_fast_f32
                0x08008410       0x38 ../Middlewares/ST/ARM/DSP/Lib\libarm_cortexM4lf_math.a(arm_rfft_fast_f32.o)
                0x08008410                arm_rfft_fast_f32
 .text.arm_cfft_radix8by2_f32
                0x08008448      0x1a4 ../Middlewares/ST/ARM/DSP/Lib\libarm_cortexM4lf_math.a(arm_cfft_f32.o)
                0x08008448                arm_cfft_radix8by2_f32
 .text.arm_cfft_radix8by4_f32
                0x080085ec      0x4ac ../Middlewares/ST/ARM/DSP/Lib\libarm_cortexM4lf_math.a(arm_cfft_f32.o)
                0x080085ec                arm_cfft_radix8by4_f32
 .text.arm_cfft_f32
                0x08008a98       0xf0 ../Middlewares/ST/ARM/DSP/Lib\libarm_cortexM4lf_math.a(arm_cfft_f32.o)
                0x08008a98                arm_cfft_f32
 .text.arm_bitreversal_32
                0x08008b88       0x40 ../Middlewares/ST/ARM/DSP/Lib\libarm_cortexM4lf_math.a(arm_bitreversal2.o)
                0x08008b88                arm_bitreversal_32
 .text.arm_cmplx_mag_f32
                0x08008bc8      0x248 ../Middlewares/ST/ARM/DSP/Lib\libarm_cortexM4lf_math.a(arm_cmplx_mag_f32.o)
                0x08008bc8                arm_cmplx_mag_f32
 .text.arm_cfft_init_f32
                0x08008e10       0xa4 ../Middlewares/ST/ARM/DSP/Lib\libarm_cortexM4lf_math.a(arm_cfft_init_f32.o)
                0x08008e10                arm_cfft_init_f32
 .text.arm_radix8_butterfly_f32
                0x08008eb4      0x598 ../Middlewares/ST/ARM/DSP/Lib\libarm_cortexM4lf_math.a(arm_cfft_radix8_f32.o)
                0x08008eb4                arm_radix8_butterfly_f32
 .text.rand     0x0800944c       0x7c D:/E/1subject/HK4/VXL_VDK/doan/STM32CubeIDE_1.18.0/STM32CubeIDE/plugins/com.st.stm32cube.ide.mcu.externaltools.gnu-tools-for-stm32.13.3.rel1.win32_1.0.100.202509120712/tools/bin/../lib/gcc/arm-none-eabi/13.3.1/../../../../arm-none-eabi/lib/thumb/v7e-m+fp/hard\libc_nano.a(libc_a-rand.o)
                0x0800944c                rand
 .text.std      0x080094c8       0x6c D:/E/1subject/HK4/VXL_VDK/doan/STM32CubeIDE_1.18.0/STM32CubeIDE/plugins/com.st.stm32cube.ide.mcu.externaltools.gnu-tools-for-stm32.13.3.rel1.win32_1.0.100.202509120712/tools/bin/../lib/gcc/arm-none-eabi/13.3.1/../../../../arm-none-eabi/lib/thumb/v7e-m+fp/hard\libc_nano.a(libc_a-findfp.o)
 .text.stdio_exit_handler
                0x08009534       0x18 D:/E/1subject/HK4/VXL_VDK/doan/STM32CubeIDE_1.18.0/STM32CubeIDE/plugins/com.st.stm32cube.ide.mcu.externaltools.gnu-tools-for-stm32.13.3.rel1.win32_1.0.100.202509120712/tools/bin/../lib/gcc/arm-none-eabi/13.3.1/../../../../arm-none-eabi/lib/thumb/v7e-m+fp/hard\libc_nano.a(libc_a-findfp.o)
 .text.cleanup_stdio
                0x0800954c       0x40 D:/E/1subject/HK4/VXL_VDK/doan/STM32CubeIDE_1.18.0/STM32CubeIDE/plugins/com.st.stm32cube.ide.mcu.externaltools.gnu-tools-for-stm32.13.3.rel1.win32_1.0.100.202509120712/tools/bin/../lib/gcc/arm-none-eabi/13.3.1/../../../../arm-none-eabi/lib/thumb/v7e-m+fp/hard\libc_nano.a(libc_a-findfp.o)
 .text.global_stdio_init.part.0
                0x0800958c       0x3c D:/E/1subject/HK4/VXL_VDK/doan/STM32CubeIDE_1.18.0/STM32CubeIDE/plugins/com.st.stm32cube.ide.mcu.externaltools.gnu-tools-for-stm32.13.3.rel1.win32_1.0.100.202509120712/tools/bin/../lib/gcc/arm-none-eabi/13.3.1/../../../../arm-none-eabi/lib/thumb/v7e-m+fp/hard\libc_nano.a(libc_a-findfp.o)
 .text.__sfp_lock_acquire
                0x080095c8        0xc D:/E/1subject/HK4/VXL_VDK/doan/STM32CubeIDE_1.18.0/STM32CubeIDE/plugins/com.st.stm32cube.ide.mcu.externaltools.gnu-tools-for-stm32.13.3.rel1.win32_1.0.100.202509120712/tools/bin/../lib/gcc/arm-none-eabi/13.3.1/../../../../arm-none-eabi/lib/thumb/v7e-m+fp/hard\libc_nano.a(libc_a-findfp.o)
                0x080095c8                __sfp_lock_acquire
 .text.__sfp_lock_release
                0x080095d4        0xc D:/E/1subject/HK4/VXL_VDK/doan/STM32CubeIDE_1.18.0/STM32CubeIDE/plugins/com.st.stm32cube.ide.mcu.externaltools.gnu-tools-for-stm32.13.3.rel1.win32_1.0.100.202509120712/tools/bin/../lib/gcc/arm-none-eabi/13.3.1/../../../../arm-none-eabi/lib/thumb/v7e-m+fp/hard\libc_nano.a(libc_a-findfp.o)
                0x080095d4                __sfp_lock_release
 .text.__sinit  0x080095e0       0x30 D:/E/1subject/HK4/VXL_VDK/doan/STM32CubeIDE_1.18.0/STM32CubeIDE/plugins/com.st.stm32cube.ide.mcu.externaltools.gnu-tools-for-stm32.13.3.rel1.win32_1.0.100.202509120712/tools/bin/../lib/gcc/arm-none-eabi/13.3.1/../../../../arm-none-eabi/lib/thumb/v7e-m+fp/hard\libc_nano.a(libc_a-findfp.o)
                0x080095e0                __sinit
 .text._fwalk_sglue
                0x08009610       0x3c D:/E/1subject/HK4/VXL_VDK/doan/STM32CubeIDE_1.18.0/STM32CubeIDE/plugins/com.st.stm32cube.ide.mcu.externaltools.gnu-tools-for-stm32.13.3.rel1.win32_1.0.100.202509120712/tools/bin/../lib/gcc/arm-none-eabi/13.3.1/../../../../arm-none-eabi/lib/thumb/v7e-m+fp/hard\libc_nano.a(libc_a-fwalk.o)
                0x08009610                _fwalk_sglue
 .text.__sread  0x0800964c       0x22 D:/E/1subject/HK4/VXL_VDK/doan/STM32CubeIDE_1.18.0/STM32CubeIDE/plugins/com.st.stm32cube.ide.mcu.externaltools.gnu-tools-for-stm32.13.3.rel1.win32_1.0.100.202509120712/tools/bin/../lib/gcc/arm-none-eabi/13.3.1/../../../../arm-none-eabi/lib/thumb/v7e-m+fp/hard\libc_nano.a(libc_a-stdio.o)
                0x0800964c                __sread
 .text.__swrite
                0x0800966e       0x38 D:/E/1subject/HK4/VXL_VDK/doan/STM32CubeIDE_1.18.0/STM32CubeIDE/plugins/com.st.stm32cube.ide.mcu.externaltools.gnu-tools-for-stm32.13.3.rel1.win32_1.0.100.202509120712/tools/bin/../lib/gcc/arm-none-eabi/13.3.1/../../../../arm-none-eabi/lib/thumb/v7e-m+fp/hard\libc_nano.a(libc_a-stdio.o)
                0x0800966e                __swrite
 .text.__sseek  0x080096a6       0x24 D:/E/1subject/HK4/VXL_VDK/doan/STM32CubeIDE_1.18.0/STM32CubeIDE/plugins/com.st.stm32cube.ide.mcu.externaltools.gnu-tools-for-stm32.13.3.rel1.win32_1.0.100.202509120712/tools/bin/../lib/gcc/arm-none-eabi/13.3.1/../../../../arm-none-eabi/lib/thumb/v7e-m+fp/hard\libc_nano.a(libc_a-stdio.o)
                0x080096a6                __sseek
 .text.__sclose
                0x080096ca        0x8 D:/E/1subject/HK4/VXL_VDK/doan/STM32CubeIDE_1.18.0/STM32CubeIDE/plugins/com.st.stm32cube.ide.mcu.externaltools.gnu-tools-for-stm32.13.3.rel1.win32_1.0.100.202509120712/tools/bin/../lib/gcc/arm-none-eabi/13.3.1/../../../../arm-none-eabi/lib/thumb/v7e-m+fp/hard\libc_nano.a(libc_a-stdio.o)
                0x080096ca                __sclose
 .text.memset   0x080096d2       0x10 D:/E/1subject/HK4/VXL_VDK/doan/STM32CubeIDE_1.18.0/STM32CubeIDE/plugins/com.st.stm32cube.ide.mcu.externaltools.gnu-tools-for-stm32.13.3.rel1.win32_1.0.100.202509120712/tools/bin/../lib/gcc/arm-none-eabi/13.3.1/../../../../arm-none-eabi/lib/thumb/v7e-m+fp/hard\libc_nano.a(libc_a-memset.o)
                0x080096d2                memset
 *fill*         0x080096e2        0x2 
 .text._close_r
                0x080096e4       0x20 D:/E/1subject/HK4/VXL_VDK/doan/STM32CubeIDE_1.18.0/STM32CubeIDE/plugins/com.st.stm32cube.ide.mcu.externaltools.gnu-tools-for-stm32.13.3.rel1.win32_1.0.100.202509120712/tools/bin/../lib/gcc/arm-none-eabi/13.3.1/../../../../arm-none-eabi/lib/thumb/v7e-m+fp/hard\libc_nano.a(libc_a-closer.o)
                0x080096e4                _close_r
 .text._lseek_r
                0x08009704       0x24 D:/E/1subject/HK4/VXL_VDK/doan/STM32CubeIDE_1.18.0/STM32CubeIDE/plugins/com.st.stm32cube.ide.mcu.externaltools.gnu-tools-for-stm32.13.3.rel1.win32_1.0.100.202509120712/tools/bin/../lib/gcc/arm-none-eabi/13.3.1/../../../../arm-none-eabi/lib/thumb/v7e-m+fp/hard\libc_nano.a(libc_a-lseekr.o)
                0x08009704                _lseek_r
 .text._read_r  0x08009728       0x24 D:/E/1subject/HK4/VXL_VDK/doan/STM32CubeIDE_1.18.0/STM32CubeIDE/plugins/com.st.stm32cube.ide.mcu.externaltools.gnu-tools-for-stm32.13.3.rel1.win32_1.0.100.202509120712/tools/bin/../lib/gcc/arm-none-eabi/13.3.1/../../../../arm-none-eabi/lib/thumb/v7e-m+fp/hard\libc_nano.a(libc_a-readr.o)
                0x08009728                _read_r
 .text._write_r
                0x0800974c       0x24 D:/E/1subject/HK4/VXL_VDK/doan/STM32CubeIDE_1.18.0/STM32CubeIDE/plugins/com.st.stm32cube.ide.mcu.externaltools.gnu-tools-for-stm32.13.3.rel1.win32_1.0.100.202509120712/tools/bin/../lib/gcc/arm-none-eabi/13.3.1/../../../../arm-none-eabi/lib/thumb/v7e-m+fp/hard\libc_nano.a(libc_a-writer.o)
                0x0800974c                _write_r
 .text.__errno  0x08009770        0xc D:/E/1subject/HK4/VXL_VDK/doan/STM32CubeIDE_1.18.0/STM32CubeIDE/plugins/com.st.stm32cube.ide.mcu.externaltools.gnu-tools-for-stm32.13.3.rel1.win32_1.0.100.202509120712/tools/bin/../lib/gcc/arm-none-eabi/13.3.1/../../../../arm-none-eabi/lib/thumb/v7e-m+fp/hard\libc_nano.a(libc_a-errno.o)
                0x08009770                __errno
 .text.__libc_init_array
                0x0800977c       0x48 D:/E/1subject/HK4/VXL_VDK/doan/STM32CubeIDE_1.18.0/STM32CubeIDE/plugins/com.st.stm32cube.ide.mcu.externaltools.gnu-tools-for-stm32.13.3.rel1.win32_1.0.100.202509120712/tools/bin/../lib/gcc/arm-none-eabi/13.3.1/../../../../arm-none-eabi/lib/thumb/v7e-m+fp/hard\libc_nano.a(libc_a-init.o)
                0x0800977c                __libc_init_array
 .text.__retarget_lock_init_recursive
                0x080097c4        0x2 D:/E/1subject/HK4/VXL_VDK/doan/STM32CubeIDE_1.18.0/STM32CubeIDE/plugins/com.st.stm32cube.ide.mcu.externaltools.gnu-tools-for-stm32.13.3.rel1.win32_1.0.100.202509120712/tools/bin/../lib/gcc/arm-none-eabi/13.3.1/../../../../arm-none-eabi/lib/thumb/v7e-m+fp/hard\libc_nano.a(libc_a-lock.o)
                0x080097c4                __retarget_lock_init_recursive
 .text.__retarget_lock_acquire_recursive
                0x080097c6        0x2 D:/E/1subject/HK4/VXL_VDK/doan/STM32CubeIDE_1.18.0/STM32CubeIDE/plugins/com.st.stm32cube.ide.mcu.externaltools.gnu-tools-for-stm32.13.3.rel1.win32_1.0.100.202509120712/tools/bin/../lib/gcc/arm-none-eabi/13.3.1/../../../../arm-none-eabi/lib/thumb/v7e-m+fp/hard\libc_nano.a(libc_a-lock.o)
                0x080097c6                __retarget_lock_acquire_recursive
 .text.__retarget_lock_release_recursive
                0x080097c8        0x2 D:/E/1subject/HK4/VXL_VDK/doan/STM32CubeIDE_1.18.0/STM32CubeIDE/plugins/com.st.stm32cube.ide.mcu.externaltools.gnu-tools-for-stm32.13.3.rel1.win32_1.0.100.202509120712/tools/bin/../lib/gcc/arm-none-eabi/13.3.1/../../../../arm-none-eabi/lib/thumb/v7e-m+fp/hard\libc_nano.a(libc_a-lock.o)
                0x080097c8                __retarget_lock_release_recursive
 *fill*         0x080097ca        0x2 
 .text.__assert_func
                0x080097cc       0x3c D:/E/1subject/HK4/VXL_VDK/doan/STM32CubeIDE_1.18.0/STM32CubeIDE/plugins/com.st.stm32cube.ide.mcu.externaltools.gnu-tools-for-stm32.13.3.rel1.win32_1.0.100.202509120712/tools/bin/../lib/gcc/arm-none-eabi/13.3.1/../../../../arm-none-eabi/lib/thumb/v7e-m+fp/hard\libc_nano.a(libc_a-assert.o)
                0x080097cc                __assert_func
 .text._free_r  0x08009808       0x94 D:/E/1subject/HK4/VXL_VDK/doan/STM32CubeIDE_1.18.0/STM32CubeIDE/plugins/com.st.stm32cube.ide.mcu.externaltools.gnu-tools-for-stm32.13.3.rel1.win32_1.0.100.202509120712/tools/bin/../lib/gcc/arm-none-eabi/13.3.1/../../../../arm-none-eabi/lib/thumb/v7e-m+fp/hard\libc_nano.a(libc_a-freer.o)
                0x08009808                _free_r
 .text.malloc   0x0800989c       0x10 D:/E/1subject/HK4/VXL_VDK/doan/STM32CubeIDE_1.18.0/STM32CubeIDE/plugins/com.st.stm32cube.ide.mcu.externaltools.gnu-tools-for-stm32.13.3.rel1.win32_1.0.100.202509120712/tools/bin/../lib/gcc/arm-none-eabi/13.3.1/../../../../arm-none-eabi/lib/thumb/v7e-m+fp/hard\libc_nano.a(libc_a-malloc.o)
                0x0800989c                malloc
 .text.sbrk_aligned
                0x080098ac       0x44 D:/E/1subject/HK4/VXL_VDK/doan/STM32CubeIDE_1.18.0/STM32CubeIDE/plugins/com.st.stm32cube.ide.mcu.externaltools.gnu-tools-for-stm32.13.3.rel1.win32_1.0.100.202509120712/tools/bin/../lib/gcc/arm-none-eabi/13.3.1/../../../../arm-none-eabi/lib/thumb/v7e-m+fp/hard\libc_nano.a(libc_a-mallocr.o)
 .text._malloc_r
                0x080098f0      0x100 D:/E/1subject/HK4/VXL_VDK/doan/STM32CubeIDE_1.18.0/STM32CubeIDE/plugins/com.st.stm32cube.ide.mcu.externaltools.gnu-tools-for-stm32.13.3.rel1.win32_1.0.100.202509120712/tools/bin/../lib/gcc/arm-none-eabi/13.3.1/../../../../arm-none-eabi/lib/thumb/v7e-m+fp/hard\libc_nano.a(libc_a-mallocr.o)
                0x080098f0                _malloc_r
 .text.__malloc_lock
                0x080099f0        0xc D:/E/1subject/HK4/VXL_VDK/doan/STM32CubeIDE_1.18.0/STM32CubeIDE/plugins/com.st.stm32cube.ide.mcu.externaltools.gnu-tools-for-stm32.13.3.rel1.win32_1.0.100.202509120712/tools/bin/../lib/gcc/arm-none-eabi/13.3.1/../../../../arm-none-eabi/lib/thumb/v7e-m+fp/hard\libc_nano.a(libc_a-mlock.o)
                0x080099f0                __malloc_lock
 .text.__malloc_unlock
                0x080099fc        0xc D:/E/1subject/HK4/VXL_VDK/doan/STM32CubeIDE_1.18.0/STM32CubeIDE/plugins/com.st.stm32cube.ide.mcu.externaltools.gnu-tools-for-stm32.13.3.rel1.win32_1.0.100.202509120712/tools/bin/../lib/gcc/arm-none-eabi/13.3.1/../../../../arm-none-eabi/lib/thumb/v7e-m+fp/hard\libc_nano.a(libc_a-mlock.o)
                0x080099fc                __malloc_unlock
 .text.__sflush_r
                0x08009a08      0x108 D:/E/1subject/HK4/VXL_VDK/doan/STM32CubeIDE_1.18.0/STM32CubeIDE/plugins/com.st.stm32cube.ide.mcu.externaltools.gnu-tools-for-stm32.13.3.rel1.win32_1.0.100.202509120712/tools/bin/../lib/gcc/arm-none-eabi/13.3.1/../../../../arm-none-eabi/lib/thumb/v7e-m+fp/hard\libc_nano.a(libc_a-fflush.o)
                0x08009a08                __sflush_r
 .text._fflush_r
                0x08009b10       0x50 D:/E/1subject/HK4/VXL_VDK/doan/STM32CubeIDE_1.18.0/STM32CubeIDE/plugins/com.st.stm32cube.ide.mcu.externaltools.gnu-tools-for-stm32.13.3.rel1.win32_1.0.100.202509120712/tools/bin/../lib/gcc/arm-none-eabi/13.3.1/../../../../arm-none-eabi/lib/thumb/v7e-m+fp/hard\libc_nano.a(libc_a-fflush.o)
                0x08009b10                _fflush_r
 .text.fprintf  0x08009b60       0x24 D:/E/1subject/HK4/VXL_VDK/doan/STM32CubeIDE_1.18.0/STM32CubeIDE/plugins/com.st.stm32cube.ide.mcu.externaltools.gnu-tools-for-stm32.13.3.rel1.win32_1.0.100.202509120712/tools/bin/../lib/gcc/arm-none-eabi/13.3.1/../../../../arm-none-eabi/lib/thumb/v7e-m+fp/hard\libc_nano.a(libc_a-fprintf.o)
                0x08009b60                fiprintf
                0x08009b60                fprintf
 .text._sbrk_r  0x08009b84       0x20 D:/E/1subject/HK4/VXL_VDK/doan/STM32CubeIDE_1.18.0/STM32CubeIDE/plugins/com.st.stm32cube.ide.mcu.externaltools.gnu-tools-for-stm32.13.3.rel1.win32_1.0.100.202509120712/tools/bin/../lib/gcc/arm-none-eabi/13.3.1/../../../../arm-none-eabi/lib/thumb/v7e-m+fp/hard\libc_nano.a(libc_a-sbrkr.o)
                0x08009b84                _sbrk_r
 .text.abort    0x08009ba4        0xe D:/E/1subject/HK4/VXL_VDK/doan/STM32CubeIDE_1.18.0/STM32CubeIDE/plugins/com.st.stm32cube.ide.mcu.externaltools.gnu-tools-for-stm32.13.3.rel1.win32_1.0.100.202509120712/tools/bin/../lib/gcc/arm-none-eabi/13.3.1/../../../../arm-none-eabi/lib/thumb/v7e-m+fp/hard\libc_nano.a(libc_a-abort.o)
                0x08009ba4                abort
 .text.__sfputc_r
                0x08009bb2       0x2e D:/E/1subject/HK4/VXL_VDK/doan/STM32CubeIDE_1.18.0/STM32CubeIDE/plugins/com.st.stm32cube.ide.mcu.externaltools.gnu-tools-for-stm32.13.3.rel1.win32_1.0.100.202509120712/tools/bin/../lib/gcc/arm-none-eabi/13.3.1/../../../../arm-none-eabi/lib/thumb/v7e-m+fp/hard\libc_nano.a(libc_a-nano-vfprintf.o)
 .text.__sfputs_r
                0x08009be0       0x24 D:/E/1subject/HK4/VXL_VDK/doan/STM32CubeIDE_1.18.0/STM32CubeIDE/plugins/com.st.stm32cube.ide.mcu.externaltools.gnu-tools-for-stm32.13.3.rel1.win32_1.0.100.202509120712/tools/bin/../lib/gcc/arm-none-eabi/13.3.1/../../../../arm-none-eabi/lib/thumb/v7e-m+fp/hard\libc_nano.a(libc_a-nano-vfprintf.o)
                0x08009be0                __sfputs_r
 .text._vfprintf_r
                0x08009c04      0x230 D:/E/1subject/HK4/VXL_VDK/doan/STM32CubeIDE_1.18.0/STM32CubeIDE/plugins/com.st.stm32cube.ide.mcu.externaltools.gnu-tools-for-stm32.13.3.rel1.win32_1.0.100.202509120712/tools/bin/../lib/gcc/arm-none-eabi/13.3.1/../../../../arm-none-eabi/lib/thumb/v7e-m+fp/hard\libc_nano.a(libc_a-nano-vfprintf.o)
                0x08009c04                _vfprintf_r
                0x08009c04                _vfiprintf_r
 .text._printf_common
                0x08009e34       0xda D:/E/1subject/HK4/VXL_VDK/doan/STM32CubeIDE_1.18.0/STM32CubeIDE/plugins/com.st.stm32cube.ide.mcu.externaltools.gnu-tools-for-stm32.13.3.rel1.win32_1.0.100.202509120712/tools/bin/../lib/gcc/arm-none-eabi/13.3.1/../../../../arm-none-eabi/lib/thumb/v7e-m+fp/hard\libc_nano.a(libc_a-nano-vfprintf_i.o)
                0x08009e34                _printf_common
 *fill*         0x08009f0e        0x2 
 .text._printf_i
                0x08009f10      0x23c D:/E/1subject/HK4/VXL_VDK/doan/STM32CubeIDE_1.18.0/STM32CubeIDE/plugins/com.st.stm32cube.ide.mcu.externaltools.gnu-tools-for-stm32.13.3.rel1.win32_1.0.100.202509120712/tools/bin/../lib/gcc/arm-none-eabi/13.3.1/../../../../arm-none-eabi/lib/thumb/v7e-m+fp/hard\libc_nano.a(libc_a-nano-vfprintf_i.o)
                0x08009f10                _printf_i
 .text.__swbuf_r
                0x0800a14c       0x7c D:/E/1subject/HK4/VXL_VDK/doan/STM32CubeIDE_1.18.0/STM32CubeIDE/plugins/com.st.stm32cube.ide.mcu.externaltools.gnu-tools-for-stm32.13.3.rel1.win32_1.0.100.202509120712/tools/bin/../lib/gcc/arm-none-eabi/13.3.1/../../../../arm-none-eabi/lib/thumb/v7e-m+fp/hard\libc_nano.a(libc_a-wbuf.o)
                0x0800a14c                __swbuf_r
 .text.__swsetup_r
                0x0800a1c8       0xac D:/E/1subject/HK4/VXL_VDK/doan/STM32CubeIDE_1.18.0/STM32CubeIDE/plugins/com.st.stm32cube.ide.mcu.externaltools.gnu-tools-for-stm32.13.3.rel1.win32_1.0.100.202509120712/tools/bin/../lib/gcc/arm-none-eabi/13.3.1/../../../../arm-none-eabi/lib/thumb/v7e-m+fp/hard\libc_nano.a(libc_a-wsetup.o)
                0x0800a1c8                __swsetup_r
 .text._raise_r
                0x0800a274       0x50 D:/E/1subject/HK4/VXL_VDK/doan/STM32CubeIDE_1.18.0/STM32CubeIDE/plugins/com.st.stm32cube.ide.mcu.externaltools.gnu-tools-for-stm32.13.3.rel1.win32_1.0.100.202509120712/tools/bin/../lib/gcc/arm-none-eabi/13.3.1/../../../../arm-none-eabi/lib/thumb/v7e-m+fp/hard\libc_nano.a(libc_a-signal.o)
                0x0800a274                _raise_r
 .text.raise    0x0800a2c4       0x10 D:/E/1subject/HK4/VXL_VDK/doan/STM32CubeIDE_1.18.0/STM32CubeIDE/plugins/com.st.stm32cube.ide.mcu.externaltools.gnu-tools-for-stm32.13.3.rel1.win32_1.0.100.202509120712/tools/bin/../lib/gcc/arm-none-eabi/13.3.1/../../../../arm-none-eabi/lib/thumb/v7e-m+fp/hard\libc_nano.a(libc_a-signal.o)
                0x0800a2c4                raise
 .text._kill_r  0x0800a2d4       0x24 D:/E/1subject/HK4/VXL_VDK/doan/STM32CubeIDE_1.18.0/STM32CubeIDE/plugins/com.st.stm32cube.ide.mcu.externaltools.gnu-tools-for-stm32.13.3.rel1.win32_1.0.100.202509120712/tools/bin/../lib/gcc/arm-none-eabi/13.3.1/../../../../arm-none-eabi/lib/thumb/v7e-m+fp/hard\libc_nano.a(libc_a-signalr.o)
                0x0800a2d4                _kill_r
 .text._getpid_r
                0x0800a2f8        0x4 D:/E/1subject/HK4/VXL_VDK/doan/STM32CubeIDE_1.18.0/STM32CubeIDE/plugins/com.st.stm32cube.ide.mcu.externaltools.gnu-tools-for-stm32.13.3.rel1.win32_1.0.100.202509120712/tools/bin/../lib/gcc/arm-none-eabi/13.3.1/../../../../arm-none-eabi/lib/thumb/v7e-m+fp/hard\libc_nano.a(libc_a-signalr.o)
                0x0800a2f8                _getpid_r
 .text.__swhatbuf_r
                0x0800a2fc       0x4c D:/E/1subject/HK4/VXL_VDK/doan/STM32CubeIDE_1.18.0/STM32CubeIDE/plugins/com.st.stm32cube.ide.mcu.externaltools.gnu-tools-for-stm32.13.3.rel1.win32_1.0.100.202509120712/tools/bin/../lib/gcc/arm-none-eabi/13.3.1/../../../../arm-none-eabi/lib/thumb/v7e-m+fp/hard\libc_nano.a(libc_a-makebuf.o)
                0x0800a2fc                __swhatbuf_r
 .text.__smakebuf_r
                0x0800a348       0x78 D:/E/1subject/HK4/VXL_VDK/doan/STM32CubeIDE_1.18.0/STM32CubeIDE/plugins/com.st.stm32cube.ide.mcu.externaltools.gnu-tools-for-stm32.13.3.rel1.win32_1.0.100.202509120712/tools/bin/../lib/gcc/arm-none-eabi/13.3.1/../../../../arm-none-eabi/lib/thumb/v7e-m+fp/hard\libc_nano.a(libc_a-makebuf.o)
                0x0800a348                __smakebuf_r
 .text._fstat_r
                0x0800a3c0       0x24 D:/E/1subject/HK4/VXL_VDK/doan/STM32CubeIDE_1.18.0/STM32CubeIDE/plugins/com.st.stm32cube.ide.mcu.externaltools.gnu-tools-for-stm32.13.3.rel1.win32_1.0.100.202509120712/tools/bin/../lib/gcc/arm-none-eabi/13.3.1/../../../../arm-none-eabi/lib/thumb/v7e-m+fp/hard\libc_nano.a(libc_a-fstatr.o)
                0x0800a3c0                _fstat_r
 .text._isatty_r
                0x0800a3e4       0x20 D:/E/1subject/HK4/VXL_VDK/doan/STM32CubeIDE_1.18.0/STM32CubeIDE/plugins/com.st.stm32cube.ide.mcu.externaltools.gnu-tools-for-stm32.13.3.rel1.win32_1.0.100.202509120712/tools/bin/../lib/gcc/arm-none-eabi/13.3.1/../../../../arm-none-eabi/lib/thumb/v7e-m+fp/hard\libc_nano.a(libc_a-isattyr.o)
                0x0800a3e4                _isatty_r
 *fill*         0x0800a404        0x4 
 .text.sin      0x0800a408       0xa8 D:/E/1subject/HK4/VXL_VDK/doan/STM32CubeIDE_1.18.0/STM32CubeIDE/plugins/com.st.stm32cube.ide.mcu.externaltools.gnu-tools-for-stm32.13.3.rel1.win32_1.0.100.202509120712/tools/bin/../lib/gcc/arm-none-eabi/13.3.1/../../../../arm-none-eabi/lib/thumb/v7e-m+fp/hard\libm.a(libm_a-s_sin.o)
                0x0800a408                sin
 .text.sqrtf    0x0800a4b0       0x3c D:/E/1subject/HK4/VXL_VDK/doan/STM32CubeIDE_1.18.0/STM32CubeIDE/plugins/com.st.stm32cube.ide.mcu.externaltools.gnu-tools-for-stm32.13.3.rel1.win32_1.0.100.202509120712/tools/bin/../lib/gcc/arm-none-eabi/13.3.1/../../../../arm-none-eabi/lib/thumb/v7e-m+fp/hard\libm.a(libm_a-wf_sqrt.o)
                0x0800a4b0                sqrtf
 .text.__ieee754_sqrtf
                0x0800a4ec        0x6 D:/E/1subject/HK4/VXL_VDK/doan/STM32CubeIDE_1.18.0/STM32CubeIDE/plugins/com.st.stm32cube.ide.mcu.externaltools.gnu-tools-for-stm32.13.3.rel1.win32_1.0.100.202509120712/tools/bin/../lib/gcc/arm-none-eabi/13.3.1/../../../../arm-none-eabi/lib/thumb/v7e-m+fp/hard\libm.a(libm_a-ef_sqrt.o)
                0x0800a4ec                __ieee754_sqrtf
 *fill*         0x0800a4f2        0x6 
 .text.__kernel_cos
                0x0800a4f8      0x18c D:/E/1subject/HK4/VXL_VDK/doan/STM32CubeIDE_1.18.0/STM32CubeIDE/plugins/com.st.stm32cube.ide.mcu.externaltools.gnu-tools-for-stm32.13.3.rel1.win32_1.0.100.202509120712/tools/bin/../lib/gcc/arm-none-eabi/13.3.1/../../../../arm-none-eabi/lib/thumb/v7e-m+fp/hard\libm.a(libm_a-k_cos.o)
                0x0800a4f8                __kernel_cos
 *fill*         0x0800a684        0x4 
 .text.__kernel_sin
                0x0800a688      0x174 D:/E/1subject/HK4/VXL_VDK/doan/STM32CubeIDE_1.18.0/STM32CubeIDE/plugins/com.st.stm32cube.ide.mcu.externaltools.gnu-tools-for-stm32.13.3.rel1.win32_1.0.100.202509120712/tools/bin/../lib/gcc/arm-none-eabi/13.3.1/../../../../arm-none-eabi/lib/thumb/v7e-m+fp/hard\libm.a(libm_a-k_sin.o)
                0x0800a688                __kernel_sin
 *fill*         0x0800a7fc        0x4 
 .text.__ieee754_rem_pio2
                0x0800a800      0x3f8 D:/E/1subject/HK4/VXL_VDK/doan/STM32CubeIDE_1.18.0/STM32CubeIDE/plugins/com.st.stm32cube.ide.mcu.externaltools.gnu-tools-for-stm32.13.3.rel1.win32_1.0.100.202509120712/tools/bin/../lib/gcc/arm-none-eabi/13.3.1/../../../../arm-none-eabi/lib/thumb/v7e-m+fp/hard\libm.a(libm_a-e_rem_pio2.o)
                0x0800a800                __ieee754_rem_pio2
 .text.fabs     0x0800abf8       0x10 D:/E/1subject/HK4/VXL_VDK/doan/STM32CubeIDE_1.18.0/STM32CubeIDE/plugins/com.st.stm32cube.ide.mcu.externaltools.gnu-tools-for-stm32.13.3.rel1.win32_1.0.100.202509120712/tools/bin/../lib/gcc/arm-none-eabi/13.3.1/../../../../arm-none-eabi/lib/thumb/v7e-m+fp/hard\libm.a(libm_a-s_fabs.o)
                0x0800abf8                fabs
 .text.__kernel_rem_pio2
                0x0800ac08      0x6a0 D:/E/1subject/HK4/VXL_VDK/doan/STM32CubeIDE_1.18.0/STM32CubeIDE/plugins/com.st.stm32cube.ide.mcu.externaltools.gnu-tools-for-stm32.13.3.rel1.win32_1.0.100.202509120712/tools/bin/../lib/gcc/arm-none-eabi/13.3.1/../../../../arm-none-eabi/lib/thumb/v7e-m+fp/hard\libm.a(libm_a-k_rem_pio2.o)
                0x0800ac08                __kernel_rem_pio2
 .text.scalbn   0x0800b2a8       0xf4 D:/E/1subject/HK4/VXL_VDK/doan/STM32CubeIDE_1.18.0/STM32CubeIDE/plugins/com.st.stm32cube.ide.mcu.externaltools.gnu-tools-for-stm32.13.3.rel1.win32_1.0.100.202509120712/tools/bin/../lib/gcc/arm-none-eabi/13.3.1/../../../../arm-none-eabi/lib/thumb/v7e-m+fp/hard\libm.a(libm_a-s_scalbn.o)
                0x0800b2a8                scalbn
 *fill*         0x0800b39c        0x4 
 .text.floor    0x0800b3a0       0xf8 D:/E/1subject/HK4/VXL_VDK/doan/STM32CubeIDE_1.18.0/STM32CubeIDE/plugins/com.st.stm32cube.ide.mcu.externaltools.gnu-tools-for-stm32.13.3.rel1.win32_1.0.100.202509120712/tools/bin/../lib/gcc/arm-none-eabi/13.3.1/../../../../arm-none-eabi/lib/thumb/v7e-m+fp/hard\libm.a(libm_a-s_floor.o)
                0x0800b3a0                floor
 *(.glue_7)
 .glue_7        0x0800b498        0x0 linker stubs
 *(.glue_7t)
 .glue_7t       0x0800b498        0x0 linker stubs
 *(.eh_frame)
 .eh_frame      0x0800b498        0x0 D:/E/1subject/HK4/VXL_VDK/doan/STM32CubeIDE_1.18.0/STM32CubeIDE/plugins/com.st.stm32cube.ide.mcu.externaltools.gnu-tools-for-stm32.13.3.rel1.win32_1.0.100.202509120712/tools/bin/../lib/gcc/arm-none-eabi/13.3.1/thumb/v7e-m+fp/hard/crtbegin.o
 *(.init)
 .init          0x0800b498        0x4 D:/E/1subject/HK4/VXL_VDK/doan/STM32CubeIDE_1.18.0/STM32CubeIDE/plugins/com.st.stm32cube.ide.mcu.externaltools.gnu-tools-for-stm32.13.3.rel1.win32_1.0.100.202509120712/tools/bin/../lib/gcc/arm-none-eabi/13.3.1/thumb/v7e-m+fp/hard/crti.o
                0x0800b498                _init
 .init          0x0800b49c        0x8 D:/E/1subject/HK4/VXL_VDK/doan/STM32CubeIDE_1.18.0/STM32CubeIDE/plugins/com.st.stm32cube.ide.mcu.externaltools.gnu-tools-for-stm32.13.3.rel1.win32_1.0.100.202509120712/tools/bin/../lib/gcc/arm-none-eabi/13.3.1/thumb/v7e-m+fp/hard/crtn.o
 *(.fini)
 .fini          0x0800b4a4        0x4 D:/E/1subject/HK4/VXL_VDK/doan/STM32CubeIDE_1.18.0/STM32CubeIDE/plugins/com.st.stm32cube.ide.mcu.externaltools.gnu-tools-for-stm32.13.3.rel1.win32_1.0.100.202509120712/tools/bin/../lib/gcc/arm-none-eabi/13.3.1/thumb/v7e-m+fp/hard/crti.o
                0x0800b4a4                _fini
 .fini          0x0800b4a8        0x8 D:/E/1subject/HK4/VXL_VDK/doan/STM32CubeIDE_1.18.0/STM32CubeIDE/plugins/com.st.stm32cube.ide.mcu.externaltools.gnu-tools-for-stm32.13.3.rel1.win32_1.0.100.202509120712/tools/bin/../lib/gcc/arm-none-eabi/13.3.1/thumb/v7e-m+fp/hard/crtn.o
                0x0800b4b0                        . = ALIGN (0x4)
                0x0800b4b0                        _etext = .

.vfp11_veneer   0x0800b4b0        0x0
 .vfp11_veneer  0x0800b4b0        0x0 linker stubs

.v4_bx          0x0800b4b0        0x0
 .v4_bx         0x0800b4b0        0x0 linker stubs

.iplt           0x0800b4b0        0x0
 .iplt          0x0800b4b0        0x0 D:/E/1subject/HK4/VXL_VDK/doan/STM32CubeIDE_1.18.0/STM32CubeIDE/plugins/com.st.stm32cube.ide.mcu.externaltools.gnu-tools-for-stm32.13.3.rel1.win32_1.0.100.202509120712/tools/bin/../lib/gcc/arm-none-eabi/13.3.1/thumb/v7e-m+fp/hard/crtbegin.o

.rodata         0x0800b4b0    0x1d740
                0x0800b4b0                        . = ALIGN (0x4)
 *(.rodata)
 *(.rodata*)
 .rodata.AHBPrescTable
                0x0800b4b0       0x10 ./Core/Src/system_stm32f4xx.o
                0x0800b4b0                AHBPrescTable
 .rodata.APBPrescTable
                0x0800b4c0        0x8 ./Core/Src/system_stm32f4xx.o
                0x0800b4c0                APBPrescTable
 .rodata.flagBitshiftOffset.0
                0x0800b4c8        0x8 ./Drivers/STM32F4xx_HAL_Driver/Src/stm32f4xx_hal_dma.o
 .rodata.armBitRevIndexTable1024
                0x0800b4d0      0xe10 ../Middlewares/ST/ARM/DSP/Lib\libarm_cortexM4lf_math.a(arm_common_tables.o)
                0x0800b4d0                armBitRevIndexTable1024
 .rodata.armBitRevIndexTable128
                0x0800c2e0      0x1a0 ../Middlewares/ST/ARM/DSP/Lib\libarm_cortexM4lf_math.a(arm_common_tables.o)
                0x0800c2e0                armBitRevIndexTable128
 .rodata.armBitRevIndexTable16
                0x0800c480       0x28 ../Middlewares/ST/ARM/DSP/Lib\libarm_cortexM4lf_math.a(arm_common_tables.o)
                0x0800c480                armBitRevIndexTable16
 .rodata.armBitRevIndexTable2048
                0x0800c4a8     0x1dc0 ../Middlewares/ST/ARM/DSP/Lib\libarm_cortexM4lf_math.a(arm_common_tables.o)
                0x0800c4a8                armBitRevIndexTable2048
 .rodata.armBitRevIndexTable256
                0x0800e268      0x370 ../Middlewares/ST/ARM/DSP/Lib\libarm_cortexM4lf_math.a(arm_common_tables.o)
                0x0800e268                armBitRevIndexTable256
 .rodata.armBitRevIndexTable32
                0x0800e5d8       0x60 ../Middlewares/ST/ARM/DSP/Lib\libarm_cortexM4lf_math.a(arm_common_tables.o)
                0x0800e5d8                armBitRevIndexTable32
 .rodata.armBitRevIndexTable4096
                0x0800e638     0x1f80 ../Middlewares/ST/ARM/DSP/Lib\libarm_cortexM4lf_math.a(arm_common_tables.o)
                0x0800e638                armBitRevIndexTable4096
 .rodata.armBitRevIndexTable512
                0x080105b8      0x380 ../Middlewares/ST/ARM/DSP/Lib\libarm_cortexM4lf_math.a(arm_common_tables.o)
                0x080105b8                armBitRevIndexTable512
 .rodata.armBitRevIndexTable64
                0x08010938       0x70 ../Middlewares/ST/ARM/DSP/Lib\libarm_cortexM4lf_math.a(arm_common_tables.o)
                0x08010938                armBitRevIndexTable64
 .rodata.twiddleCoef_1024
                0x080109a8     0x2000 ../Middlewares/ST/ARM/DSP/Lib\libarm_cortexM4lf_math.a(arm_common_tables.o)
                0x080109a8                twiddleCoef_1024
 .rodata.twiddleCoef_128
                0x080129a8      0x400 ../Middlewares/ST/ARM/DSP/Lib\libarm_cortexM4lf_math.a(arm_common_tables.o)
                0x080129a8                twiddleCoef_128
 .rodata.twiddleCoef_16
                0x08012da8       0x80 ../Middlewares/ST/ARM/DSP/Lib\libarm_cortexM4lf_math.a(arm_common_tables.o)
                0x08012da8                twiddleCoef_16
 .rodata.twiddleCoef_2048
                0x08012e28     0x4000 ../Middlewares/ST/ARM/DSP/Lib\libarm_cortexM4lf_math.a(arm_common_tables.o)
                0x08012e28                twiddleCoef_2048
 .rodata.twiddleCoef_256
                0x08016e28      0x800 ../Middlewares/ST/ARM/DSP/Lib\libarm_cortexM4lf_math.a(arm_common_tables.o)
                0x08016e28                twiddleCoef_256
 .rodata.twiddleCoef_32
                0x08017628      0x100 ../Middlewares/ST/ARM/DSP/Lib\libarm_cortexM4lf_math.a(arm_common_tables.o)
                0x08017628                twiddleCoef_32
 .rodata.twiddleCoef_4096
                0x08017728     0x8000 ../Middlewares/ST/ARM/DSP/Lib\libarm_cortexM4lf_math.a(arm_common_tables.o)
                0x08017728                twiddleCoef_4096
 .rodata.twiddleCoef_512
                0x0801f728     0x1000 ../Middlewares/ST/ARM/DSP/Lib\libarm_cortexM4lf_math.a(arm_common_tables.o)
                0x0801f728                twiddleCoef_512
 .rodata.twiddleCoef_64
                0x08020728      0x200 ../Middlewares/ST/ARM/DSP/Lib\libarm_cortexM4lf_math.a(arm_common_tables.o)
                0x08020728                twiddleCoef_64
 .rodata.twiddleCoef_rfft_1024
                0x08020928     0x1000 ../Middlewares/ST/ARM/DSP/Lib\libarm_cortexM4lf_math.a(arm_common_tables.o)
                0x08020928                twiddleCoef_rfft_1024
 .rodata.twiddleCoef_rfft_128
                0x08021928      0x200 ../Middlewares/ST/ARM/DSP/Lib\libarm_cortexM4lf_math.a(arm_common_tables.o)
                0x08021928                twiddleCoef_rfft_128
 .rodata.twiddleCoef_rfft_2048
                0x08021b28     0x2000 ../Middlewares/ST/ARM/DSP/Lib\libarm_cortexM4lf_math.a(arm_common_tables.o)
                0x08021b28                twiddleCoef_rfft_2048
 .rodata.twiddleCoef_rfft_256
                0x08023b28      0x400 ../Middlewares/ST/ARM/DSP/Lib\libarm_cortexM4lf_math.a(arm_common_tables.o)
                0x08023b28                twiddleCoef_rfft_256
 .rodata.twiddleCoef_rfft_32
                0x08023f28       0x80 ../Middlewares/ST/ARM/DSP/Lib\libarm_cortexM4lf_math.a(arm_common_tables.o)
                0x08023f28                twiddleCoef_rfft_32
 .rodata.twiddleCoef_rfft_4096
                0x08023fa8     0x4000 ../Middlewares/ST/ARM/DSP/Lib\libarm_cortexM4lf_math.a(arm_common_tables.o)
                0x08023fa8                twiddleCoef_rfft_4096
 .rodata.twiddleCoef_rfft_512
                0x08027fa8      0x800 ../Middlewares/ST/ARM/DSP/Lib\libarm_cortexM4lf_math.a(arm_common_tables.o)
                0x08027fa8                twiddleCoef_rfft_512
 .rodata.twiddleCoef_rfft_64
                0x080287a8      0x100 ../Middlewares/ST/ARM/DSP/Lib\libarm_cortexM4lf_math.a(arm_common_tables.o)
                0x080287a8                twiddleCoef_rfft_64
 .rodata.arm_cfft_sR_f32_len1024
                0x080288a8       0x10 ../Middlewares/ST/ARM/DSP/Lib\libarm_cortexM4lf_math.a(arm_const_structs.o)
                0x080288a8                arm_cfft_sR_f32_len1024
 .rodata.arm_cfft_sR_f32_len128
                0x080288b8       0x10 ../Middlewares/ST/ARM/DSP/Lib\libarm_cortexM4lf_math.a(arm_const_structs.o)
                0x080288b8                arm_cfft_sR_f32_len128
 .rodata.arm_cfft_sR_f32_len16
                0x080288c8       0x10 ../Middlewares/ST/ARM/DSP/Lib\libarm_cortexM4lf_math.a(arm_const_structs.o)
                0x080288c8                arm_cfft_sR_f32_len16
 .rodata.arm_cfft_sR_f32_len2048
                0x080288d8       0x10 ../Middlewares/ST/ARM/DSP/Lib\libarm_cortexM4lf_math.a(arm_const_structs.o)
                0x080288d8                arm_cfft_sR_f32_len2048
 .rodata.arm_cfft_sR_f32_len256
                0x080288e8       0x10 ../Middlewares/ST/ARM/DSP/Lib\libarm_cortexM4lf_math.a(arm_const_structs.o)
                0x080288e8                arm_cfft_sR_f32_len256
 .rodata.arm_cfft_sR_f32_len32
                0x080288f8       0x10 ../Middlewares/ST/ARM/DSP/Lib\libarm_cortexM4lf_math.a(arm_const_structs.o)
                0x080288f8                arm_cfft_sR_f32_len32
 .rodata.arm_cfft_sR_f32_len4096
                0x08028908       0x10 ../Middlewares/ST/ARM/DSP/Lib\libarm_cortexM4lf_math.a(arm_const_structs.o)
                0x08028908                arm_cfft_sR_f32_len4096
 .rodata.arm_cfft_sR_f32_len512
                0x08028918       0x10 ../Middlewares/ST/ARM/DSP/Lib\libarm_cortexM4lf_math.a(arm_const_structs.o)
                0x08028918                arm_cfft_sR_f32_len512
 .rodata.arm_cfft_sR_f32_len64
                0x08028928       0x10 ../Middlewares/ST/ARM/DSP/Lib\libarm_cortexM4lf_math.a(arm_const_structs.o)
                0x08028928                arm_cfft_sR_f32_len64
 .rodata.srand.str1.1
                0x08028938       0xde D:/E/1subject/HK4/VXL_VDK/doan/STM32CubeIDE_1.18.0/STM32CubeIDE/plugins/com.st.stm32cube.ide.mcu.externaltools.gnu-tools-for-stm32.13.3.rel1.win32_1.0.100.202509120712/tools/bin/../lib/gcc/arm-none-eabi/13.3.1/../../../../arm-none-eabi/lib/thumb/v7e-m+fp/hard\libc_nano.a(libc_a-rand.o)
                                 0x6f (size before relaxing)
 .rodata.__assert_func.str1.1
                0x08028a16        0x0 D:/E/1subject/HK4/VXL_VDK/doan/STM32CubeIDE_1.18.0/STM32CubeIDE/plugins/com.st.stm32cube.ide.mcu.externaltools.gnu-tools-for-stm32.13.3.rel1.win32_1.0.100.202509120712/tools/bin/../lib/gcc/arm-none-eabi/13.3.1/../../../../arm-none-eabi/lib/thumb/v7e-m+fp/hard\libc_nano.a(libc_a-assert.o)
                                 0x3d (size before relaxing)
 .rodata._vfprintf_r.str1.1
                0x08028a16        0x0 D:/E/1subject/HK4/VXL_VDK/doan/STM32CubeIDE_1.18.0/STM32CubeIDE/plugins/com.st.stm32cube.ide.mcu.externaltools.gnu-tools-for-stm32.13.3.rel1.win32_1.0.100.202509120712/tools/bin/../lib/gcc/arm-none-eabi/13.3.1/../../../../arm-none-eabi/lib/thumb/v7e-m+fp/hard\libc_nano.a(libc_a-nano-vfprintf.o)
                                 0x11 (size before relaxing)
 .rodata._printf_i.str1.1
                0x08028a16        0x0 D:/E/1subject/HK4/VXL_VDK/doan/STM32CubeIDE_1.18.0/STM32CubeIDE/plugins/com.st.stm32cube.ide.mcu.externaltools.gnu-tools-for-stm32.13.3.rel1.win32_1.0.100.202509120712/tools/bin/../lib/gcc/arm-none-eabi/13.3.1/../../../../arm-none-eabi/lib/thumb/v7e-m+fp/hard\libc_nano.a(libc_a-nano-vfprintf_i.o)
                                 0x22 (size before relaxing)
 *fill*         0x08028a16        0x2 
 .rodata.npio2_hw
                0x08028a18       0x80 D:/E/1subject/HK4/VXL_VDK/doan/STM32CubeIDE_1.18.0/STM32CubeIDE/plugins/com.st.stm32cube.ide.mcu.externaltools.gnu-tools-for-stm32.13.3.rel1.win32_1.0.100.202509120712/tools/bin/../lib/gcc/arm-none-eabi/13.3.1/../../../../arm-none-eabi/lib/thumb/v7e-m+fp/hard\libm.a(libm_a-e_rem_pio2.o)
 .rodata.two_over_pi
                0x08028a98      0x108 D:/E/1subject/HK4/VXL_VDK/doan/STM32CubeIDE_1.18.0/STM32CubeIDE/plugins/com.st.stm32cube.ide.mcu.externaltools.gnu-tools-for-stm32.13.3.rel1.win32_1.0.100.202509120712/tools/bin/../lib/gcc/arm-none-eabi/13.3.1/../../../../arm-none-eabi/lib/thumb/v7e-m+fp/hard\libm.a(libm_a-e_rem_pio2.o)
 .rodata.PIo2   0x08028ba0       0x40 D:/E/1subject/HK4/VXL_VDK/doan/STM32CubeIDE_1.18.0/STM32CubeIDE/plugins/com.st.stm32cube.ide.mcu.externaltools.gnu-tools-for-stm32.13.3.rel1.win32_1.0.100.202509120712/tools/bin/../lib/gcc/arm-none-eabi/13.3.1/../../../../arm-none-eabi/lib/thumb/v7e-m+fp/hard\libm.a(libm_a-k_rem_pio2.o)
 .rodata.init_jk
                0x08028be0       0x10 D:/E/1subject/HK4/VXL_VDK/doan/STM32CubeIDE_1.18.0/STM32CubeIDE/plugins/com.st.stm32cube.ide.mcu.externaltools.gnu-tools-for-stm32.13.3.rel1.win32_1.0.100.202509120712/tools/bin/../lib/gcc/arm-none-eabi/13.3.1/../../../../arm-none-eabi/lib/thumb/v7e-m+fp/hard\libm.a(libm_a-k_rem_pio2.o)
                0x08028bf0                        . = ALIGN (0x4)

.ARM.extab      0x08028bf0        0x0
                0x08028bf0                        . = ALIGN (0x4)
 *(.ARM.extab* .gnu.linkonce.armextab.*)
                0x08028bf0                        . = ALIGN (0x4)

.ARM            0x08028bf0        0x8
                0x08028bf0                        . = ALIGN (0x4)
                0x08028bf0                        __exidx_start = .
 *(.ARM.exidx*)
 .ARM.exidx     0x08028bf0        0x8 D:/E/1subject/HK4/VXL_VDK/doan/STM32CubeIDE_1.18.0/STM32CubeIDE/plugins/com.st.stm32cube.ide.mcu.externaltools.gnu-tools-for-stm32.13.3.rel1.win32_1.0.100.202509120712/tools/bin/../lib/gcc/arm-none-eabi/13.3.1/../../../../arm-none-eabi/lib/thumb/v7e-m+fp/hard\libc_nano.a(libc_a-memchr.o)
 .ARM.exidx     0x08028bf8        0x0 D:/E/1subject/HK4/VXL_VDK/doan/STM32CubeIDE_1.18.0/STM32CubeIDE/plugins/com.st.stm32cube.ide.mcu.externaltools.gnu-tools-for-stm32.13.3.rel1.win32_1.0.100.202509120712/tools/bin/../lib/gcc/arm-none-eabi/13.3.1/thumb/v7e-m+fp/hard\libgcc.a(_udivmoddi4.o)
                                  0x8 (size before relaxing)
                0x08028bf8                        __exidx_end = .
                0x08028bf8                        . = ALIGN (0x4)

.preinit_array  0x08028bf8        0x0
                0x08028bf8                        . = ALIGN (0x4)
                0x08028bf8                        PROVIDE (__preinit_array_start = .)
 *(.preinit_array*)
                0x08028bf8                        PROVIDE (__preinit_array_end = .)
                0x08028bf8                        . = ALIGN (0x4)

.init_array     0x08028bf8        0x4
                0x08028bf8                        . = ALIGN (0x4)
                0x08028bf8                        PROVIDE (__init_array_start = .)
 *(SORT_BY_NAME(.init_array.*))
 *(.init_array*)
 .init_array    0x08028bf8        0x4 D:/E/1subject/HK4/VXL_VDK/doan/STM32CubeIDE_1.18.0/STM32CubeIDE/plugins/com.st.stm32cube.ide.mcu.externaltools.gnu-tools-for-stm32.13.3.rel1.win32_1.0.100.202509120712/tools/bin/../lib/gcc/arm-none-eabi/13.3.1/thumb/v7e-m+fp/hard/crtbegin.o
                0x08028bfc                        PROVIDE (__init_array_end = .)
                0x08028bfc                        . = ALIGN (0x4)

.fini_array     0x08028bfc        0x4
                0x08028bfc                        . = ALIGN (0x4)
                [!provide]                        PROVIDE (__fini_array_start = .)
 *(SORT_BY_NAME(.fini_array.*))
 *(.fini_array*)
 .fini_array    0x08028bfc        0x4 D:/E/1subject/HK4/VXL_VDK/doan/STM32CubeIDE_1.18.0/STM32CubeIDE/plugins/com.st.stm32cube.ide.mcu.externaltools.gnu-tools-for-stm32.13.3.rel1.win32_1.0.100.202509120712/tools/bin/../lib/gcc/arm-none-eabi/13.3.1/thumb/v7e-m+fp/hard/crtbegin.o
                [!provide]                        PROVIDE (__fini_array_end = .)
                0x08028c00                        . = ALIGN (0x4)
                0x08028c00                        _sidata = LOADADDR (.data)

.rel.dyn        0x08028c00        0x0
 .rel.iplt      0x08028c00        0x0 D:/E/1subject/HK4/VXL_VDK/doan/STM32CubeIDE_1.18.0/STM32CubeIDE/plugins/com.st.stm32cube.ide.mcu.externaltools.gnu-tools-for-stm32.13.3.rel1.win32_1.0.100.202509120712/tools/bin/../lib/gcc/arm-none-eabi/13.3.1/thumb/v7e-m+fp/hard/crtbegin.o

.data           0x20000000       0x88 load address 0x08028c00
                0x20000000                        . = ALIGN (0x4)
                0x20000000                        _sdata = .
 *(.data)
 *(.data*)
 .data.btn_spi  0x20000000       0x10 ./Core/Src/main.o
                0x20000000                btn_spi
 .data.btn_uart
                0x20000010       0x10 ./Core/Src/main.o
                0x20000010                btn_uart
 .data.SystemCoreClock
                0x20000020        0x4 ./Core/Src/system_stm32f4xx.o
                0x20000020                SystemCoreClock
 .data.uwTickPrio
                0x20000024        0x4 ./Drivers/STM32F4xx_HAL_Driver/Src/stm32f4xx_hal.o
                0x20000024                uwTickPrio
 .data.uwTickFreq
                0x20000028        0x1 ./Drivers/STM32F4xx_HAL_Driver/Src/stm32f4xx_hal.o
                0x20000028                uwTickFreq
 *fill*         0x20000029        0x3 
 .data.__sglue  0x2000002c        0xc D:/E/1subject/HK4/VXL_VDK/doan/STM32CubeIDE_1.18.0/STM32CubeIDE/plugins/com.st.stm32cube.ide.mcu.externaltools.gnu-tools-for-stm32.13.3.rel1.win32_1.0.100.202509120712/tools/bin/../lib/gcc/arm-none-eabi/13.3.1/../../../../arm-none-eabi/lib/thumb/v7e-m+fp/hard\libc_nano.a(libc_a-findfp.o)
                0x2000002c                __sglue
 .data._impure_ptr
                0x20000038        0x4 D:/E/1subject/HK4/VXL_VDK/doan/STM32CubeIDE_1.18.0/STM32CubeIDE/plugins/com.st.stm32cube.ide.mcu.externaltools.gnu-tools-for-stm32.13.3.rel1.win32_1.0.100.202509120712/tools/bin/../lib/gcc/arm-none-eabi/13.3.1/../../../../arm-none-eabi/lib/thumb/v7e-m+fp/hard\libc_nano.a(libc_a-impure.o)
                0x20000038                _impure_ptr
 .data._impure_data
                0x2000003c       0x4c D:/E/1subject/HK4/VXL_VDK/doan/STM32CubeIDE_1.18.0/STM32CubeIDE/plugins/com.st.stm32cube.ide.mcu.externaltools.gnu-tools-for-stm32.13.3.rel1.win32_1.0.100.202509120712/tools/bin/../lib/gcc/arm-none-eabi/13.3.1/../../../../arm-none-eabi/lib/thumb/v7e-m+fp/hard\libc_nano.a(libc_a-impure.o)
                0x2000003c                _impure_data
 *(.RamFunc)
 *(.RamFunc*)
                0x20000088                        . = ALIGN (0x4)
                0x20000088                        _edata = .
                0x08028c88                        _siccmram = LOADADDR (.ccmram)

.igot.plt       0x20000088        0x0 load address 0x08028c88
 .igot.plt      0x20000088        0x0 D:/E/1subject/HK4/VXL_VDK/doan/STM32CubeIDE_1.18.0/STM32CubeIDE/plugins/com.st.stm32cube.ide.mcu.externaltools.gnu-tools-for-stm32.13.3.rel1.win32_1.0.100.202509120712/tools/bin/../lib/gcc/arm-none-eabi/13.3.1/thumb/v7e-m+fp/hard/crtbegin.o

.ccmram         0x10000000        0x0 load address 0x08028c88
                0x10000000                        . = ALIGN (0x4)
                0x10000000                        _sccmram = .
 *(.ccmram)
 *(.ccmram*)
                0x10000000                        . = ALIGN (0x4)
                0x10000000                        _eccmram = .
                0x10000000                        . = ALIGN (0x4)

.bss            0x20000088     0x1eb0
                0x20000088                        _sbss = .
                0x20000088                        __bss_start__ = _sbss
 *(.bss)
 .bss           0x20000088       0x1c D:/E/1subject/HK4/VXL_VDK/doan/STM32CubeIDE_1.18.0/STM32CubeIDE/plugins/com.st.stm32cube.ide.mcu.externaltools.gnu-tools-for-stm32.13.3.rel1.win32_1.0.100.202509120712/tools/bin/../lib/gcc/arm-none-eabi/13.3.1/thumb/v7e-m+fp/hard/crtbegin.o
 *(.bss*)
 .bss.spi_led_buffer
                0x200000a4       0x80 ./Core/Src/main.o
                0x200000a4                spi_led_buffer
 .bss.usart_led_buffer
                0x20000124       0x80 ./Core/Src/main.o
                0x20000124                usart_led_buffer
 .bss.smoothed_val
                0x200001a4        0x4 ./Core/Src/main.o
                0x200001a4                smoothed_val
 .bss.rain_hues
                0x200001a8       0x3c ./Core/Src/main.o
 .bss.rain_vals
                0x200001e4       0x1e ./Core/Src/main.o
 *fill*         0x20000202        0x2 
 .bss.fire_heat
                0x20000204       0x1e ./Core/Src/main.o
 *fill*         0x20000222        0x2 
 .bss.adc_buffer
                0x20000224      0x400 ./Core/Src/main.o
                0x20000224                adc_buffer
 .bss.fft_in_buf
                0x20000624      0x800 ./Core/Src/main.o
                0x20000624                fft_in_buf
 .bss.fft_out_buf
                0x20000e24      0x800 ./Core/Src/main.o
                0x20000e24                fft_out_buf
 .bss.fft_mag_buf
                0x20001624      0x400 ./Core/Src/main.o
                0x20001624                fft_mag_buf
 .bss.fft_process_flag
                0x20001a24        0x1 ./Core/Src/main.o
                0x20001a24                fft_process_flag
 *fill*         0x20001a25        0x3 
 .bss.fft_handler
                0x20001a28       0x18 ./Core/Src/main.o
                0x20001a28                fft_handler
 .bss.debug_peak_val
                0x20001a40        0x4 ./Core/Src/main.o
                0x20001a40                debug_peak_val
 .bss.debug_peak_hz
                0x20001a44        0x4 ./Core/Src/main.o
                0x20001a44                debug_peak_hz
 .bss.audio_peak_val
                0x20001a48        0x4 ./Core/Src/main.o
                0x20001a48                audio_peak_val
 .bss.audio_peak_hz
                0x20001a4c        0x4 ./Core/Src/main.o
                0x20001a4c                audio_peak_hz
 .bss.effect_mode_spi
                0x20001a50        0x1 ./Core/Src/main.o
                0x20001a50                effect_mode_spi
 .bss.effect_mode_uart
                0x20001a51        0x1 ./Core/Src/main.o
                0x20001a51                effect_mode_uart
 .bss.bt_rx_data
                0x20001a52        0x1 ./Core/Src/main.o
                0x20001a52                bt_rx_data
 *fill*         0x20001a53        0x1 
 .bss.brightness
                0x20001a54        0x4 ./Core/Src/main.o
                0x20001a54                brightness
 .bss.adc_val   0x20001a58        0x4 ./Core/Src/main.o
                0x20001a58                adc_val
 .bss.hadc1     0x20001a5c       0x48 ./Core/Src/main.o
                0x20001a5c                hadc1
 .bss.hadc2     0x20001aa4       0x48 ./Core/Src/main.o
                0x20001aa4                hadc2
 .bss.hdma_adc1
                0x20001aec       0x60 ./Core/Src/main.o
                0x20001aec                hdma_adc1
 .bss.hdma_adc2
                0x20001b4c       0x60 ./Core/Src/main.o
                0x20001b4c                hdma_adc2
 .bss.hspi3     0x20001bac       0x58 ./Core/Src/main.o
                0x20001bac                hspi3
 .bss.hdma_spi3_tx
                0x20001c04       0x60 ./Core/Src/main.o
                0x20001c04                hdma_spi3_tx
 .bss.htim2     0x20001c64       0x48 ./Core/Src/main.o
                0x20001c64                htim2
 .bss.htim3     0x20001cac       0x48 ./Core/Src/main.o
                0x20001cac                htim3
 .bss.huart2    0x20001cf4       0x48 ./Core/Src/main.o
                0x20001cf4                huart2
 .bss.husart6   0x20001d3c       0x44 ./Core/Src/main.o
                0x20001d3c                husart6
 .bss.hdma_usart6_tx
                0x20001d80       0x60 ./Core/Src/main.o
                0x20001d80                hdma_usart6_tx
 .bss.hue_counter.0
                0x20001de0        0x2 ./Core/Src/main.o
 *fill*         0x20001de2        0x2 
 .bss.__sbrk_heap_end
                0x20001de4        0x4 ./Core/Src/sysmem.o
 .bss.uwTick    0x20001de8        0x4 ./Drivers/STM32F4xx_HAL_Driver/Src/stm32f4xx_hal.o
                0x20001de8                uwTick
 .bss.__sf      0x20001dec      0x138 D:/E/1subject/HK4/VXL_VDK/doan/STM32CubeIDE_1.18.0/STM32CubeIDE/plugins/com.st.stm32cube.ide.mcu.externaltools.gnu-tools-for-stm32.13.3.rel1.win32_1.0.100.202509120712/tools/bin/../lib/gcc/arm-none-eabi/13.3.1/../../../../arm-none-eabi/lib/thumb/v7e-m+fp/hard\libc_nano.a(libc_a-findfp.o)
                0x20001dec                __sf
 .bss.__stdio_exit_handler