Archive member included to satisfy reference by file (symbol)

../Middlewares/ST/ARM/DSP/Lib\libarm_cortexM4lf_math.a(arm_rfft_fast_init_f32.o)
                              ./Core/Src/main.o (arm_rfft_fast_init_f32)
../Middlewares/ST/ARM/DSP/Lib\libarm_cortexM4lf_math.a(arm_rfft_fast_f32.o)
                              ./Core/Src/main.o (arm_rfft_fast_f32)
../Middlewares/ST/ARM/DSP/Lib\libarm_cortexM4lf_math.a(arm_cfft_f32.o)
                              ../Middlewares/ST/ARM/DSP/Lib\libarm_cortexM4lf_math.a(arm_rfft_fast_f32.o) (arm_cfft_f32)
../Middlewares/ST/ARM/DSP/Lib\libarm_cortexM4lf_math.a(arm_bitreversal2.o)
                              ../Middlewares/ST/ARM/DSP/Lib\libarm_cortexM4lf_math.a(arm_cfft_f32.o) (arm_bitreversal_32)
../Middlewares/ST/ARM/DSP/Lib\libarm_cortexM4lf_math.a(arm_cmplx_mag_f32.o)
                              ./Core/Src/main.o (arm_cmplx_mag_f32)
../Middlewares/ST/ARM/DSP/Lib\libarm_cortexM4lf_math.a(arm_common_tables.o)
                              ../Middlewares/ST/ARM/DSP/Lib\libarm_cortexM4lf_math.a(arm_rfft_fast_init_f32.o) (twiddleCoef_rfft_4096)
../Middlewares/ST/ARM/DSP/Lib\libarm_cortexM4lf_math.a(arm_cfft_init_f32.o)
                              ../Middlewares/ST/ARM/DSP/Lib\libarm_cortexM4lf_math.a(arm_rfft_fast_init_f32.o) (arm_cfft_init_f32)
../Middlewares/ST/ARM/DSP/Lib\libarm_cortexM4lf_math.a(arm_cfft_radix8_f32.o)
                              ../Middlewares/ST/ARM/DSP/Lib\libarm_cortexM4lf_math.a(arm_cfft_f32.o) (arm_radix8_butterfly_f32)
../Middlewares/ST/ARM/DSP/Lib\libarm_cortexM4lf_math.a(arm_const_structs.o)
                              ../Middlewares/ST/ARM/DSP/Lib\libarm_cortexM4lf_math.a(arm_cfft_init_f32.o) (arm_cfft_sR_f32_len4096)
D:/Apps/Study/STM32IDE/STM32CubeIDE_1.18.1/STM32CubeIDE/plugins/com.st.stm32cube.ide.mcu.externaltools.gnu-tools-for-stm32.13.3.rel1.win32_1.0.0.202411081344/tools/bin/../lib/gcc/arm-none-eabi/13.3.1/../../../../arm-none-eabi/lib/thumb/v7e-m+fp/hard\libc_nano.a(libc_a-exit.o)
                              D:/Apps/Study/STM32IDE/STM32CubeIDE_1.18.1/STM32CubeIDE/plugins/com.st.stm32cube.ide.mcu.externaltools.gnu-tools-for-stm32.13.3.rel1.win32_1.0.0.202411081344/tools/bin/../lib/gcc/arm-none-eabi/13.3.1/../../../../arm-none-eabi/lib/thumb/v7e-m+fp/hard/crt0.o (exit)
D:/Apps/Study/STM32IDE/STM32CubeIDE_1.18.1/STM32CubeIDE/plugins/com.st.stm32cube.ide.mcu.externaltools.gnu-tools-for-stm32.13.3.rel1.win32_1.0.0.202411081344/tools/bin/../lib/gcc/arm-none-eabi/13.3.1/../../../../arm-none-eabi/lib/thumb/v7e-m+fp/hard\libc_nano.a(libc_a-rand.o)
                              ./Core/Src/main.o (rand)
D:/Apps/Study/STM32IDE/STM32CubeIDE_1.18.1/STM32CubeIDE/plugins/com.st.stm32cube.ide.mcu.externaltools.gnu-tools-for-stm32.13.3.rel1.win32_1.0.0.202411081344/tools/bin/../lib/gcc/arm-none-eabi/13.3.1/../../../../arm-none-eabi/lib/thumb/v7e-m+fp/hard\libc_nano.a(libc_a-findfp.o)
                              D:/Apps/Study/STM32IDE/STM32CubeIDE_1.18.1/STM32CubeIDE/plugins/com.st.stm32cube.ide.mcu.externaltools.gnu-tools-for-stm32.13.3.rel1.win32_1.0.0.202411081344/tools/bin/../lib/gcc/arm-none-eabi/13.3.1/../../../../arm-none-eabi/lib/thumb/v7e-m+fp/hard\libc_nano.a(libc_a-exit.o) (__stdio_exit_handler)
D:/Apps/Study/STM32IDE/STM32CubeIDE_1.18.1/STM32CubeIDE/plugins/com.st.stm32cube.ide.mcu.externaltools.gnu-tools-for-stm32.13.3.rel1.win32_1.0.0.202411081344/tools/bin/../lib/gcc/arm-none-eabi/13.3.1/../../../../arm-none-eabi/lib/thumb/v7e-m+fp/hard\libc_nano.a(libc_a-fwalk.o)
                              D:/Apps/Study/STM32IDE/STM32CubeIDE_1.18.1/STM32CubeIDE/plugins/com.st.stm32cube.ide.mcu.externaltools.gnu-tools-for-stm32.13.3.rel1.win32_1.0.0.202411081344/tools/bin/../lib/gcc/arm-none-eabi/13.3.1/../../../../arm-none-eabi/lib/thumb/v7e-m+fp/hard\libc_nano.a(libc_a-findfp.o) (_fwalk_sglue)
D:/Apps/Study/STM32IDE/STM32CubeIDE_1.18.1/STM32CubeIDE/plugins/com.st.stm32cube.ide.mcu.externaltools.gnu-tools-for-stm32.13.3.rel1.win32_1.0.0.202411081344/tools/bin/../lib/gcc/arm-none-eabi/13.3.1/../../../../arm-none-eabi/lib/thumb/v7e-m+fp/hard\libc_nano.a(libc_a-stdio.o)
                              D:/Apps/Study/STM32IDE/STM32CubeIDE_1.18.1/STM32CubeIDE/plugins/com.st.stm32cube.ide.mcu.externaltools.gnu-tools-for-stm32.13.3.rel1.win32_1.0.0.202411081344/tools/bin/../lib/gcc/arm-none-eabi/13.3.1/../../../../arm-none-eabi/lib/thumb/v7e-m+fp/hard\libc_nano.a(libc_a-findfp.o) (__sread)
D:/Apps/Study/STM32IDE/STM32CubeIDE_1.18.1/STM32CubeIDE/plugins/com.st.stm32cube.ide.mcu.externaltools.gnu-tools-for-stm32.13.3.rel1.win32_1.0.0.202411081344/tools/bin/../lib/gcc/arm-none-eabi/13.3.1/../../../../arm-none-eabi/lib/thumb/v7e-m+fp/hard\libc_nano.a(libc_a-memset.o)
[...]
Memory Configuration

Name             Origin             Length             Attributes
CCMRAM           0x10000000         0x00010000         xrw
RAM              0x20000000         0x00020000         xrw
FLASH            0x08000000         0x00080000         xr
*default*        0x00000000         0xffffffff

Linker script and memory map

LOAD D:/Apps/Study/STM32IDE/STM32CubeIDE_1.18.1/STM32CubeIDE/plugins/com.st.stm32cube.ide.mcu.externaltools.gnu-tools-for-stm32.13.3.rel1.win32_1.0.0.202411081344/tools/bin/../lib/gcc/arm-none-eabi/13.3.1/thumb/v7e-m+fp/hard/crti.o
LOAD D:/Apps/Study/STM32IDE/STM32CubeIDE_1.18.1/STM32CubeIDE/plugins/com.st.stm32cube.ide.mcu.externaltools.gnu-tools-for-stm32.13.3.rel1.win32_1.0.0.202411081344/tools/bin/../lib/gcc/arm-none-eabi/13.3.1/thumb/v7e-m+fp/hard/crtbegin.o
LOAD D:/Apps/Study/STM32IDE/STM32CubeIDE_1.18.1/STM32CubeIDE/plugins/com.st.stm32cube.ide.mcu.externaltools.gnu-tools-for-stm32.13.3.rel1.win32_1.0.0.202411081344/tools/bin/../lib/gcc/arm-none-eabi/13.3.1/../../../../arm-none-eabi/lib/thumb/v7e-m+fp/hard/crt0.o
LOAD ./Core/Src/main.o
LOAD ./Core/Src/stm32f4xx_hal_msp.o
LOAD ./Core/Src/stm32f4xx_it.o
LOAD ./Core/Src/syscalls.o
LOAD ./Core/Src/sysmem.o
LOAD ./Core/Src/system_stm32f4xx.o
LOAD ./Core/Startup/startup_stm32f407vetx.o
LOAD ./Drivers/STM32F4xx_HAL_Driver/Src/stm32f4xx_hal.o
LOAD ./Drivers/STM32F4xx_HAL_Driver/Src/stm32f4xx_hal_adc.o
LOAD ./Drivers/STM32F4xx_HAL_Driver/Src/stm32f4xx_hal_adc_ex.o
LOAD ./Drivers/STM32F4xx_HAL_Driver/Src/stm32f4xx_hal_cortex.o
LOAD ./Drivers/STM32F4xx_HAL_Driver/Src/stm32f4xx_hal_dma.o
LOAD ./Drivers/STM32F4xx_HAL_Driver/Src/stm32f4xx_hal_dma_ex.o
LOAD ./Drivers/STM32F4xx_HAL_Driver/Src/stm32f4xx_hal_exti.o
LOAD ./Drivers/STM32F4xx_HAL_Driver/Src/stm32f4xx_hal_flash.o
LOAD ./Drivers/STM32F4xx_HAL_Driver/Src/stm32f4xx_hal_flash_ex.o
LOAD ./Drivers/STM32F4xx_HAL_Driver/Src/stm32f4xx_hal_flash_ramfunc.o
LOAD ./Drivers/STM32F4xx_HAL_Driver/Src/stm32f4xx_hal_gpio.o
LOAD ./Drivers/STM32F4xx_HAL_Driver/Src/stm32f4xx_hal_pwr.o
LOAD ./Drivers/STM32F4xx_HAL_Driver/Src/stm32f4xx_hal_pwr_ex.o
LOAD ./Drivers/STM32F4xx_HAL_Driver/Src/stm32f4xx_hal_rcc.o
LOAD ./Drivers/STM32F4xx_HAL_Driver/Src/stm32f4xx_hal_rcc_ex.o
LOAD ./Drivers/STM32F4xx_HAL_Driver/Src/stm32f4xx_hal_spi.o
LOAD ./Drivers/STM32F4xx_HAL_Driver/Src/stm32f4xx_hal_tim.o
LOAD ./Drivers/STM32F4xx_HAL_Driver/Src/stm32f4xx_hal_tim_ex.o
LOAD ./Drivers/STM32F4xx_HAL_Driver/Src/stm32f4xx_hal_usart.o
LOAD ./Drivers/STM32F4xx_HAL_Driver/Src/stm32f4xx_ll_adc.o
LOAD ../Middlewares/ST/ARM/DSP/Lib\libarm_cortexM4lf_math.a
START GROUP
LOAD D:/Apps/Study/STM32IDE/STM32CubeIDE_1.18.1/STM32CubeIDE/plugins/com.st.stm32cube.ide.mcu.externaltools.gnu-tools-for-stm32.13.3.rel1.win32_1.0.0.202411081344/tools/bin/../lib/gcc/arm-none-eabi/13.3.1/../../../../arm-none-eabi/lib/thumb/v7e-m+fp/hard\libc_nano.a
LOAD D:/Apps/Study/STM32IDE/STM32CubeIDE_1.18.1/STM32CubeIDE/plugins/com.st.stm32cube.ide.mcu.externaltools.gnu-tools-for-stm32.13.3.rel1.win32_1.0.0.202411081344/tools/bin/../lib/gcc/arm-none-eabi/13.3.1/../../../../arm-none-eabi/lib/thumb/v7e-m+fp/hard\libm.a
END GROUP
START GROUP
LOAD D:/Apps/Study/STM32IDE/STM32CubeIDE_1.18.1/STM32CubeIDE/plugins/com.st.stm32cube.ide.mcu.externaltools.gnu-tools-for-stm32.13.3.rel1.win32_1.0.0.202411081344/tools/bin/../lib/gcc/arm-none-eabi/13.3.1/thumb/v7e-m+fp/hard\libgcc.a
LOAD D:/Apps/Study/STM32IDE/STM32CubeIDE_1.18.1/STM32CubeIDE/plugins/com.st.stm32cube.ide.mcu.externaltools.gnu-tools-for-stm32.13.3.rel1.win32_1.0.0.202411081344/tools/bin/../lib/gcc/arm-none-eabi/13.3.1/../../../../arm-none-eabi/lib/thumb/v7e-m+fp/hard\libc_nano.a
END GROUP
START GROUP
LOAD D:/Apps/Study/STM32IDE/STM32CubeIDE_1.18.1/STM32CubeIDE/plugins/com.st.stm32cube.ide.mcu.externaltools.gnu-tools-for-stm32.13.3.rel1.win32_1.0.0.202411081344/tools/bin/../lib/gcc/arm-none-eabi/13.3.1/thumb/v7e-m+fp/hard\libgcc.a
LOAD D:/Apps/Study/STM32IDE/STM32CubeIDE_1.18.1/STM32CubeIDE/plugins/com.st.stm32cube.ide.mcu.externaltools.gnu-tools-for-stm32.13.3.rel1.win32_1.0.0.202411081344/tools/bin/../lib/gcc/arm-none-eabi/13.3.1/../../../../arm-none-eabi/lib/thumb/v7e-m+fp/hard\libc_nano.a
LOAD D:/Apps/Study/STM32IDE/STM32CubeIDE_1.18.1/STM32CubeIDE/plugins/com.st.stm32cube.ide.mcu.externaltools.gnu-tools-for-stm32.13.3.rel1.win32_1.0.0.202411081344/tools/bin/../lib/gcc/arm-none-eabi/13.3.1/../../../../arm-none-eabi/lib/thumb/v7e-m+fp/hard\libnosys.a
END GROUP
START GROUP
LOAD D:/Apps/Study/STM32IDE/STM32CubeIDE_1.18.1/STM32CubeIDE/plugins/com.st.stm32cube.ide.mcu.externaltools.gnu-tools-for-stm32.13.3.rel1.win32_1.0.0.202411081344/tools/bin/../lib/gcc/arm-none-eabi/13.3.1/thumb/v7e-m+fp/hard\libgcc.a
LOAD D:/Apps/Study/STM32IDE/STM32CubeIDE_1.18.1/STM32CubeIDE/plugins/com.st.stm32cube.ide.mcu.externaltools.gnu-tools-for-stm32.13.3.rel1.win32_1.0.0.202411081344/tools/bin/../lib/gcc/arm-none-eabi/13.3.1/../../../../arm-none-eabi/lib/thumb/v7e-m+fp/hard\libc_nano.a
LOAD D:/Apps/Study/STM32IDE/STM32CubeIDE_1.18.1/STM32CubeIDE/plugins/com.st.stm32cube.ide.mcu.externaltools.gnu-tools-for-stm32.13.3.rel1.win32_1.0.0.202411081344/tools/bin/../lib/gcc/arm-none-eabi/13.3.1/../../../../arm-none-eabi/lib/thumb/v7e-m+fp/hard\libnosys.a
END GROUP
LOAD D:/Apps/Study/STM32IDE/STM32CubeIDE_1.18.1/STM32CubeIDE/plugins/com.st.stm32cube.ide.mcu.externaltools.gnu-tools-for-stm32.13.3.rel1.win32_1.0.0.202411081344/tools/bin/../lib/gcc/arm-none-eabi/13.3.1/thumb/v7e-m+fp/hard/crtend.o
LOAD D:/Apps/Study/STM32IDE/STM32CubeIDE_1.18.1/STM32CubeIDE/plugins/com.st.stm32cube.ide.mcu.externaltools.gnu-tools-for-stm32.13.3.rel1.win32_1.0.0.202411081344/tools/bin/../lib/gcc/arm-none-eabi/13.3.1/thumb/v7e-m+fp/hard/crtn.o
                0x20020000                        _estack = (ORIGIN (RAM) + LENGTH (RAM))
                0x00000200                        _Min_Heap_Size = 0x200
                0x00000400                        _Min_Stack_Size = 0x400

.isr_vector     0x08000000      0x188
                0x08000000                        . = ALIGN (0x4)
 *(.isr_vector)
 .isr_vector    0x08000000      0x188 ./Core/Startup/startup_stm32f407vetx.o
                0x08000000                g_pfnVectors
                0x08000188                        . = ALIGN (0x4)

.text           0x08000190     0x8a78
                0x08000190                        . = ALIGN (0x4)
 *(.text)
 .text          0x08000190       0x40 D:/Apps/Study/STM32IDE/STM32CubeIDE_1.18.1/STM32CubeIDE/plugins/com.st.stm32cube.ide.mcu.externaltools.gnu-tools-for-stm32.13.3.rel1.win32_1.0.0.202411081344/tools/bin/../lib/gcc/arm-none-eabi/13.3.1/thumb/v7e-m+fp/hard/crtbegin.o
 .text          0x080001d0       0xa0 D:/Apps/Study/STM32IDE/STM32CubeIDE_1.18.1/STM32CubeIDE/plugins/com.st.stm32cube.ide.mcu.externaltools.gnu-tools-for-stm32.13.3.rel1.win32_1.0.0.202411081344/tools/bin/../lib/gcc/arm-none-eabi/13.3.1/../../../../arm-none-eabi/lib/thumb/v7e-m+fp/hard\libc_nano.a(libc_a-memchr.o)
                0x080001d0                memchr
 .text          0x08000270      0x378 D:/Apps/Study/STM32IDE/STM32CubeIDE_1.18.1/STM32CubeIDE/plugins/com.st.stm32cube.ide.mcu.externaltools.gnu-tools-for-stm32.13.3.rel1.win32_1.0.0.202411081344/tools/bin/../lib/gcc/arm-none-eabi/13.3.1/thumb/v7e-m+fp/hard\libgcc.a(_arm_addsubdf3.o)
                0x08000270                __aeabi_drsub
                0x08000278                __aeabi_dsub
                0x08000278                __subdf3
                0x0800027c                __aeabi_dadd
                0x0800027c                __adddf3
                0x080004f4                __floatunsidf
                0x080004f4                __aeabi_ui2d
                0x08000514                __floatsidf
                0x08000514                __aeabi_i2d
                0x08000538                __aeabi_f2d
                0x08000538                __extendsfdf2
                0x0800057c                __floatundidf
                0x0800057c                __aeabi_ul2d
                0x0800058c                __floatdidf
                0x0800058c                __aeabi_l2d
 .text          0x080005e8      0x424 D:/Apps/Study/STM32IDE/STM32CubeIDE_1.18.1/STM32CubeIDE/plugins/com.st.stm32cube.ide.mcu.externaltools.gnu-tools-for-stm32.13.3.rel1.win32_1.0.0.202411081344/tools/bin/../lib/gcc/arm-none-eabi/13.3.1/thumb/v7e-m+fp/hard\libgcc.a(_arm_muldivdf3.o)
                0x080005e8                __aeabi_dmul
                0x080005e8                __muldf3
                0x0800083c                __divdf3
                0x0800083c                __aeabi_ddiv
 .text          0x08000a0c       0x40 D:/Apps/Study/STM32IDE/STM32CubeIDE_1.18.1/STM32CubeIDE/plugins/com.st.stm32cube.ide.mcu.externaltools.gnu-tools-for-stm32.13.3.rel1.win32_1.0.0.202411081344/tools/bin/../lib/gcc/arm-none-eabi/13.3.1/thumb/v7e-m+fp/hard\libgcc.a(_arm_fixunsdfsi.o)
                0x08000a0c                __aeabi_d2uiz
                0x08000a0c                __fixunsdfsi
 .text          0x08000a4c       0x30 D:/Apps/Study/STM32IDE/STM32CubeIDE_1.18.1/STM32CubeIDE/plugins/com.st.stm32cube.ide.mcu.externaltools.gnu-tools-for-stm32.13.3.rel1.win32_1.0.0.202411081344/tools/bin/../lib/gcc/arm-none-eabi/13.3.1/thumb/v7e-m+fp/hard\libgcc.a(_aeabi_uldivmod.o)
                0x08000a4c                __aeabi_uldivmod
 .text          0x08000a7c      0x2f8 D:/Apps/Study/STM32IDE/STM32CubeIDE_1.18.1/STM32CubeIDE/plugins/com.st.stm32cube.ide.mcu.externaltools.gnu-tools-for-stm32.13.3.rel1.win32_1.0.0.202411081344/tools/bin/../lib/gcc/arm-none-eabi/13.3.1/thumb/v7e-m+fp/hard\libgcc.a(_udivmoddi4.o)
                0x08000a7c                __udivmoddi4
 .text          0x08000d74        0x4 D:/Apps/Study/STM32IDE/STM32CubeIDE_1.18.1/STM32CubeIDE/plugins/com.st.stm32cube.ide.mcu.externaltools.gnu-tools-for-stm32.13.3.rel1.win32_1.0.0.202411081344/tools/bin/../lib/gcc/arm-none-eabi/13.3.1/thumb/v7e-m+fp/hard\libgcc.a(_dvmd_tls.o)
                0x08000d74                __aeabi_idiv0
                0x08000d74                __aeabi_ldiv0
 *(.text*)
 .text.audio_init
                0x08000d78       0x2c ./Core/Src/main.o
                0x08000d78                audio_init
 .text.process_audio_data
                0x08000da4      0x1e4 ./Core/Src/main.o
                0x08000da4                process_audio_data
 .text.HAL_ADC_ConvCpltCallback
                0x08000f88       0x34 ./Core/Src/main.o
                0x08000f88                HAL_ADC_ConvCpltCallback
 .text.spi_update
                0x08000fbc       0x1c ./Core/Src/main.o
                0x08000fbc                spi_update
 .text.spi_set_led
                0x08000fd8       0x6c ./Core/Src/main.o
                0x08000fd8                spi_set_led
 .text.spi_init_buffer
                0x08001044       0x78 ./Core/Src/main.o
                0x08001044                spi_init_buffer
 .text.usart_set_led
                0x080010bc       0x6c ./Core/Src/main.o
                0x080010bc                usart_set_led
 .text.usart_update
                0x08001128       0x28 ./Core/Src/main.o
                0x08001128                usart_update
 .text.usart_init_buffer
                0x08001150       0x78 ./Core/Src/main.o
                0x08001150                usart_init_buffer
 .text.update_all_strips
                0x080011c8       0x10 ./Core/Src/main.o
                0x080011c8                update_all_strips
 .text.led_init
                0x080011d8       0x14 ./Core/Src/main.o
                0x080011d8                led_init
 .text.set_pixel_color
                0x080011ec       0x4a ./Core/Src/main.o
                0x080011ec                set_pixel_color
 *fill*         0x08001236        0x2 
 .text.hsv_to_rgb
                0x08001238      0x190 ./Core/Src/main.o
                0x08001238                hsv_to_rgb
 .text.effect_startup_breathing
                0x080013c8       0xfa ./Core/Src/main.o
                0x080013c8                effect_startup_breathing
 *fill*         0x080014c2        0x2 
 .text.effect_vu_meter_smart
                0x080014c4      0x148 ./Core/Src/main.o
                0x080014c4                effect_vu_meter_smart
 .text.effect_freq_color
                0x0800160c      0x174 ./Core/Src/main.o
                0x0800160c                effect_freq_color
 .text.effect_rainbow_pulse
                0x08001780      0x104 ./Core/Src/main.o
                0x08001780                effect_rainbow_pulse
 *fill*         0x08001884        0x4 
 .text.effect_music_rain
                0x08001888      0x1ec ./Core/Src/main.o
                0x08001888                effect_music_rain
 *fill*         0x08001a74        0x4 
 .text.effect_falling_rain
                0x08001a78      0x1e0 ./Core/Src/main.o
                0x08001a78                effect_falling_rain
 .text.effect_fire
                0x08001c58      0x224 ./Core/Src/main.o
                0x08001c58                effect_fire
 *fill*         0x08001e7c        0x4 
 .text.effect_center_pulse
                0x08001e80      0x134 ./Core/Src/main.o
                0x08001e80                effect_center_pulse
 .text.led_effects_manager
                0x08001fb4      0x114 ./Core/Src/main.o
                0x08001fb4                led_effects_manager
 .text.main     0x080020c8       0xd0 ./Core/Src/main.o
                0x080020c8                main
 .text.SystemClock_Config
                0x08002198       0xd4 ./Core/Src/main.o
                0x08002198                SystemClock_Config
 .text.MX_ADC1_Init
                0x0800226c       0xa4 ./Core/Src/main.o
 .text.MX_SPI3_Init
                0x08002310       0x6c ./Core/Src/main.o
 .text.MX_TIM2_Init
                0x0800237c       0x98 ./Core/Src/main.o
 .text.MX_USART6_Init
                0x08002414       0x5c ./Core/Src/main.o
 .text.MX_DMA_Init
                0x08002470       0x7c ./Core/Src/main.o
 .text.MX_GPIO_Init
                0x080024ec       0x6c ./Core/Src/main.o
 .text.HAL_SPI_TxCpltCallback
                0x08002558       0x14 ./Core/Src/main.o
                0x08002558                HAL_SPI_TxCpltCallback
 .text.Error_Handler
                0x0800256c        0xc ./Core/Src/main.o
                0x0800256c                Error_Handler
 .text.HAL_MspInit
                0x08002578       0x50 ./Core/Src/stm32f4xx_hal_msp.o
                0x08002578                HAL_MspInit
 .text.HAL_ADC_MspInit
                0x080025c8       0xf0 ./Core/Src/stm32f4xx_hal_msp.o
                0x080025c8                HAL_ADC_MspInit
 .text.HAL_SPI_MspInit
                0x080026b8      0x144 ./Core/Src/stm32f4xx_hal_msp.o
                0x080026b8                HAL_SPI_MspInit
 .text.HAL_TIM_Base_MspInit
                0x080027fc       0x40 ./Core/Src/stm32f4xx_hal_msp.o
                0x080027fc                HAL_TIM_Base_MspInit
 .text.HAL_USART_MspInit
                0x0800283c      0x104 ./Core/Src/stm32f4xx_hal_msp.o
                0x0800283c                HAL_USART_MspInit
 .text.NMI_Handler
                0x08002940        0x8 ./Core/Src/stm32f4xx_it.o
                0x08002940                NMI_Handler
 .text.HardFault_Handler
                0x08002948        0x8 ./Core/Src/stm32f4xx_it.o
                0x08002948                HardFault_Handler
 .text.MemManage_Handler
                0x08002950        0x8 ./Core/Src/stm32f4xx_it.o
                0x08002950                MemManage_Handler
 .text.BusFault_Handler
                0x08002958        0x8 ./Core/Src/stm32f4xx_it.o
                0x08002958                BusFault_Handler
 .text.UsageFault_Handler
                0x08002960        0x8 ./Core/Src/stm32f4xx_it.o
                0x08002960                UsageFault_Handler
 .text.SVC_Handler
                0x08002968        0xe ./Core/Src/stm32f4xx_it.o
                0x08002968                SVC_Handler
 .text.DebugMon_Handler
                0x08002976        0xe ./Core/Src/stm32f4xx_it.o
                0x08002976                DebugMon_Handler
 .text.PendSV_Handler
                0x08002984        0xe ./Core/Src/stm32f4xx_it.o
                0x08002984                PendSV_Handler
 .text.SysTick_Handler
                0x08002992        0xc ./Core/Src/stm32f4xx_it.o
                0x08002992                SysTick_Handler
 *fill*         0x0800299e        0x2 
 .text.DMA1_Stream5_IRQHandler
                0x080029a0       0x14 ./Core/Src/stm32f4xx_it.o
                0x080029a0                DMA1_Stream5_IRQHandler
 .text.SPI3_IRQHandler
                0x080029b4       0x14 ./Core/Src/stm32f4xx_it.o
                0x080029b4                SPI3_IRQHandler
 .text.DMA2_Stream0_IRQHandler
                0x080029c8       0x14 ./Core/Src/stm32f4xx_it.o
                0x080029c8                DMA2_Stream0_IRQHandler
 .text.DMA2_Stream6_IRQHandler
                0x080029dc       0x14 ./Core/Src/stm32f4xx_it.o
                0x080029dc                DMA2_Stream6_IRQHandler
 .text.USART6_IRQHandler
                0x080029f0       0x14 ./Core/Src/stm32f4xx_it.o
                0x080029f0                USART6_IRQHandler
 .text._getpid  0x08002a04       0x10 ./Core/Src/syscalls.o
                0x08002a04                _getpid
 .text._kill    0x08002a14       0x20 ./Core/Src/syscalls.o
                0x08002a14                _kill
 .text._exit    0x08002a34       0x16 ./Core/Src/syscalls.o
                0x08002a34                _exit
 .text._read    0x08002a4a       0x3a ./Core/Src/syscalls.o
                0x08002a4a                _read
 .text._write   0x08002a84       0x38 ./Core/Src/syscalls.o
                0x08002a84                _write
 .text._close   0x08002abc       0x18 ./Core/Src/syscalls.o
                0x08002abc                _close
 .text._fstat   0x08002ad4       0x20 ./Core/Src/syscalls.o
                0x08002ad4                _fstat
 .text._isatty  0x08002af4       0x16 ./Core/Src/syscalls.o
                0x08002af4                _isatty
 .text._lseek   0x08002b0a       0x1a ./Core/Src/syscalls.o
                0x08002b0a                _lseek
 .text._sbrk    0x08002b24       0x6c ./Core/Src/sysmem.o
                0x08002b24                _sbrk
 .text.SystemInit
                0x08002b90       0x24 ./Core/Src/system_stm32f4xx.o
                0x08002b90                SystemInit
 .text.Reset_Handler
                0x08002bb4       0x50 ./Core/Startup/startup_stm32f407vetx.o
                0x08002bb4                Reset_Handler
 .text.Default_Handler
                0x08002c04        0x2 ./Core/Startup/startup_stm32f407vetx.o
                0x08002c04                RTC_Alarm_IRQHandler
                0x08002c04                HASH_RNG_IRQHandler
                0x08002c04                EXTI2_IRQHandler
                0x08002c04                TIM8_CC_IRQHandler
                0x08002c04                TIM1_CC_IRQHandler
                0x08002c04                DMA2_Stream5_IRQHandler
                0x08002c04                PVD_IRQHandler
                0x08002c04                SDIO_IRQHandler
                0x08002c04                TAMP_STAMP_IRQHandler
                0x08002c04                CAN2_RX1_IRQHandler
                0x08002c04                EXTI3_IRQHandler
                0x08002c04                TIM8_TRG_COM_TIM14_IRQHandler
                0x08002c04                TIM1_UP_TIM10_IRQHandler
                0x08002c04                TIM8_UP_TIM13_IRQHandler
                0x08002c04                I2C3_ER_IRQHandler
                0x08002c04                EXTI0_IRQHandler
                0x08002c04                I2C2_EV_IRQHandler
                0x08002c04                DMA1_Stream2_IRQHandler
                0x08002c04                CAN1_RX0_IRQHandler
                0x08002c04                FPU_IRQHandler
                0x08002c04                OTG_HS_WKUP_IRQHandler
                0x08002c04                CAN2_SCE_IRQHandler
                0x08002c04                DMA2_Stream2_IRQHandler
                0x08002c04                SPI1_IRQHandler
                0x08002c04                TIM6_DAC_IRQHandler
                0x08002c04                TIM1_BRK_TIM9_IRQHandler
                0x08002c04                DCMI_IRQHandler
                0x08002c04                CAN2_RX0_IRQHandler
                0x08002c04                DMA2_Stream3_IRQHandler
                0x08002c04                USART3_IRQHandler
                0x08002c04                CAN1_RX1_IRQHandler
                0x08002c04                UART5_IRQHandler
                0x08002c04                TIM4_IRQHandler
                0x08002c04                I2C1_EV_IRQHandler
                0x08002c04                DMA1_Stream6_IRQHandler
                0x08002c04                DMA1_Stream1_IRQHandler
                0x08002c04                UART4_IRQHandler
                0x08002c04                TIM3_IRQHandler
                0x08002c04                RCC_IRQHandler
                0x08002c04                TIM8_BRK_TIM12_IRQHandler
                0x08002c04                Default_Handler
                0x08002c04                EXTI15_10_IRQHandler
                0x08002c04                ADC_IRQHandler
                0x08002c04                DMA1_Stream7_IRQHandler
                0x08002c04                TIM7_IRQHandler
                0x08002c04                CAN2_TX_IRQHandler
                0x08002c04                TIM5_IRQHandler
                0x08002c04                DMA2_Stream7_IRQHandler
                0x08002c04                I2C3_EV_IRQHandler
                0x08002c04                EXTI9_5_IRQHandler
                0x08002c04                RTC_WKUP_IRQHandler
                0x08002c04                ETH_WKUP_IRQHandler
                0x08002c04                SPI2_IRQHandler
                0x08002c04                OTG_HS_EP1_IN_IRQHandler
                0x08002c04                DMA1_Stream0_IRQHandler
                0x08002c04                CAN1_TX_IRQHandler
                0x08002c04                EXTI4_IRQHandler
                0x08002c04                FSMC_IRQHandler
                0x08002c04                ETH_IRQHandler
                0x08002c04                OTG_HS_EP1_OUT_IRQHandler
                0x08002c04                WWDG_IRQHandler
                0x08002c04                TIM2_IRQHandler
                0x08002c04                OTG_FS_WKUP_IRQHandler
                0x08002c04                TIM1_TRG_COM_TIM11_IRQHandler
                0x08002c04                OTG_HS_IRQHandler
                0x08002c04                EXTI1_IRQHandler
                0x08002c04                USART2_IRQHandler
                0x08002c04                I2C2_ER_IRQHandler
                0x08002c04                DMA2_Stream1_IRQHandler
                0x08002c04                CAN1_SCE_IRQHandler
                0x08002c04                FLASH_IRQHandler
                0x08002c04                DMA2_Stream4_IRQHandler
                0x08002c04                USART1_IRQHandler
                0x08002c04                OTG_FS_IRQHandler
                0x08002c04                DMA1_Stream4_IRQHandler
                0x08002c04                I2C1_ER_IRQHandler
                0x08002c04                DMA1_Stream3_IRQHandler
 *fill*         0x08002c06        0x2 
 .text.HAL_Init
                0x08002c08       0x44 ./Drivers/STM32F4xx_HAL_Driver/Src/stm32f4xx_hal.o
                0x08002c08                HAL_Init
 .text.HAL_InitTick
                0x08002c4c       0x60 ./Drivers/STM32F4xx_HAL_Driver/Src/stm32f4xx_hal.o
                0x08002c4c                HAL_InitTick
 .text.HAL_IncTick
                0x08002cac       0x28 ./Drivers/STM32F4xx_HAL_Driver/Src/stm32f4xx_hal.o
                0x08002cac                HAL_IncTick
 .text.HAL_GetTick
                0x08002cd4       0x18 ./Drivers/STM32F4xx_HAL_Driver/Src/stm32f4xx_hal.o
                0x08002cd4                HAL_GetTick
 .text.HAL_Delay
                0x08002cec       0x48 ./Drivers/STM32F4xx_HAL_Driver/Src/stm32f4xx_hal.o
                0x08002cec                HAL_Delay
 .text.HAL_ADC_Init
                0x08002d34       0x86 ./Drivers/STM32F4xx_HAL_Driver/Src/stm32f4xx_hal_adc.o
                0x08002d34                HAL_ADC_Init
 *fill*         0x08002dba        0x2 
 .text.HAL_ADC_Start_DMA
                0x08002dbc      0x228 ./Drivers/STM32F4xx_HAL_Driver/Src/stm32f4xx_hal_adc.o
                0x08002dbc                HAL_ADC_Start_DMA
 .text.HAL_ADC_Stop_DMA
                0x08002fe4       0xb4 ./Drivers/STM32F4xx_HAL_Driver/Src/stm32f4xx_hal_adc.o
                0x08002fe4                HAL_ADC_Stop_DMA
 .text.HAL_ADC_ConvHalfCpltCallback
                0x08003098       0x14 ./Drivers/STM32F4xx_HAL_Driver/Src/stm32f4xx_hal_adc.o
                0x08003098                HAL_ADC_ConvHalfCpltCallback
 .text.HAL_ADC_ErrorCallback
                0x080030ac       0x14 ./Drivers/STM32F4xx_HAL_Driver/Src/stm32f4xx_hal_adc.o
                0x080030ac                HAL_ADC_ErrorCallback
 .text.HAL_ADC_ConfigChannel
                0x080030c0      0x244 ./Drivers/STM32F4xx_HAL_Driver/Src/stm32f4xx_hal_adc.o
                0x080030c0                HAL_ADC_ConfigChannel
 .text.ADC_Init
                0x08003304      0x1f8 ./Drivers/STM32F4xx_HAL_Driver/Src/stm32f4xx_hal_adc.o
 .text.ADC_DMAConvCplt
                0x080034fc       0xba ./Drivers/STM32F4xx_HAL_Driver/Src/stm32f4xx_hal_adc.o
 .text.ADC_DMAHalfConvCplt
                0x080035b6       0x1c ./Drivers/STM32F4xx_HAL_Driver/Src/stm32f4xx_hal_adc.o
 .text.ADC_DMAError
                0x080035d2       0x2e ./Drivers/STM32F4xx_HAL_Driver/Src/stm32f4xx_hal_adc.o
 .text.__NVIC_SetPriorityGrouping
                0x08003600       0x48 ./Drivers/STM32F4xx_HAL_Driver/Src/stm32f4xx_hal_cortex.o
 .text.__NVIC_GetPriorityGrouping
                0x08003648       0x1c ./Drivers/STM32F4xx_HAL_Driver/Src/stm32f4xx_hal_cortex.o
 .text.__NVIC_EnableIRQ
                0x08003664       0x3c ./Drivers/STM32F4xx_HAL_Driver/Src/stm32f4xx_hal_cortex.o
 .text.__NVIC_SetPriority
                0x080036a0       0x54 ./Drivers/STM32F4xx_HAL_Driver/Src/stm32f4xx_hal_cortex.o
 .text.NVIC_EncodePriority
                0x080036f4       0x66 ./Drivers/STM32F4xx_HAL_Driver/Src/stm32f4xx_hal_cortex.o
 *fill*         0x0800375a        0x2 
 .text.SysTick_Config
                0x0800375c       0x44 ./Drivers/STM32F4xx_HAL_Driver/Src/stm32f4xx_hal_cortex.o
 .text.HAL_NVIC_SetPriorityGrouping
                0x080037a0       0x16 ./Drivers/STM32F4xx_HAL_Driver/Src/stm32f4xx_hal_cortex.o
                0x080037a0                HAL_NVIC_SetPriorityGrouping
 .text.HAL_NVIC_SetPriority
                0x080037b6       0x38 ./Drivers/STM32F4xx_HAL_Driver/Src/stm32f4xx_hal_cortex.o
                0x080037b6                HAL_NVIC_SetPriority
 .text.HAL_NVIC_EnableIRQ
                0x080037ee       0x1c ./Drivers/STM32F4xx_HAL_Driver/Src/stm32f4xx_hal_cortex.o
                0x080037ee                HAL_NVIC_EnableIRQ
 .text.HAL_SYSTICK_Config
                0x0800380a       0x18 ./Drivers/STM32F4xx_HAL_Driver/Src/stm32f4xx_hal_cortex.o
                0x0800380a                HAL_SYSTICK_Config
 *fill*         0x08003822        0x2 
 .text.HAL_DMA_Init
                0x08003824      0x15c ./Drivers/STM32F4xx_HAL_Driver/Src/stm32f4xx_hal_dma.o
                0x08003824                HAL_DMA_Init
 .text.HAL_DMA_Start_IT
                0x08003980       0xb0 ./Drivers/STM32F4xx_HAL_Driver/Src/stm32f4xx_hal_dma.o
                0x08003980                HAL_DMA_Start_IT
 .text.HAL_DMA_Abort
                0x08003a30       0xe0 ./Drivers/STM32F4xx_HAL_Driver/Src/stm32f4xx_hal_dma.o
                0x08003a30                HAL_DMA_Abort
 .text.HAL_DMA_Abort_IT
                0x08003b10       0x44 ./Drivers/STM32F4xx_HAL_Driver/Src/stm32f4xx_hal_dma.o
                0x08003b10                HAL_DMA_Abort_IT
 .text.HAL_DMA_IRQHandler
                0x08003b54      0x314 ./Drivers/STM32F4xx_HAL_Driver/Src/stm32f4xx_hal_dma.o
                0x08003b54                HAL_DMA_IRQHandler
 .text.DMA_SetConfig
                0x08003e68       0x5c ./Drivers/STM32F4xx_HAL_Driver/Src/stm32f4xx_hal_dma.o
 .text.DMA_CalcBaseAndBitshift
                0x08003ec4       0x6c ./Drivers/STM32F4xx_HAL_Driver/Src/stm32f4xx_hal_dma.o
 .text.DMA_CheckFifoParam
                0x08003f30       0xf8 ./Drivers/STM32F4xx_HAL_Driver/Src/stm32f4xx_hal_dma.o
 .text.HAL_GPIO_Init
                0x08004028      0x338 ./Drivers/STM32F4xx_HAL_Driver/Src/stm32f4xx_hal_gpio.o
                0x08004028                HAL_GPIO_Init
 .text.HAL_RCC_OscConfig
                0x08004360      0x4f0 ./Drivers/STM32F4xx_HAL_Driver/Src/stm32f4xx_hal_rcc.o
                0x08004360                HAL_RCC_OscConfig
 .text.HAL_RCC_ClockConfig
                0x08004850      0x1cc ./Drivers/STM32F4xx_HAL_Driver/Src/stm32f4xx_hal_rcc.o
                0x08004850                HAL_RCC_ClockConfig
 .text.HAL_RCC_GetSysClockFreq
                0x08004a1c      0x18c ./Drivers/STM32F4xx_HAL_Driver/Src/stm32f4xx_hal_rcc.o
                0x08004a1c                HAL_RCC_GetSysClockFreq
 .text.HAL_RCC_GetHCLKFreq
                0x08004ba8       0x18 ./Drivers/STM32F4xx_HAL_Driver/Src/stm32f4xx_hal_rcc.o
                0x08004ba8                HAL_RCC_GetHCLKFreq
 .text.HAL_RCC_GetPCLK1Freq
                0x08004bc0       0x28 ./Drivers/STM32F4xx_HAL_Driver/Src/stm32f4xx_hal_rcc.o
                0x08004bc0                HAL_RCC_GetPCLK1Freq
 .text.HAL_RCC_GetPCLK2Freq
                0x08004be8       0x28 ./Drivers/STM32F4xx_HAL_Driver/Src/stm32f4xx_hal_rcc.o
                0x08004be8                HAL_RCC_GetPCLK2Freq
 .text.HAL_SPI_Init
                0x08004c10      0x112 ./Drivers/STM32F4xx_HAL_Driver/Src/stm32f4xx_hal_spi.o
                0x08004c10                HAL_SPI_Init
 *fill*         0x08004d22        0x2 
 .text.HAL_SPI_Transmit_DMA
                0x08004d24      0x164 ./Drivers/STM32F4xx_HAL_Driver/Src/stm32f4xx_hal_spi.o
                0x08004d24                HAL_SPI_Transmit_DMA
 .text.HAL_SPI_IRQHandler
                0x08004e88      0x200 ./Drivers/STM32F4xx_HAL_Driver/Src/stm32f4xx_hal_spi.o
                0x08004e88                HAL_SPI_IRQHandler
 .text.HAL_SPI_TxHalfCpltCallback
                0x08005088       0x14 ./Drivers/STM32F4xx_HAL_Driver/Src/stm32f4xx_hal_spi.o
                0x08005088                HAL_SPI_TxHalfCpltCallback
 .text.HAL_SPI_ErrorCallback
                0x0800509c       0x14 ./Drivers/STM32F4xx_HAL_Driver/Src/stm32f4xx_hal_spi.o
                0x0800509c                HAL_SPI_ErrorCallback
 .text.SPI_DMATransmitCplt
                0x080050b0       0xa8 ./Drivers/STM32F4xx_HAL_Driver/Src/stm32f4xx_hal_spi.o
 .text.SPI_DMAHalfTransmitCplt
                0x08005158       0x1c ./Drivers/STM32F4xx_HAL_Driver/Src/stm32f4xx_hal_spi.o
 .text.SPI_DMAError
                0x08005174       0x40 ./Drivers/STM32F4xx_HAL_Driver/Src/stm32f4xx_hal_spi.o
 .text.SPI_DMAAbortOnError
                0x080051b4       0x28 ./Drivers/STM32F4xx_HAL_Driver/Src/stm32f4xx_hal_spi.o
 .text.SPI_WaitFlagStateUntilTimeout
                0x080051dc      0x110 ./Drivers/STM32F4xx_HAL_Driver/Src/stm32f4xx_hal_spi.o
 .text.SPI_EndRxTxTransaction
                0x080052ec       0xa8 ./Drivers/STM32F4xx_HAL_Driver/Src/stm32f4xx_hal_spi.o
 .text.HAL_TIM_Base_Init
                0x08005394       0x9e ./Drivers/STM32F4xx_HAL_Driver/Src/stm32f4xx_hal_tim.o
                0x08005394                HAL_TIM_Base_Init
 *fill*         0x08005432        0x2 
 .text.HAL_TIM_Base_Start
                0x08005434       0xd0 ./Drivers/STM32F4xx_HAL_Driver/Src/stm32f4xx_hal_tim.o
                0x08005434                HAL_TIM_Base_Start
 .text.HAL_TIM_ConfigClockSource
                0x08005504      0x18e ./Drivers/STM32F4xx_HAL_Driver/Src/stm32f4xx_hal_tim.o
                0x08005504                HAL_TIM_ConfigClockSource
 *fill*         0x08005692        0x2 
 .text.TIM_Base_SetConfig
                0x08005694      0x14c ./Drivers/STM32F4xx_HAL_Driver/Src/stm32f4xx_hal_tim.o
                0x08005694                TIM_Base_SetConfig
 .text.TIM_TI1_ConfigInputStage
                0x080057e0       0x5e ./Drivers/STM32F4xx_HAL_Driver/Src/stm32f4xx_hal_tim.o
 .text.TIM_TI2_ConfigInputStage
                0x0800583e       0x60 ./Drivers/STM32F4xx_HAL_Driver/Src/stm32f4xx_hal_tim.o
 .text.TIM_ITRx_SetConfig
                0x0800589e       0x36 ./Drivers/STM32F4xx_HAL_Driver/Src/stm32f4xx_hal_tim.o
 .text.TIM_ETR_SetConfig
                0x080058d4       0x40 ./Drivers/STM32F4xx_HAL_Driver/Src/stm32f4xx_hal_tim.o
                0x080058d4                TIM_ETR_SetConfig
 .text.HAL_TIMEx_MasterConfigSynchronization
                0x08005914       0xf8 ./Drivers/STM32F4xx_HAL_Driver/Src/stm32f4xx_hal_tim_ex.o
                0x08005914                HAL_TIMEx_MasterConfigSynchronization
 .text.HAL_USART_Init
                0x08005a0c       0x82 ./Drivers/STM32F4xx_HAL_Driver/Src/stm32f4xx_hal_usart.o
                0x08005a0c                HAL_USART_Init
 *fill*         0x08005a8e        0x2 
 .text.HAL_USART_Transmit_DMA
                0x08005a90      0x100 ./Drivers/STM32F4xx_HAL_Driver/Src/stm32f4xx_hal_usart.o
                0x08005a90                HAL_USART_Transmit_DMA
 .text.HAL_USART_IRQHandler
                0x08005b90      0x23c ./Drivers/STM32F4xx_HAL_Driver/Src/stm32f4xx_hal_usart.o
                0x08005b90                HAL_USART_IRQHandler
 .text.HAL_USART_TxCpltCallback
                0x08005dcc       0x14 ./Drivers/STM32F4xx_HAL_Driver/Src/stm32f4xx_hal_usart.o
                0x08005dcc                HAL_USART_TxCpltCallback
 .text.HAL_USART_TxHalfCpltCallback
                0x08005de0       0x14 ./Drivers/STM32F4xx_HAL_Driver/Src/stm32f4xx_hal_usart.o
                0x08005de0                HAL_USART_TxHalfCpltCallback
 .text.HAL_USART_RxCpltCallback
                0x08005df4       0x14 ./Drivers/STM32F4xx_HAL_Driver/Src/stm32f4xx_hal_usart.o
                0x08005df4                HAL_USART_RxCpltCallback
 .text.HAL_USART_TxRxCpltCallback
                0x08005e08       0x14 ./Drivers/STM32F4xx_HAL_Driver/Src/stm32f4xx_hal_usart.o
                0x08005e08                HAL_USART_TxRxCpltCallback
 .text.HAL_USART_ErrorCallback
                0x08005e1c       0x14 ./Drivers/STM32F4xx_HAL_Driver/Src/stm32f4xx_hal_usart.o
                0x08005e1c                HAL_USART_ErrorCallback
 .text.HAL_USART_GetState
                0x08005e30       0x1c ./Drivers/STM32F4xx_HAL_Driver/Src/stm32f4xx_hal_usart.o
                0x08005e30                HAL_USART_GetState
 .text.USART_DMATransmitCplt
                0x08005e4c       0x6a ./Drivers/STM32F4xx_HAL_Driver/Src/stm32f4xx_hal_usart.o
 .text.USART_DMATxHalfCplt
                0x08005eb6       0x1c ./Drivers/STM32F4xx_HAL_Driver/Src/stm32f4xx_hal_usart.o
 .text.USART_DMAError
                0x08005ed2       0x9c ./Drivers/STM32F4xx_HAL_Driver/Src/stm32f4xx_hal_usart.o
 .text.USART_EndTxTransfer
                0x08005f6e       0x2c ./Drivers/STM32F4xx_HAL_Driver/Src/stm32f4xx_hal_usart.o
 .text.USART_EndRxTransfer
                0x08005f9a       0x3c ./Drivers/STM32F4xx_HAL_Driver/Src/stm32f4xx_hal_usart.o
 .text.USART_DMAAbortOnError
                0x08005fd6       0x28 ./Drivers/STM32F4xx_HAL_Driver/Src/stm32f4xx_hal_usart.o
 .text.USART_Transmit_IT
                0x08005ffe       0xa0 ./Drivers/STM32F4xx_HAL_Driver/Src/stm32f4xx_hal_usart.o
 .text.USART_EndTransmit_IT
                0x0800609e       0x40 ./Drivers/STM32F4xx_HAL_Driver/Src/stm32f4xx_hal_usart.o
 .text.USART_Receive_IT
                0x080060de      0x10c ./Drivers/STM32F4xx_HAL_Driver/Src/stm32f4xx_hal_usart.o
 .text.USART_TransmitReceive_IT
                0x080061ea      0x19a ./Drivers/STM32F4xx_HAL_Driver/Src/stm32f4xx_hal_usart.o
 .text.USART_SetConfig
                0x08006384      0x530 ./Drivers/STM32F4xx_HAL_Driver/Src/stm32f4xx_hal_usart.o
 .text.arm_rfft_32_fast_init_f32
                0x080068b4       0x24 ../Middlewares/ST/ARM/DSP/Lib\libarm_cortexM4lf_math.a(arm_rfft_fast_init_f32.o)
 .text.arm_rfft_64_fast_init_f32
                0x080068d8       0x24 ../Middlewares/ST/ARM/DSP/Lib\libarm_cortexM4lf_math.a(arm_rfft_fast_init_f32.o)
 .text.arm_rfft_128_fast_init_f32
                0x080068fc       0x24 ../Middlewares/ST/ARM/DSP/Lib\libarm_cortexM4lf_math.a(arm_rfft_fast_init_f32.o)
 .text.arm_rfft_256_fast_init_f32
                0x08006920       0x24 ../Middlewares/ST/ARM/DSP/Lib\libarm_cortexM4lf_math.a(arm_rfft_fast_init_f32.o)
 .text.arm_rfft_512_fast_init_f32
                0x08006944       0x28 ../Middlewares/ST/ARM/DSP/Lib\libarm_cortexM4lf_math.a(arm_rfft_fast_init_f32.o)
 .text.arm_rfft_1024_fast_init_f32
                0x0800696c       0x28 ../Middlewares/ST/ARM/DSP/Lib\libarm_cortexM4lf_math.a(arm_rfft_fast_init_f32.o)
 .text.arm_rfft_2048_fast_init_f32
                0x08006994       0x28 ../Middlewares/ST/ARM/DSP/Lib\libarm_cortexM4lf_math.a(arm_rfft_fast_init_f32.o)
 .text.arm_rfft_4096_fast_init_f32
                0x080069bc       0x28 ../Middlewares/ST/ARM/DSP/Lib\libarm_cortexM4lf_math.a(arm_rfft_fast_init_f32.o)
 .text.arm_rfft_fast_init_f32
                0x080069e4       0x74 ../Middlewares/ST/ARM/DSP/Lib\libarm_cortexM4lf_math.a(arm_rfft_fast_init_f32.o)
                0x080069e4                arm_rfft_fast_init_f32
 .text.stage_rfft_f32
                0x08006a58       0xb4 ../Middlewares/ST/ARM/DSP/Lib\libarm_cortexM4lf_math.a(arm_rfft_fast_f32.o)
                0x08006a58                stage_rfft_f32
 .text.merge_rfft_f32
                0x08006b0c       0xac ../Middlewares/ST/ARM/DSP/Lib\libarm_cortexM4lf_math.a(arm_rfft_fast_f32.o)
                0x08006b0c                merge_rfft_f32
 .text.arm_rfft_fast_f32
                0x08006bb8       0x38 ../Middlewares/ST/ARM/DSP/Lib\libarm_cortexM4lf_math.a(arm_rfft_fast_f32.o)
                0x08006bb8                arm_rfft_fast_f32
 .text.arm_cfft_radix8by2_f32
                0x08006bf0      0x1a4 ../Middlewares/ST/ARM/DSP/Lib\libarm_cortexM4lf_math.a(arm_cfft_f32.o)
                0x08006bf0                arm_cfft_radix8by2_f32
 .text.arm_cfft_radix8by4_f32
                0x08006d94      0x4ac ../Middlewares/ST/ARM/DSP/Lib\libarm_cortexM4lf_math.a(arm_cfft_f32.o)
                0x08006d94                arm_cfft_radix8by4_f32
 .text.arm_cfft_f32
                0x08007240       0xf0 ../Middlewares/ST/ARM/DSP/Lib\libarm_cortexM4lf_math.a(arm_cfft_f32.o)
                0x08007240                arm_cfft_f32
 .text.arm_bitreversal_32
                0x08007330       0x40 ../Middlewares/ST/ARM/DSP/Lib\libarm_cortexM4lf_math.a(arm_bitreversal2.o)
                0x08007330                arm_bitreversal_32
 .text.arm_cmplx_mag_f32
                0x08007370      0x248 ../Middlewares/ST/ARM/DSP/Lib\libarm_cortexM4lf_math.a(arm_cmplx_mag_f32.o)
                0x08007370                arm_cmplx_mag_f32
 .text.arm_cfft_init_f32
                0x080075b8       0xa4 ../Middlewares/ST/ARM/DSP/Lib\libarm_cortexM4lf_math.a(arm_cfft_init_f32.o)
                0x080075b8                arm_cfft_init_f32
 .text.arm_radix8_butterfly_f32
                0x0800765c      0x598 ../Middlewares/ST/ARM/DSP/Lib\libarm_cortexM4lf_math.a(arm_cfft_radix8_f32.o)
                0x0800765c                arm_radix8_butterfly_f32
 .text.rand     0x08007bf4       0x7c D:/Apps/Study/STM32IDE/STM32CubeIDE_1.18.1/STM32CubeIDE/plugins/com.st.stm32cube.ide.mcu.externaltools.gnu-tools-for-stm32.13.3.rel1.win32_1.0.0.202411081344/tools/bin/../lib/gcc/arm-none-eabi/13.3.1/../../../../arm-none-eabi/lib/thumb/v7e-m+fp/hard\libc_nano.a(libc_a-rand.o)
                0x08007bf4                rand
 .text.std      0x08007c70       0x6c D:/Apps/Study/STM32IDE/STM32CubeIDE_1.18.1/STM32CubeIDE/plugins/com.st.stm32cube.ide.mcu.externaltools.gnu-tools-for-stm32.13.3.rel1.win32_1.0.0.202411081344/tools/bin/../lib/gcc/arm-none-eabi/13.3.1/../../../../arm-none-eabi/lib/thumb/v7e-m+fp/hard\libc_nano.a(libc_a-findfp.o)
 .text.stdio_exit_handler
                0x08007cdc       0x18 D:/Apps/Study/STM32IDE/STM32CubeIDE_1.18.1/STM32CubeIDE/plugins/com.st.stm32cube.ide.mcu.externaltools.gnu-tools-for-stm32.13.3.rel1.win32_1.0.0.202411081344/tools/bin/../lib/gcc/arm-none-eabi/13.3.1/../../../../arm-none-eabi/lib/thumb/v7e-m+fp/hard\libc_nano.a(libc_a-findfp.o)
 .text.cleanup_stdio
                0x08007cf4       0x40 D:/Apps/Study/STM32IDE/STM32CubeIDE_1.18.1/STM32CubeIDE/plugins/com.st.stm32cube.ide.mcu.externaltools.gnu-tools-for-stm32.13.3.rel1.win32_1.0.0.202411081344/tools/bin/../lib/gcc/arm-none-eabi/13.3.1/../../../../arm-none-eabi/lib/thumb/v7e-m+fp/hard\libc_nano.a(libc_a-findfp.o)
 .text.global_stdio_init.part.0
                0x08007d34       0x3c D:/Apps/Study/STM32IDE/STM32CubeIDE_1.18.1/STM32CubeIDE/plugins/com.st.stm32cube.ide.mcu.externaltools.gnu-tools-for-stm32.13.3.rel1.win32_1.0.0.202411081344/tools/bin/../lib/gcc/arm-none-eabi/13.3.1/../../../../arm-none-eabi/lib/thumb/v7e-m+fp/hard\libc_nano.a(libc_a-findfp.o)
 .text.__sfp_lock_acquire
                0x08007d70        0xc D:/Apps/Study/STM32IDE/STM32CubeIDE_1.18.1/STM32CubeIDE/plugins/com.st.stm32cube.ide.mcu.externaltools.gnu-tools-for-stm32.13.3.rel1.win32_1.0.0.202411081344/tools/bin/../lib/gcc/arm-none-eabi/13.3.1/../../../../arm-none-eabi/lib/thumb/v7e-m+fp/hard\libc_nano.a(libc_a-findfp.o)
                0x08007d70                __sfp_lock_acquire
 .text.__sfp_lock_release
                0x08007d7c        0xc D:/Apps/Study/STM32IDE/STM32CubeIDE_1.18.1/STM32CubeIDE/plugins/com.st.stm32cube.ide.mcu.externaltools.gnu-tools-for-stm32.13.3.rel1.win32_1.0.0.202411081344/tools/bin/../lib/gcc/arm-none-eabi/13.3.1/../../../../arm-none-eabi/lib/thumb/v7e-m+fp/hard\libc_nano.a(libc_a-findfp.o)
                0x08007d7c                __sfp_lock_release
 .text.__sinit  0x08007d88       0x30 D:/Apps/Study/STM32IDE/STM32CubeIDE_1.18.1/STM32CubeIDE/plugins/com.st.stm32cube.ide.mcu.externaltools.gnu-tools-for-stm32.13.3.rel1.win32_1.0.0.202411081344/tools/bin/../lib/gcc/arm-none-eabi/13.3.1/../../../../arm-none-eabi/lib/thumb/v7e-m+fp/hard\libc_nano.a(libc_a-findfp.o)
                0x08007d88                __sinit
 .text._fwalk_sglue
                0x08007db8       0x3c D:/Apps/Study/STM32IDE/STM32CubeIDE_1.18.1/STM32CubeIDE/plugins/com.st.stm32cube.ide.mcu.externaltools.gnu-tools-for-stm32.13.3.rel1.win32_1.0.0.202411081344/tools/bin/../lib/gcc/arm-none-eabi/13.3.1/../../../../arm-none-eabi/lib/thumb/v7e-m+fp/hard\libc_nano.a(libc_a-fwalk.o)
                0x08007db8                _fwalk_sglue
 .text.__sread  0x08007df4       0x22 D:/Apps/Study/STM32IDE/STM32CubeIDE_1.18.1/STM32CubeIDE/plugins/com.st.stm32cube.ide.mcu.externaltools.gnu-tools-for-stm32.13.3.rel1.win32_1.0.0.202411081344/tools/bin/../lib/gcc/arm-none-eabi/13.3.1/../../../../arm-none-eabi/lib/thumb/v7e-m+fp/hard\libc_nano.a(libc_a-stdio.o)
                0x08007df4                __sread
 .text.__swrite
                0x08007e16       0x38 D:/Apps/Study/STM32IDE/STM32CubeIDE_1.18.1/STM32CubeIDE/plugins/com.st.stm32cube.ide.mcu.externaltools.gnu-tools-for-stm32.13.3.rel1.win32_1.0.0.202411081344/tools/bin/../lib/gcc/arm-none-eabi/13.3.1/../../../../arm-none-eabi/lib/thumb/v7e-m+fp/hard\libc_nano.a(libc_a-stdio.o)
                0x08007e16                __swrite
 .text.__sseek  0x08007e4e       0x24 D:/Apps/Study/STM32IDE/STM32CubeIDE_1.18.1/STM32CubeIDE/plugins/com.st.stm32cube.ide.mcu.externaltools.gnu-tools-for-stm32.13.3.rel1.win32_1.0.0.202411081344/tools/bin/../lib/gcc/arm-none-eabi/13.3.1/../../../../arm-none-eabi/lib/thumb/v7e-m+fp/hard\libc_nano.a(libc_a-stdio.o)
                0x08007e4e                __sseek
 .text.__sclose
                0x08007e72        0x8 D:/Apps/Study/STM32IDE/STM32CubeIDE_1.18.1/STM32CubeIDE/plugins/com.st.stm32cube.ide.mcu.externaltools.gnu-tools-for-stm32.13.3.rel1.win32_1.0.0.202411081344/tools/bin/../lib/gcc/arm-none-eabi/13.3.1/../../../../arm-none-eabi/lib/thumb/v7e-m+fp/hard\libc_nano.a(libc_a-stdio.o)
                0x08007e72                __sclose
 .text.memset   0x08007e7a       0x10 D:/Apps/Study/STM32IDE/STM32CubeIDE_1.18.1/STM32CubeIDE/plugins/com.st.stm32cube.ide.mcu.externaltools.gnu-tools-for-stm32.13.3.rel1.win32_1.0.0.202411081344/tools/bin/../lib/gcc/arm-none-eabi/13.3.1/../../../../arm-none-eabi/lib/thumb/v7e-m+fp/hard\libc_nano.a(libc_a-memset.o)
                0x08007e7a                memset
 *fill*         0x08007e8a        0x2 
 .text._close_r
                0x08007e8c       0x20 D:/Apps/Study/STM32IDE/STM32CubeIDE_1.18.1/STM32CubeIDE/plugins/com.st.stm32cube.ide.mcu.externaltools.gnu-tools-for-stm32.13.3.rel1.win32_1.0.0.202411081344/tools/bin/../lib/gcc/arm-none-eabi/13.3.1/../../../../arm-none-eabi/lib/thumb/v7e-m+fp/hard\libc_nano.a(libc_a-closer.o)
                0x08007e8c                _close_r
 .text._lseek_r
                0x08007eac       0x24 D:/Apps/Study/STM32IDE/STM32CubeIDE_1.18.1/STM32CubeIDE/plugins/com.st.stm32cube.ide.mcu.externaltools.gnu-tools-for-stm32.13.3.rel1.win32_1.0.0.202411081344/tools/bin/../lib/gcc/arm-none-eabi/13.3.1/../../../../arm-none-eabi/lib/thumb/v7e-m+fp/hard\libc_nano.a(libc_a-lseekr.o)
                0x08007eac                _lseek_r
 .text._read_r  0x08007ed0       0x24 D:/Apps/Study/STM32IDE/STM32CubeIDE_1.18.1/STM32CubeIDE/plugins/com.st.stm32cube.ide.mcu.externaltools.gnu-tools-for-stm32.13.3.rel1.win32_1.0.0.202411081344/tools/bin/../lib/gcc/arm-none-eabi/13.3.1/../../../../arm-none-eabi/lib/thumb/v7e-m+fp/hard\libc_nano.a(libc_a-readr.o)
                0x08007ed0                _read_r
 .text._write_r
                0x08007ef4       0x24 D:/Apps/Study/STM32IDE/STM32CubeIDE_1.18.1/STM32CubeIDE/plugins/com.st.stm32cube.ide.mcu.externaltools.gnu-tools-for-stm32.13.3.rel1.win32_1.0.0.202411081344/tools/bin/../lib/gcc/arm-none-eabi/13.3.1/../../../../arm-none-eabi/lib/thumb/v7e-m+fp/hard\libc_nano.a(libc_a-writer.o)
                0x08007ef4                _write_r
 .text.__errno  0x08007f18        0xc D:/Apps/Study/STM32IDE/STM32CubeIDE_1.18.1/STM32CubeIDE/plugins/com.st.stm32cube.ide.mcu.externaltools.gnu-tools-for-stm32.13.3.rel1.win32_1.0.0.202411081344/tools/bin/../lib/gcc/arm-none-eabi/13.3.1/../../../../arm-none-eabi/lib/thumb/v7e-m+fp/hard\libc_nano.a(libc_a-errno.o)
                0x08007f18                __errno
 .text.__libc_init_array
                0x08007f24       0x48 D:/Apps/Study/STM32IDE/STM32CubeIDE_1.18.1/STM32CubeIDE/plugins/com.st.stm32cube.ide.mcu.externaltools.gnu-tools-for-stm32.13.3.rel1.win32_1.0.0.202411081344/tools/bin/../lib/gcc/arm-none-eabi/13.3.1/../../../../arm-none-eabi/lib/thumb/v7e-m+fp/hard\libc_nano.a(libc_a-init.o)
                0x08007f24                __libc_init_array
 .text.__retarget_lock_init_recursive
                0x08007f6c        0x2 D:/Apps/Study/STM32IDE/STM32CubeIDE_1.18.1/STM32CubeIDE/plugins/com.st.stm32cube.ide.mcu.externaltools.gnu-tools-for-stm32.13.3.rel1.win32_1.0.0.202411081344/tools/bin/../lib/gcc/arm-none-eabi/13.3.1/../../../../arm-none-eabi/lib/thumb/v7e-m+fp/hard\libc_nano.a(libc_a-lock.o)
                0x08007f6c                __retarget_lock_init_recursive
 .text.__retarget_lock_acquire_recursive
                0x08007f6e        0x2 D:/Apps/Study/STM32IDE/STM32CubeIDE_1.18.1/STM32CubeIDE/plugins/com.st.stm32cube.ide.mcu.externaltools.gnu-tools-for-stm32.13.3.rel1.win32_1.0.0.202411081344/tools/bin/../lib/gcc/arm-none-eabi/13.3.1/../../../../arm-none-eabi/lib/thumb/v7e-m+fp/hard\libc_nano.a(libc_a-lock.o)
                0x08007f6e                __retarget_lock_acquire_recursive
 .text.__retarget_lock_release_recursive
                0x08007f70        0x2 D:/Apps/Study/STM32IDE/STM32CubeIDE_1.18.1/STM32CubeIDE/plugins/com.st.stm32cube.ide.mcu.externaltools.gnu-tools-for-stm32.13.3.rel1.win32_1.0.0.202411081344/tools/bin/../lib/gcc/arm-none-eabi/13.3.1/../../../../arm-none-eabi/lib/thumb/v7e-m+fp/hard\libc_nano.a(libc_a-lock.o)
                0x08007f70                __retarget_lock_release_recursive
 *fill*         0x08007f72        0x2 
 .text.__assert_func
                0x08007f74       0x3c D:/Apps/Study/STM32IDE/STM32CubeIDE_1.18.1/STM32CubeIDE/plugins/com.st.stm32cube.ide.mcu.externaltools.gnu-tools-for-stm32.13.3.rel1.win32_1.0.0.202411081344/tools/bin/../lib/gcc/arm-none-eabi/13.3.1/../../../../arm-none-eabi/lib/thumb/v7e-m+fp/hard\libc_nano.a(libc_a-assert.o)
                0x08007f74                __assert_func
 .text._free_r  0x08007fb0       0x94 D:/Apps/Study/STM32IDE/STM32CubeIDE_1.18.1/STM32CubeIDE/plugins/com.st.stm32cube.ide.mcu.externaltools.gnu-tools-for-stm32.13.3.rel1.win32_1.0.0.202411081344/tools/bin/../lib/gcc/arm-none-eabi/13.3.1/../../../../arm-none-eabi/lib/thumb/v7e-m+fp/hard\libc_nano.a(libc_a-freer.o)
                0x08007fb0                _free_r
 .text.malloc   0x08008044       0x10 D:/Apps/Study/STM32IDE/STM32CubeIDE_1.18.1/STM32CubeIDE/plugins/com.st.stm32cube.ide.mcu.externaltools.gnu-tools-for-stm32.13.3.rel1.win32_1.0.0.202411081344/tools/bin/../lib/gcc/arm-none-eabi/13.3.1/../../../../arm-none-eabi/lib/thumb/v7e-m+fp/hard\libc_nano.a(libc_a-malloc.o)
                0x08008044                malloc
 .text.sbrk_aligned
                0x08008054       0x44 D:/Apps/Study/STM32IDE/STM32CubeIDE_1.18.1/STM32CubeIDE/plugins/com.st.stm32cube.ide.mcu.externaltools.gnu-tools-for-stm32.13.3.rel1.win32_1.0.0.202411081344/tools/bin/../lib/gcc/arm-none-eabi/13.3.1/../../../../arm-none-eabi/lib/thumb/v7e-m+fp/hard\libc_nano.a(libc_a-mallocr.o)
 .text._malloc_r
                0x08008098      0x100 D:/Apps/Study/STM32IDE/STM32CubeIDE_1.18.1/STM32CubeIDE/plugins/com.st.stm32cube.ide.mcu.externaltools.gnu-tools-for-stm32.13.3.rel1.win32_1.0.0.202411081344/tools/bin/../lib/gcc/arm-none-eabi/13.3.1/../../../../arm-none-eabi/lib/thumb/v7e-m+fp/hard\libc_nano.a(libc_a-mallocr.o)
                0x08008098                _malloc_r
 .text.__malloc_lock
                0x08008198        0xc D:/Apps/Study/STM32IDE/STM32CubeIDE_1.18.1/STM32CubeIDE/plugins/com.st.stm32cube.ide.mcu.externaltools.gnu-tools-for-stm32.13.3.rel1.win32_1.0.0.202411081344/tools/bin/../lib/gcc/arm-none-eabi/13.3.1/../../../../arm-none-eabi/lib/thumb/v7e-m+fp/hard\libc_nano.a(libc_a-mlock.o)
                0x08008198                __malloc_lock
 .text.__malloc_unlock
                0x080081a4        0xc D:/Apps/Study/STM32IDE/STM32CubeIDE_1.18.1/STM32CubeIDE/plugins/com.st.stm32cube.ide.mcu.externaltools.gnu-tools-for-stm32.13.3.rel1.win32_1.0.0.202411081344/tools/bin/../lib/gcc/arm-none-eabi/13.3.1/../../../../arm-none-eabi/lib/thumb/v7e-m+fp/hard\libc_nano.a(libc_a-mlock.o)
                0x080081a4                __malloc_unlock
 .text.__sflush_r
                0x080081b0      0x108 D:/Apps/Study/STM32IDE/STM32CubeIDE_1.18.1/STM32CubeIDE/plugins/com.st.stm32cube.ide.mcu.externaltools.gnu-tools-for-stm32.13.3.rel1.win32_1.0.0.202411081344/tools/bin/../lib/gcc/arm-none-eabi/13.3.1/../../../../arm-none-eabi/lib/thumb/v7e-m+fp/hard\libc_nano.a(libc_a-fflush.o)
                0x080081b0                __sflush_r
 .text._fflush_r
                0x080082b8       0x50 D:/Apps/Study/STM32IDE/STM32CubeIDE_1.18.1/STM32CubeIDE/plugins/com.st.stm32cube.ide.mcu.externaltools.gnu-tools-for-stm32.13.3.rel1.win32_1.0.0.202411081344/tools/bin/../lib/gcc/arm-none-eabi/13.3.1/../../../../arm-none-eabi/lib/thumb/v7e-m+fp/hard\libc_nano.a(libc_a-fflush.o)
                0x080082b8                _fflush_r
 .text.fprintf  0x08008308       0x24 D:/Apps/Study/STM32IDE/STM32CubeIDE_1.18.1/STM32CubeIDE/plugins/com.st.stm32cube.ide.mcu.externaltools.gnu-tools-for-stm32.13.3.rel1.win32_1.0.0.202411081344/tools/bin/../lib/gcc/arm-none-eabi/13.3.1/../../../../arm-none-eabi/lib/thumb/v7e-m+fp/hard\libc_nano.a(libc_a-fprintf.o)
                0x08008308                fiprintf
                0x08008308                fprintf
 .text._sbrk_r  0x0800832c       0x20 D:/Apps/Study/STM32IDE/STM32CubeIDE_1.18.1/STM32CubeIDE/plugins/com.st.stm32cube.ide.mcu.externaltools.gnu-tools-for-stm32.13.3.rel1.win32_1.0.0.202411081344/tools/bin/../lib/gcc/arm-none-eabi/13.3.1/../../../../arm-none-eabi/lib/thumb/v7e-m+fp/hard\libc_nano.a(libc_a-sbrkr.o)
                0x0800832c                _sbrk_r
 .text.abort    0x0800834c        0xe D:/Apps/Study/STM32IDE/STM32CubeIDE_1.18.1/STM32CubeIDE/plugins/com.st.stm32cube.ide.mcu.externaltools.gnu-tools-for-stm32.13.3.rel1.win32_1.0.0.202411081344/tools/bin/../lib/gcc/arm-none-eabi/13.3.1/../../../../arm-none-eabi/lib/thumb/v7e-m+fp/hard\libc_nano.a(libc_a-abort.o)
                0x0800834c                abort
 .text.__sfputc_r
                0x0800835a       0x2e D:/Apps/Study/STM32IDE/STM32CubeIDE_1.18.1/STM32CubeIDE/plugins/com.st.stm32cube.ide.mcu.externaltools.gnu-tools-for-stm32.13.3.rel1.win32_1.0.0.202411081344/tools/bin/../lib/gcc/arm-none-eabi/13.3.1/../../../../arm-none-eabi/lib/thumb/v7e-m+fp/hard\libc_nano.a(libc_a-nano-vfprintf.o)
 .text.__sfputs_r
                0x08008388       0x24 D:/Apps/Study/STM32IDE/STM32CubeIDE_1.18.1/STM32CubeIDE/plugins/com.st.stm32cube.ide.mcu.externaltools.gnu-tools-for-stm32.13.3.rel1.win32_1.0.0.202411081344/tools/bin/../lib/gcc/arm-none-eabi/13.3.1/../../../../arm-none-eabi/lib/thumb/v7e-m+fp/hard\libc_nano.a(libc_a-nano-vfprintf.o)
                0x08008388                __sfputs_r
 .text._vfprintf_r
                0x080083ac      0x230 D:/Apps/Study/STM32IDE/STM32CubeIDE_1.18.1/STM32CubeIDE/plugins/com.st.stm32cube.ide.mcu.externaltools.gnu-tools-for-stm32.13.3.rel1.win32_1.0.0.202411081344/tools/bin/../lib/gcc/arm-none-eabi/13.3.1/../../../../arm-none-eabi/lib/thumb/v7e-m+fp/hard\libc_nano.a(libc_a-nano-vfprintf.o)
                0x080083ac                _vfprintf_r
                0x080083ac                _vfiprintf_r
 .text._printf_common
                0x080085dc       0xda D:/Apps/Study/STM32IDE/STM32CubeIDE_1.18.1/STM32CubeIDE/plugins/com.st.stm32cube.ide.mcu.externaltools.gnu-tools-for-stm32.13.3.rel1.win32_1.0.0.202411081344/tools/bin/../lib/gcc/arm-none-eabi/13.3.1/../../../../arm-none-eabi/lib/thumb/v7e-m+fp/hard\libc_nano.a(libc_a-nano-vfprintf_i.o)
                0x080085dc                _printf_common
 *fill*         0x080086b6        0x2 
 .text._printf_i
                0x080086b8      0x23c D:/Apps/Study/STM32IDE/STM32CubeIDE_1.18.1/STM32CubeIDE/plugins/com.st.stm32cube.ide.mcu.externaltools.gnu-tools-for-stm32.13.3.rel1.win32_1.0.0.202411081344/tools/bin/../lib/gcc/arm-none-eabi/13.3.1/../../../../arm-none-eabi/lib/thumb/v7e-m+fp/hard\libc_nano.a(libc_a-nano-vfprintf_i.o)
                0x080086b8                _printf_i
 .text.__swbuf_r
                0x080088f4       0x7c D:/Apps/Study/STM32IDE/STM32CubeIDE_1.18.1/STM32CubeIDE/plugins/com.st.stm32cube.ide.mcu.externaltools.gnu-tools-for-stm32.13.3.rel1.win32_1.0.0.202411081344/tools/bin/../lib/gcc/arm-none-eabi/13.3.1/../../../../arm-none-eabi/lib/thumb/v7e-m+fp/hard\libc_nano.a(libc_a-wbuf.o)
                0x080088f4                __swbuf_r
 .text.__swsetup_r
                0x08008970       0xac D:/Apps/Study/STM32IDE/STM32CubeIDE_1.18.1/STM32CubeIDE/plugins/com.st.stm32cube.ide.mcu.externaltools.gnu-tools-for-stm32.13.3.rel1.win32_1.0.0.202411081344/tools/bin/../lib/gcc/arm-none-eabi/13.3.1/../../../../arm-none-eabi/lib/thumb/v7e-m+fp/hard\libc_nano.a(libc_a-wsetup.o)
                0x08008970                __swsetup_r
 .text._raise_r
                0x08008a1c       0x50 D:/Apps/Study/STM32IDE/STM32CubeIDE_1.18.1/STM32CubeIDE/plugins/com.st.stm32cube.ide.mcu.externaltools.gnu-tools-for-stm32.13.3.rel1.win32_1.0.0.202411081344/tools/bin/../lib/gcc/arm-none-eabi/13.3.1/../../../../arm-none-eabi/lib/thumb/v7e-m+fp/hard\libc_nano.a(libc_a-signal.o)
                0x08008a1c                _raise_r
 .text.raise    0x08008a6c       0x10 D:/Apps/Study/STM32IDE/STM32CubeIDE_1.18.1/STM32CubeIDE/plugins/com.st.stm32cube.ide.mcu.externaltools.gnu-tools-for-stm32.13.3.rel1.win32_1.0.0.202411081344/tools/bin/../lib/gcc/arm-none-eabi/13.3.1/../../../../arm-none-eabi/lib/thumb/v7e-m+fp/hard\libc_nano.a(libc_a-signal.o)
                0x08008a6c                raise
 .text._kill_r  0x08008a7c       0x24 D:/Apps/Study/STM32IDE/STM32CubeIDE_1.18.1/STM32CubeIDE/plugins/com.st.stm32cube.ide.mcu.externaltools.gnu-tools-for-stm32.13.3.rel1.win32_1.0.0.202411081344/tools/bin/../lib/gcc/arm-none-eabi/13.3.1/../../../../arm-none-eabi/lib/thumb/v7e-m+fp/hard\libc_nano.a(libc_a-signalr.o)
                0x08008a7c                _kill_r
 .text._getpid_r
                0x08008aa0        0x4 D:/Apps/Study/STM32IDE/STM32CubeIDE_1.18.1/STM32CubeIDE/plugins/com.st.stm32cube.ide.mcu.externaltools.gnu-tools-for-stm32.13.3.rel1.win32_1.0.0.202411081344/tools/bin/../lib/gcc/arm-none-eabi/13.3.1/../../../../arm-none-eabi/lib/thumb/v7e-m+fp/hard\libc_nano.a(libc_a-signalr.o)
                0x08008aa0                _getpid_r
 .text.__swhatbuf_r
                0x08008aa4       0x4c D:/Apps/Study/STM32IDE/STM32CubeIDE_1.18.1/STM32CubeIDE/plugins/com.st.stm32cube.ide.mcu.externaltools.gnu-tools-for-stm32.13.3.rel1.win32_1.0.0.202411081344/tools/bin/../lib/gcc/arm-none-eabi/13.3.1/../../../../arm-none-eabi/lib/thumb/v7e-m+fp/hard\libc_nano.a(libc_a-makebuf.o)
                0x08008aa4                __swhatbuf_r
 .text.__smakebuf_r
                0x08008af0       0x78 D:/Apps/Study/STM32IDE/STM32CubeIDE_1.18.1/STM32CubeIDE/plugins/com.st.stm32cube.ide.mcu.externaltools.gnu-tools-for-stm32.13.3.rel1.win32_1.0.0.202411081344/tools/bin/../lib/gcc/arm-none-eabi/13.3.1/../../../../arm-none-eabi/lib/thumb/v7e-m+fp/hard\libc_nano.a(libc_a-makebuf.o)
                0x08008af0                __smakebuf_r
 .text._fstat_r
                0x08008b68       0x24 D:/Apps/Study/STM32IDE/STM32CubeIDE_1.18.1/STM32CubeIDE/plugins/com.st.stm32cube.ide.mcu.externaltools.gnu-tools-for-stm32.13.3.rel1.win32_1.0.0.202411081344/tools/bin/../lib/gcc/arm-none-eabi/13.3.1/../../../../arm-none-eabi/lib/thumb/v7e-m+fp/hard\libc_nano.a(libc_a-fstatr.o)
                0x08008b68                _fstat_r
 .text._isatty_r
                0x08008b8c       0x20 D:/Apps/Study/STM32IDE/STM32CubeIDE_1.18.1/STM32CubeIDE/plugins/com.st.stm32cube.ide.mcu.externaltools.gnu-tools-for-stm32.13.3.rel1.win32_1.0.0.202411081344/tools/bin/../lib/gcc/arm-none-eabi/13.3.1/../../../../arm-none-eabi/lib/thumb/v7e-m+fp/hard\libc_nano.a(libc_a-isattyr.o)
                0x08008b8c                _isatty_r
 .text.sqrtf    0x08008bac       0x3c D:/Apps/Study/STM32IDE/STM32CubeIDE_1.18.1/STM32CubeIDE/plugins/com.st.stm32cube.ide.mcu.externaltools.gnu-tools-for-stm32.13.3.rel1.win32_1.0.0.202411081344/tools/bin/../lib/gcc/arm-none-eabi/13.3.1/../../../../arm-none-eabi/lib/thumb/v7e-m+fp/hard\libm.a(libm_a-wf_sqrt.o)
                0x08008bac                sqrtf
 .text.__ieee754_sqrtf
                0x08008be8        0x6 D:/Apps/Study/STM32IDE/STM32CubeIDE_1.18.1/STM32CubeIDE/plugins/com.st.stm32cube.ide.mcu.externaltools.gnu-tools-for-stm32.13.3.rel1.win32_1.0.0.202411081344/tools/bin/../lib/gcc/arm-none-eabi/13.3.1/../../../../arm-none-eabi/lib/thumb/v7e-m+fp/hard\libm.a(libm_a-ef_sqrt.o)
                0x08008be8                __ieee754_sqrtf
 *(.glue_7)
 .glue_7        0x08008bee        0x0 linker stubs
 *(.glue_7t)
 .glue_7t       0x08008bee        0x0 linker stubs
 *(.eh_frame)
 *fill*         0x08008bee        0x2 
 .eh_frame      0x08008bf0        0x0 D:/Apps/Study/STM32IDE/STM32CubeIDE_1.18.1/STM32CubeIDE/plugins/com.st.stm32cube.ide.mcu.externaltools.gnu-tools-for-stm32.13.3.rel1.win32_1.0.0.202411081344/tools/bin/../lib/gcc/arm-none-eabi/13.3.1/thumb/v7e-m+fp/hard/crtbegin.o
 *(.init)
 .init          0x08008bf0        0x4 D:/Apps/Study/STM32IDE/STM32CubeIDE_1.18.1/STM32CubeIDE/plugins/com.st.stm32cube.ide.mcu.externaltools.gnu-tools-for-stm32.13.3.rel1.win32_1.0.0.202411081344/tools/bin/../lib/gcc/arm-none-eabi/13.3.1/thumb/v7e-m+fp/hard/crti.o
                0x08008bf0                _init
 .init          0x08008bf4        0x8 D:/Apps/Study/STM32IDE/STM32CubeIDE_1.18.1/STM32CubeIDE/plugins/com.st.stm32cube.ide.mcu.externaltools.gnu-tools-for-stm32.13.3.rel1.win32_1.0.0.202411081344/tools/bin/../lib/gcc/arm-none-eabi/13.3.1/thumb/v7e-m+fp/hard/crtn.o
 *(.fini)
 .fini          0x08008bfc        0x4 D:/Apps/Study/STM32IDE/STM32CubeIDE_1.18.1/STM32CubeIDE/plugins/com.st.stm32cube.ide.mcu.externaltools.gnu-tools-for-stm32.13.3.rel1.win32_1.0.0.202411081344/tools/bin/../lib/gcc/arm-none-eabi/13.3.1/thumb/v7e-m+fp/hard/crti.o
                0x08008bfc                _fini
 .fini          0x08008c00        0x8 D:/Apps/Study/STM32IDE/STM32CubeIDE_1.18.1/STM32CubeIDE/plugins/com.st.stm32cube.ide.mcu.externaltools.gnu-tools-for-stm32.13.3.rel1.win32_1.0.0.202411081344/tools/bin/../lib/gcc/arm-none-eabi/13.3.1/thumb/v7e-m+fp/hard/crtn.o
                0x08008c08                        . = ALIGN (0x4)
                0x08008c08                        _etext = .

.vfp11_veneer   0x08008c08        0x0
 .vfp11_veneer  0x08008c08        0x0 linker stubs

.v4_bx          0x08008c08        0x0
 .v4_bx         0x08008c08        0x0 linker stubs

.iplt           0x08008c08        0x0
 .iplt          0x08008c08        0x0 D:/Apps/Study/STM32IDE/STM32CubeIDE_1.18.1/STM32CubeIDE/plugins/com.st.stm32cube.ide.mcu.externaltools.gnu-tools-for-stm32.13.3.rel1.win32_1.0.0.202411081344/tools/bin/../lib/gcc/arm-none-eabi/13.3.1/thumb/v7e-m+fp/hard/crtbegin.o

.rodata         0x08008c08    0x1d568
                0x08008c08                        . = ALIGN (0x4)
 *(.rodata)
 *(.rodata*)
 .rodata.AHBPrescTable
                0x08008c08       0x10 ./Core/Src/system_stm32f4xx.o
                0x08008c08                AHBPrescTable
 .rodata.APBPrescTable
                0x08008c18        0x8 ./Core/Src/system_stm32f4xx.o
                0x08008c18                APBPrescTable
 .rodata.flagBitshiftOffset.0
                0x08008c20        0x8 ./Drivers/STM32F4xx_HAL_Driver/Src/stm32f4xx_hal_dma.o
 .rodata.armBitRevIndexTable1024
                0x08008c28      0xe10 ../Middlewares/ST/ARM/DSP/Lib\libarm_cortexM4lf_math.a(arm_common_tables.o)
                0x08008c28                armBitRevIndexTable1024
 .rodata.armBitRevIndexTable128
                0x08009a38      0x1a0 ../Middlewares/ST/ARM/DSP/Lib\libarm_cortexM4lf_math.a(arm_common_tables.o)
                0x08009a38                armBitRevIndexTable128
 .rodata.armBitRevIndexTable16
                0x08009bd8       0x28 ../Middlewares/ST/ARM/DSP/Lib\libarm_cortexM4lf_math.a(arm_common_tables.o)
                0x08009bd8                armBitRevIndexTable16
 .rodata.armBitRevIndexTable2048
                0x08009c00     0x1dc0 ../Middlewares/ST/ARM/DSP/Lib\libarm_cortexM4lf_math.a(arm_common_tables.o)
                0x08009c00                armBitRevIndexTable2048
 .rodata.armBitRevIndexTable256
                0x0800b9c0      0x370 ../Middlewares/ST/ARM/DSP/Lib\libarm_cortexM4lf_math.a(arm_common_tables.o)
                0x0800b9c0                armBitRevIndexTable256
 .rodata.armBitRevIndexTable32
                0x0800bd30       0x60 ../Middlewares/ST/ARM/DSP/Lib\libarm_cortexM4lf_math.a(arm_common_tables.o)
                0x0800bd30                armBitRevIndexTable32
 .rodata.armBitRevIndexTable4096
                0x0800bd90     0x1f80 ../Middlewares/ST/ARM/DSP/Lib\libarm_cortexM4lf_math.a(arm_common_tables.o)
                0x0800bd90                armBitRevIndexTable4096
 .rodata.armBitRevIndexTable512
                0x0800dd10      0x380 ../Middlewares/ST/ARM/DSP/Lib\libarm_cortexM4lf_math.a(arm_common_tables.o)
                0x0800dd10                armBitRevIndexTable512
 .rodata.armBitRevIndexTable64
                0x0800e090       0x70 ../Middlewares/ST/ARM/DSP/Lib\libarm_cortexM4lf_math.a(arm_common_tables.o)
                0x0800e090                armBitRevIndexTable64
 .rodata.twiddleCoef_1024
                0x0800e100     0x2000 ../Middlewares/ST/ARM/DSP/Lib\libarm_cortexM4lf_math.a(arm_common_tables.o)
                0x0800e100                twiddleCoef_1024
 .rodata.twiddleCoef_128
                0x08010100      0x400 ../Middlewares/ST/ARM/DSP/Lib\libarm_cortexM4lf_math.a(arm_common_tables.o)
                0x08010100                twiddleCoef_128
 .rodata.twiddleCoef_16
                0x08010500       0x80 ../Middlewares/ST/ARM/DSP/Lib\libarm_cortexM4lf_math.a(arm_common_tables.o)
                0x08010500                twiddleCoef_16
 .rodata.twiddleCoef_2048
                0x08010580     0x4000 ../Middlewares/ST/ARM/DSP/Lib\libarm_cortexM4lf_math.a(arm_common_tables.o)
                0x08010580                twiddleCoef_2048
 .rodata.twiddleCoef_256
                0x08014580      0x800 ../Middlewares/ST/ARM/DSP/Lib\libarm_cortexM4lf_math.a(arm_common_tables.o)
                0x08014580                twiddleCoef_256
 .rodata.twiddleCoef_32
                0x08014d80      0x100 ../Middlewares/ST/ARM/DSP/Lib\libarm_cortexM4lf_math.a(arm_common_tables.o)
                0x08014d80                twiddleCoef_32
 .rodata.twiddleCoef_4096
                0x08014e80     0x8000 ../Middlewares/ST/ARM/DSP/Lib\libarm_cortexM4lf_math.a(arm_common_tables.o)
                0x08014e80                twiddleCoef_4096
 .rodata.twiddleCoef_512
                0x0801ce80     0x1000 ../Middlewares/ST/ARM/DSP/Lib\libarm_cortexM4lf_math.a(arm_common_tables.o)
                0x0801ce80                twiddleCoef_512
 .rodata.twiddleCoef_64
                0x0801de80      0x200 ../Middlewares/ST/ARM/DSP/Lib\libarm_cortexM4lf_math.a(arm_common_tables.o)
                0x0801de80                twiddleCoef_64
 .rodata.twiddleCoef_rfft_1024
                0x0801e080     0x1000 ../Middlewares/ST/ARM/DSP/Lib\libarm_cortexM4lf_math.a(arm_common_tables.o)
                0x0801e080                twiddleCoef_rfft_1024
 .rodata.twiddleCoef_rfft_128
                0x0801f080      0x200 ../Middlewares/ST/ARM/DSP/Lib\libarm_cortexM4lf_math.a(arm_common_tables.o)
                0x0801f080                twiddleCoef_rfft_128
 .rodata.twiddleCoef_rfft_2048
                0x0801f280     0x2000 ../Middlewares/ST/ARM/DSP/Lib\libarm_cortexM4lf_math.a(arm_common_tables.o)
                0x0801f280                twiddleCoef_rfft_2048
 .rodata.twiddleCoef_rfft_256
                0x08021280      0x400 ../Middlewares/ST/ARM/DSP/Lib\libarm_cortexM4lf_math.a(arm_common_tables.o)
                0x08021280                twiddleCoef_rfft_256
 .rodata.twiddleCoef_rfft_32
                0x08021680       0x80 ../Middlewares/ST/ARM/DSP/Lib\libarm_cortexM4lf_math.a(arm_common_tables.o)
                0x08021680                twiddleCoef_rfft_32
 .rodata.twiddleCoef_rfft_4096
                0x08021700     0x4000 ../Middlewares/ST/ARM/DSP/Lib\libarm_cortexM4lf_math.a(arm_common_tables.o)
                0x08021700                twiddleCoef_rfft_4096
 .rodata.twiddleCoef_rfft_512
                0x08025700      0x800 ../Middlewares/ST/ARM/DSP/Lib\libarm_cortexM4lf_math.a(arm_common_tables.o)
                0x08025700                twiddleCoef_rfft_512
 .rodata.twiddleCoef_rfft_64
                0x08025f00      0x100 ../Middlewares/ST/ARM/DSP/Lib\libarm_cortexM4lf_math.a(arm_common_tables.o)
                0x08025f00                twiddleCoef_rfft_64
 .rodata.arm_cfft_sR_f32_len1024
                0x08026000       0x10 ../Middlewares/ST/ARM/DSP/Lib\libarm_cortexM4lf_math.a(arm_const_structs.o)
                0x08026000                arm_cfft_sR_f32_len1024
 .rodata.arm_cfft_sR_f32_len128
                0x08026010       0x10 ../Middlewares/ST/ARM/DSP/Lib\libarm_cortexM4lf_math.a(arm_const_structs.o)
                0x08026010                arm_cfft_sR_f32_len128
 .rodata.arm_cfft_sR_f32_len16
                0x08026020       0x10 ../Middlewares/ST/ARM/DSP/Lib\libarm_cortexM4lf_math.a(arm_const_structs.o)
                0x08026020                arm_cfft_sR_f32_len16
 .rodata.arm_cfft_sR_f32_len2048
                0x08026030       0x10 ../Middlewares/ST/ARM/DSP/Lib\libarm_cortexM4lf_math.a(arm_const_structs.o)
                0x08026030                arm_cfft_sR_f32_len2048
 .rodata.arm_cfft_sR_f32_len256
                0x08026040       0x10 ../Middlewares/ST/ARM/DSP/Lib\libarm_cortexM4lf_math.a(arm_const_structs.o)
                0x08026040                arm_cfft_sR_f32_len256
 .rodata.arm_cfft_sR_f32_len32
                0x08026050       0x10 ../Middlewares/ST/ARM/DSP/Lib\libarm_cortexM4lf_math.a(arm_const_structs.o)
                0x08026050                arm_cfft_sR_f32_len32
 .rodata.arm_cfft_sR_f32_len4096
                0x08026060       0x10 ../Middlewares/ST/ARM/DSP/Lib\libarm_cortexM4lf_math.a(arm_const_structs.o)
                0x08026060                arm_cfft_sR_f32_len4096
 .rodata.arm_cfft_sR_f32_len512
                0x08026070       0x10 ../Middlewares/ST/ARM/DSP/Lib\libarm_cortexM4lf_math.a(arm_const_structs.o)
                0x08026070                arm_cfft_sR_f32_len512
 .rodata.arm_cfft_sR_f32_len64
                0x08026080       0x10 ../Middlewares/ST/ARM/DSP/Lib\libarm_cortexM4lf_math.a(arm_const_structs.o)
                0x08026080                arm_cfft_sR_f32_len64
 .rodata.srand.str1.1
                0x08026090       0xde D:/Apps/Study/STM32IDE/STM32CubeIDE_1.18.1/STM32CubeIDE/plugins/com.st.stm32cube.ide.mcu.externaltools.gnu-tools-for-stm32.13.3.rel1.win32_1.0.0.202411081344/tools/bin/../lib/gcc/arm-none-eabi/13.3.1/../../../../arm-none-eabi/lib/thumb/v7e-m+fp/hard\libc_nano.a(libc_a-rand.o)
                                 0x6f (size before relaxing)
 .rodata.__assert_func.str1.1
                0x0802616e       0x3d D:/Apps/Study/STM32IDE/STM32CubeIDE_1.18.1/STM32CubeIDE/plugins/com.st.stm32cube.ide.mcu.externaltools.gnu-tools-for-stm32.13.3.rel1.win32_1.0.0.202411081344/tools/bin/../lib/gcc/arm-none-eabi/13.3.1/../../../../arm-none-eabi/lib/thumb/v7e-m+fp/hard\libc_nano.a(libc_a-assert.o)
 .rodata._vfprintf_r.str1.1
                0x0802616e       0x11 D:/Apps/Study/STM32IDE/STM32CubeIDE_1.18.1/STM32CubeIDE/plugins/com.st.stm32cube.ide.mcu.externaltools.gnu-tools-for-stm32.13.3.rel1.win32_1.0.0.202411081344/tools/bin/../lib/gcc/arm-none-eabi/13.3.1/../../../../arm-none-eabi/lib/thumb/v7e-m+fp/hard\libc_nano.a(libc_a-nano-vfprintf.o)
 .rodata._printf_i.str1.1
                0x0802616e       0x22 D:/Apps/Study/STM32IDE/STM32CubeIDE_1.18.1/STM32CubeIDE/plugins/com.st.stm32cube.ide.mcu.externaltools.gnu-tools-for-stm32.13.3.rel1.win32_1.0.0.202411081344/tools/bin/../lib/gcc/arm-none-eabi/13.3.1/../../../../arm-none-eabi/lib/thumb/v7e-m+fp/hard\libc_nano.a(libc_a-nano-vfprintf_i.o)
                0x080261ac                        . = ALIGN (0x4)
 *fill*         0x0802616e        0x2 

.ARM.extab      0x08026170        0x0
                0x08026170                        . = ALIGN (0x4)
 *(.ARM.extab* .gnu.linkonce.armextab.*)
                0x08026170                        . = ALIGN (0x4)

.ARM            0x08026170        0x8
                0x08026170                        . = ALIGN (0x4)
                0x08026170                        __exidx_start = .
 *(.ARM.exidx*)
 .ARM.exidx     0x08026170        0x8 D:/Apps/Study/STM32IDE/STM32CubeIDE_1.18.1/STM32CubeIDE/plugins/com.st.stm32cube.ide.mcu.externaltools.gnu-tools-for-stm32.13.3.rel1.win32_1.0.0.202411081344/tools/bin/../lib/gcc/arm-none-eabi/13.3.1/../../../../arm-none-eabi/lib/thumb/v7e-m+fp/hard\libc_nano.a(libc_a-memchr.o)
 .ARM.exidx     0x08026178        0x0 D:/Apps/Study/STM32IDE/STM32CubeIDE_1.18.1/STM32CubeIDE/plugins/com.st.stm32cube.ide.mcu.externaltools.gnu-tools-for-stm32.13.3.rel1.win32_1.0.0.202411081344/tools/bin/../lib/gcc/arm-none-eabi/13.3.1/thumb/v7e-m+fp/hard\libgcc.a(_udivmoddi4.o)
                                  0x8 (size before relaxing)
                0x08026178                        __exidx_end = .
                0x08026178                        . = ALIGN (0x4)

.preinit_array  0x08026178        0x0
                0x08026178                        . = ALIGN (0x4)
                0x08026178                        PROVIDE (__preinit_array_start = .)
 *(.preinit_array*)
                0x08026178                        PROVIDE (__preinit_array_end = .)
                0x08026178                        . = ALIGN (0x4)

.init_array     0x08026178        0x4
                0x08026178                        . = ALIGN (0x4)
                0x08026178                        PROVIDE (__init_array_start = .)
 *(SORT_BY_NAME(.init_array.*))
 *(.init_array*)
 .init_array    0x08026178        0x4 D:/Apps/Study/STM32IDE/STM32CubeIDE_1.18.1/STM32CubeIDE/plugins/com.st.stm32cube.ide.mcu.externaltools.gnu-tools-for-stm32.13.3.rel1.win32_1.0.0.202411081344/tools/bin/../lib/gcc/arm-none-eabi/13.3.1/thumb/v7e-m+fp/hard/crtbegin.o
                0x0802617c                        PROVIDE (__init_array_end = .)
                0x0802617c                        . = ALIGN (0x4)

.fini_array     0x0802617c        0x4
                0x0802617c                        . = ALIGN (0x4)
                [!provide]                        PROVIDE (__fini_array_start = .)
 *(SORT_BY_NAME(.fini_array.*))
 *(.fini_array*)
 .fini_array    0x0802617c        0x4 D:/Apps/Study/STM32IDE/STM32CubeIDE_1.18.1/STM32CubeIDE/plugins/com.st.stm32cube.ide.mcu.externaltools.gnu-tools-for-stm32.13.3.rel1.win32_1.0.0.202411081344/tools/bin/../lib/gcc/arm-none-eabi/13.3.1/thumb/v7e-m+fp/hard/crtbegin.o
                [!provide]                        PROVIDE (__fini_array_end = .)
                0x08026180                        . = ALIGN (0x4)
                0x08026180                        _sidata = LOADADDR (.data)

.rel.dyn        0x08026180        0x0
 .rel.iplt      0x08026180        0x0 D:/Apps/Study/STM32IDE/STM32CubeIDE_1.18.1/STM32CubeIDE/plugins/com.st.stm32cube.ide.mcu.externaltools.gnu-tools-for-stm32.13.3.rel1.win32_1.0.0.202411081344/tools/bin/../lib/gcc/arm-none-eabi/13.3.1/thumb/v7e-m+fp/hard/crtbegin.o

.data           0x20000000       0x6c load address 0x08026180
                0x20000000                        . = ALIGN (0x4)
                0x20000000                        _sdata = .
 *(.data)
 *(.data*)
 .data.effect_mode
                0x20000000        0x1 ./Core/Src/main.o
                0x20000000                effect_mode
 *fill*         0x20000001        0x3 
 .data.SystemCoreClock
                0x20000004        0x4 ./Core/Src/system_stm32f4xx.o
                0x20000004                SystemCoreClock
 .data.uwTickPrio
                0x20000008        0x4 ./Drivers/STM32F4xx_HAL_Driver/Src/stm32f4xx_hal.o
                0x20000008                uwTickPrio
 .data.uwTickFreq
                0x2000000c        0x1 ./Drivers/STM32F4xx_HAL_Driver/Src/stm32f4xx_hal.o
                0x2000000c                uwTickFreq
 *fill*         0x2000000d        0x3 
 .data.__sglue  0x20000010        0xc D:/Apps/Study/STM32IDE/STM32CubeIDE_1.18.1/STM32CubeIDE/plugins/com.st.stm32cube.ide.mcu.externaltools.gnu-tools-for-stm32.13.3.rel1.win32_1.0.0.202411081344/tools/bin/../lib/gcc/arm-none-eabi/13.3.1/../../../../arm-none-eabi/lib/thumb/v7e-m+fp/hard\libc_nano.a(libc_a-findfp.o)
                0x20000010                __sglue
 .data._impure_ptr
                0x2000001c        0x4 D:/Apps/Study/STM32IDE/STM32CubeIDE_1.18.1/STM32CubeIDE/plugins/com.st.stm32cube.ide.mcu.externaltools.gnu-tools-for-stm32.13.3.rel1.win32_1.0.0.202411081344/tools/bin/../lib/gcc/arm-none-eabi/13.3.1/../../../../arm-none-eabi/lib/thumb/v7e-m+fp/hard\libc_nano.a(libc_a-impure.o)
                0x2000001c                _impure_ptr
 .data._impure_data
                0x20000020       0x4c D:/Apps/Study/STM32IDE/STM32CubeIDE_1.18.1/STM32CubeIDE/plugins/com.st.stm32cube.ide.mcu.externaltools.gnu-tools-for-stm32.13.3.rel1.win32_1.0.0.202411081344/tools/bin/../lib/gcc/arm-none-eabi/13.3.1/../../../../arm-none-eabi/lib/thumb/v7e-m+fp/hard\libc_nano.a(libc_a-impure.o)
                0x20000020                _impure_data
 *(.RamFunc)
 *(.RamFunc*)
                0x2000006c                        . = ALIGN (0x4)
                0x2000006c                        _edata = .
                0x080261ec                        _siccmram = LOADADDR (.ccmram)

.igot.plt       0x2000006c        0x0 load address 0x080261ec
 .igot.plt      0x2000006c        0x0 D:/Apps/Study/STM32IDE/STM32CubeIDE_1.18.1/STM32CubeIDE/plugins/com.st.stm32cube.ide.mcu.externaltools.gnu-tools-for-stm32.13.3.rel1.win32_1.0.0.202411081344/tools/bin/../lib/gcc/arm-none-eabi/13.3.1/thumb/v7e-m+fp/hard/crtbegin.o

.ccmram         0x10000000        0x0 load address 0x080261ec
                0x10000000                        . = ALIGN (0x4)
                0x10000000                        _sccmram = .
 *(.ccmram)
 *(.ccmram*)
                0x10000000                        . = ALIGN (0x4)
                0x10000000                        _eccmram = .
                0x10000000                        . = ALIGN (0x4)

.bss            0x2000006c     0x1de8
                0x2000006c                        _sbss = .
                0x2000006c                        __bss_start__ = _sbss
 *(.bss)
 .bss           0x2000006c       0x1c D:/Apps/Study/STM32IDE/STM32CubeIDE_1.18.1/STM32CubeIDE/plugins/com.st.stm32cube.ide.mcu.externaltools.gnu-tools-for-stm32.13.3.rel1.win32_1.0.0.202411081344/tools/bin/../lib/gcc/arm-none-eabi/13.3.1/thumb/v7e-m+fp/hard/crtbegin.o
 *(.bss*)
 .bss.adc_buffer
                0x20000088      0x400 ./Core/Src/main.o
                0x20000088                adc_buffer
 .bss.fft_in_buf
                0x20000488      0x800 ./Core/Src/main.o
                0x20000488                fft_in_buf
 .bss.fft_out_buf
                0x20000c88      0x800 ./Core/Src/main.o
                0x20000c88                fft_out_buf
 .bss.fft_mag_buf
                0x20001488      0x400 ./Core/Src/main.o
                0x20001488                fft_mag_buf
 .bss.fft_process_flag
                0x20001888        0x1 ./Core/Src/main.o
                0x20001888                fft_process_flag
 *fill*         0x20001889        0x3 
 .bss.fft_handler
                0x2000188c       0x18 ./Core/Src/main.o
                0x2000188c                fft_handler
 .bss.debug_peak_val
                0x200018a4        0x4 ./Core/Src/main.o
                0x200018a4                debug_peak_val
 .bss.debug_peak_hz
                0x200018a8        0x4 ./Core/Src/main.o
                0x200018a8                debug_peak_hz
 .bss.audio_peak_val
                0x200018ac        0x4 ./Core/Src/main.o
                0x200018ac                audio_peak_val
 .bss.audio_peak_hz
                0x200018b0        0x4 ./Core/Src/main.o
                0x200018b0                audio_peak_hz
 .bss.spi_led_buffer
                0x200018b4       0x80 ./Core/Src/main.o
                0x200018b4                spi_led_buffer
 .bss.usart_led_buffer
                0x20001934       0x80 ./Core/Src/main.o
                0x20001934                usart_led_buffer
 .bss.smoothed_val
                0x200019b4        0x4 ./Core/Src/main.o
                0x200019b4                smoothed_val
 .bss.rainbow_hue
                0x200019b8        0x2 ./Core/Src/main.o
                0x200019b8                rainbow_hue
 *fill*         0x200019ba        0x2 
 .bss.rain_hues
                0x200019bc       0x3c ./Core/Src/main.o
 .bss.rain_vals
                0x200019f8       0x1e ./Core/Src/main.o
 *fill*         0x20001a16        0x2 
 .bss.fire_heat
                0x20001a18       0x1e ./Core/Src/main.o
 *fill*         0x20001a36        0x2 
 .bss.buffer_r  0x20001a38       0x1e ./Core/Src/main.o
                0x20001a38                buffer_r
 *fill*         0x20001a56        0x2 
 .bss.buffer_g  0x20001a58       0x1e ./Core/Src/main.o
                0x20001a58                buffer_g
 *fill*         0x20001a76        0x2 
 .bss.buffer_b  0x20001a78       0x1e ./Core/Src/main.o
                0x20001a78                buffer_b
 *fill*         0x20001a96        0x2 
 .bss.hadc1     0x20001a98       0x48 ./Core/Src/main.o
                0x20001a98                hadc1
 .bss.hdma_adc1
                0x20001ae0       0x60 ./Core/Src/main.o
                0x20001ae0                hdma_adc1
 .bss.hspi3     0x20001b40       0x58 ./Core/Src/main.o
                0x20001b40                hspi3
 .bss.hdma_spi3_tx
                0x20001b98       0x60 ./Core/Src/main.o
                0x20001b98                hdma_spi3_tx
 .bss.htim2     0x20001bf8       0x48 ./Core/Src/main.o
                0x20001bf8                htim2
 .bss.husart6   0x20001c40       0x44 ./Core/Src/main.o
                0x20001c40                husart6
 .bss.hdma_usart6_tx
                0x20001c84       0x60 ./Core/Src/main.o
                0x20001c84                hdma_usart6_tx
 .bss.last_tick.6
                0x20001ce4        0x4 ./Core/Src/main.o
 .bss.last_tick.5
                0x20001ce8        0x4 ./Core/Src/main.o
 .bss.last_tick.4
                0x20001cec        0x4 ./Core/Src/main.o
 .bss.last_tick.3
                0x20001cf0        0x4 ./Core/Src/main.o
 .bss.last_tick.2
                0x20001cf4        0x4 ./Core/Src/main.o
 .bss.last_tick.1
                0x20001cf8        0x4 ./Core/Src/main.o
 .bss.last_tick.0
                0x20001cfc        0x4 ./Core/Src/main.o
 .bss.__sbrk_heap_end
                0x20001d00        0x4 ./Core/Src/sysmem.o
 .bss.uwTick    0x20001d04        0x4 ./Drivers/STM32F4xx_HAL_Driver/Src/stm32f4xx_hal.o
                0x20001d04                uwTick
 .bss.__sf      0x20001d08      0x138 D:/Apps/Study/STM32IDE/STM32CubeIDE_1.18.1/STM32CubeIDE/plugins/com.st.stm32cube.ide.mcu.externaltools.gnu-tools-for-stm32.13.3.rel1.win32_1.0.0.202411081344/tools/bin/../lib/gcc/arm-none-eabi/13.3.1/../../../../arm-none-eabi/lib/thumb/v7e-m+fp/hard\libc_nano.a(libc_a-findfp.o)
                0x20001d08                __sf
 .bss.__stdio_exit_handler
                0x20001e40        0x4 D:/Apps/Study/STM32IDE/STM32CubeIDE_1.18.1/STM32CubeIDE/plugins/com.st.stm32cube.ide.mcu.externaltools.gnu-tools-for-stm32.13.3.rel1.win32_1.0.0.202411081344/tools/bin/../lib/gcc/arm-none-eabi/13.3.1/../../../../arm-none-eabi/lib/thumb/v7e-m+fp/hard\libc_nano.a(libc_a-findfp.o)
                0x20001e40                __stdio_exit_handler
 .bss.errno     0x20001e44        0x4 D:/Apps/Study/STM32IDE/STM32CubeIDE_1.18.1/STM32CubeIDE/plugins/com.st.stm32cube.ide.mcu.externaltools.gnu-tools-for-stm32.13.3.rel1.win32_1.0.0.202411081344/tools/bin/../lib/gcc/arm-none-eabi/13.3.1/../../../../arm-none-eabi/lib/thumb/v7e-m+fp/hard\libc_nano.a(libc_a-reent.o)
                0x20001e44                errno
 .bss.__lock___malloc_recursive_mutex
                0x20001e48        0x1 D:/Apps/Study/STM32IDE/STM32CubeIDE_1.18.1/STM32CubeIDE/plugins/com.st.stm32cube.ide.mcu.externaltools.gnu-tools-for-stm32.13.3.rel1.win32_1.0.0.202411081344/tools/bin/../lib/gcc/arm-none-eabi/13.3.1/../../../../arm-none-eabi/lib/thumb/v7e-m+fp/hard\libc_nano.a(libc_a-lock.o)
                0x20001e48                __lock___malloc_recursive_mutex
 .bss.__lock___sfp_recursive_mutex
                0x20001e49        0x1 D:/Apps/Study/STM32IDE/STM32CubeIDE_1.18.1/STM32CubeIDE/plugins/com.st.stm32cube.ide.mcu.externaltools.gnu-tools-for-stm32.13.3.rel1.win32_1.0.0.202411081344/tools/bin/../lib/gcc/arm-none-eabi/13.3.1/../../../../arm-none-eabi/lib/thumb/v7e-m+fp/hard\libc_nano.a(libc_a-lock.o)
                0x20001e49                __lock___sfp_recursive_mutex
 *fill*         0x20001e4a        0x2 
 .bss.__malloc_sbrk_start
                0x20001e4c        0x4 D:/Apps/Study/STM32IDE/STM32CubeIDE_1.18.1/STM32CubeIDE/plugins/com.st.stm32cube.ide.mcu.externaltools.gnu-tools-for-stm32.13.3.rel1.win32_1.0.0.202411081344/tools/bin/../lib/gcc/arm-none-eabi/13.3.1/../../../../arm-none-eabi/lib/thumb/v7e-m+fp/hard\libc_nano.a(libc_a-mallocr.o)
                0x20001e4c                __malloc_sbrk_start
 .bss.__malloc_free_list
                0x20001e50        0x4 D:/Apps/Study/STM32IDE/STM32CubeIDE_1.18.1/STM32CubeIDE/plugins/com.st.stm32cube.ide.mcu.externaltools.gnu-tools-for-stm32.13.3.rel1.win32_1.0.0.202411081344/tools/bin/../lib/gcc/arm-none-eabi/13.3.1/../../../../arm-none-eabi/lib/thumb/v7e-m+fp/hard\libc_nano.a(libc_a-mallocr.o)
                0x20001e50                __malloc_free_list
 *(COMMON)
                0x20001e54                        . = ALIGN (0x4)
                0x20001e54                        _ebss = .
                0x20001e54                        __bss_end__ = _ebss

._user_heap_stack
                0x20001e54      0x604
                0x20001e58                        . = ALIGN (0x8)
 *fill*         0x20001e54        0x4 
                [!provide]                        PROVIDE (end = .)
                0x20001e58                        PROVIDE (_end = .)
                0x20002058                        . = (. + _Min_Heap_Size)
 *fill*         0x20001e58      0x200 
                0x20002458                        . = (. + _Min_Stack_Size)
 *fill*         0x20002058      0x400 
                0x20002458                        . = ALIGN (0x8)

/DISCARD/
 libc.a(*)
 libm.a(*)
 libgcc.a(*)

.ARM.attributes
                0x00000000       0x30
 *(.ARM.attributes)
 .ARM.attributes
                0x00000000       0x22 D:/Apps/Study/STM32IDE/STM32CubeIDE_1.18.1/STM32CubeIDE/plugins/com.st.stm32cube.ide.mcu.externaltools.gnu-tools-for-stm32.13.3.rel1.win32_1.0.0.202411081344/tools/bin/../lib/gcc/arm-none-eabi/13.3.1/thumb/v7e-m+fp/hard/crti.o
 .ARM.attributes
                0x00000022       0x34 D:/Apps/Study/STM32IDE/STM32CubeIDE_1.18.1/STM32CubeIDE/plugins/com.st.stm32cube.ide.mcu.externaltools.gnu-tools-for-stm32.13.3.rel1.win32_1.0.0.202411081344/tools/bin/../lib/gcc/arm-none-eabi/13.3.1/thumb/v7e-m+fp/hard/crtbegin.o
 .ARM.attributes
                0x00000056       0x34 ./Core/Src/main.o
 .ARM.attributes
                0x0000008a       0x34 ./Core/Src/stm32f4xx_hal_msp.o
 .ARM.attributes
                0x000000be       0x34 ./Core/Src/stm32f4xx_it.o
 .ARM.attributes
                0x000000f2       0x34 ./Core/Src/syscalls.o
 .ARM.attributes
                0x00000126       0x34 ./Core/Src/sysmem.o
 .ARM.attributes
                0x0000015a       0x34 ./Core/Src/system_stm32f4xx.o
 .ARM.attributes
                0x0000018e       0x21 ./Core/Startup/startup_stm32f407vetx.o
 .ARM.attributes
                0x000001af       0x34 ./Drivers/STM32F4xx_HAL_Driver/Src/stm32f4xx_hal.o
 .ARM.attributes
                0x000001e3       0x34 ./Drivers/STM32F4xx_HAL_Driver/Src/stm32f4xx_hal_adc.o
 .ARM.attributes
                0x00000217       0x34 ./Drivers/STM32F4xx_HAL_Driver/Src/stm32f4xx_hal_cortex.o
 .ARM.attributes
                0x0000024b       0x34 ./Drivers/STM32F4xx_HAL_Driver/Src/stm32f4xx_hal_dma.o
 .ARM.attributes
                0x0000027f       0x34 ./Drivers/STM32F4xx_HAL_Driver/Src/stm32f4xx_hal_gpio.o
 .ARM.attributes
                0x000002b3       0x34 ./Drivers/STM32F4xx_HAL_Driver/Src/stm32f4xx_hal_rcc.o
 .ARM.attributes
                0x000002e7       0x34 ./Drivers/STM32F4xx_HAL_Driver/Src/stm32f4xx_hal_spi.o
 .ARM.attributes
                0x0000031b       0x34 ./Drivers/STM32F4xx_HAL_Driver/Src/stm32f4xx_hal_tim.o
 .ARM.attributes
                0x0000034f       0x34 ./Drivers/STM32F4xx_HAL_Driver/Src/stm32f4xx_hal_tim_ex.o
 .ARM.attributes
                0x00000383       0x34 ./Drivers/STM32F4xx_HAL_Driver/Src/stm32f4xx_hal_usart.o
 .ARM.attributes
                0x000003b7       0x34 ../Middlewares/ST/ARM/DSP/Lib\libarm_cortexM4lf_math.a(arm_rfft_fast_init_f32.o)
 .ARM.attributes
                0x000003eb       0x34 ../Middlewares/ST/ARM/DSP/Lib\libarm_cortexM4lf_math.a(arm_rfft_fast_f32.o)
 .ARM.attributes
                0x0000041f       0x34 ../Middlewares/ST/ARM/DSP/Lib\libarm_cortexM4lf_math.a(arm_cfft_f32.o)
 .ARM.attributes
                0x00000453       0x34 ../Middlewares/ST/ARM/DSP/Lib\libarm_cortexM4lf_math.a(arm_bitreversal2.o)
 .ARM.attributes
                0x00000487       0x34 ../Middlewares/ST/ARM/DSP/Lib\libarm_cortexM4lf_math.a(arm_cmplx_mag_f32.o)
 .ARM.attributes
                0x000004bb       0x39 ../Middlewares/ST/ARM/DSP/Lib\libarm_cortexM4lf_math.a(arm_common_tables.o)
 .ARM.attributes
                0x000004f4       0x34 ../Middlewares/ST/ARM/DSP/Lib\libarm_cortexM4lf_math.a(arm_cfft_init_f32.o)
 .ARM.attributes
                0x00000528       0x34 ../Middlewares/ST/ARM/DSP/Lib\libarm_cortexM4lf_math.a(arm_cfft_radix8_f32.o)
 .ARM.attributes
                0x0000055c       0x39 ../Middlewares/ST/ARM/DSP/Lib\libarm_cortexM4lf_math.a(arm_const_structs.o)
 .ARM.attributes
                0x00000595       0x34 D:/Apps/Study/STM32IDE/STM32CubeIDE_1.18.1/STM32CubeIDE/plugins/com.st.stm32cube.ide.mcu.externaltools.gnu-tools-for-stm32.13.3.rel1.win32_1.0.0.202411081344/tools/bin/../lib/gcc/arm-none-eabi/13.3.1/../../../../arm-none-eabi/lib/thumb/v7e-m+fp/hard\libc_nano.a(libc_a-rand.o)
 .ARM.attributes
                0x000005c9       0x34 D:/Apps/Study/STM32IDE/STM32CubeIDE_1.18.1/STM32CubeIDE/plugins/com.st.stm32cube.ide.mcu.externaltools.gnu-tools-for-stm32.13.3.rel1.win32_1.0.0.202411081344/tools/bin/../lib/gcc/arm-none-eabi/13.3.1/../../../../arm-none-eabi/lib/thumb/v7e-m+fp/hard\libc_nano.a(libc_a-findfp.o)
 .ARM.attributes
                0x000005fd       0x34 D:/Apps/Study/STM32IDE/STM32CubeIDE_1.18.1/STM32CubeIDE/plugins/com.st.stm32cube.ide.mcu.externaltools.gnu-tools-for-stm32.13.3.rel1.win32_1.0.0.202411081344/tools/bin/../lib/gcc/arm-none-eabi/13.3.1/../../../../arm-none-eabi/lib/thumb/v7e-m+fp/hard\libc_nano.a(libc_a-fwalk.o)
 .ARM.attributes
                0x00000631       0x34 D:/Apps/Study/STM32IDE/STM32CubeIDE_1.18.1/STM32CubeIDE/plugins/com.st.stm32cube.ide.mcu.externaltools.gnu-tools-for-stm32.13.3.rel1.win32_1.0.0.202411081344/tools/bin/../lib/gcc/arm-none-eabi/13.3.1/../../../../arm-none-eabi/lib/thumb/v7e-m+fp/hard\libc_nano.a(libc_a-stdio.o)
 .ARM.attributes
                0x00000665       0x34 D:/Apps/Study/STM32IDE/STM32CubeIDE_1.18.1/STM32CubeIDE/plugins/com.st.stm32cube.ide.mcu.externaltools.gnu-tools-for-stm32.13.3.rel1.win32_1.0.0.202411081344/tools/bin/../lib/gcc/arm-none-eabi/13.3.1/../../../../arm-none-eabi/lib/thumb/v7e-m+fp/hard\libc_nano.a(libc_a-memset.o)
 .ARM.attributes
                0x00000699       0x34 D:/Apps/Study/STM32IDE/STM32CubeIDE_1.18.1/STM32CubeIDE/plugins/com.st.stm32cube.ide.mcu.externaltools.gnu-tools-for-stm32.13.3.rel1.win32_1.0.0.202411081344/tools/bin/../lib/gcc/arm-none-eabi/13.3.1/../../../../arm-none-eabi/lib/thumb/v7e-m+fp/hard\libc_nano.a(libc_a-closer.o)
 .ARM.attributes
                0x000006cd       0x34 D:/Apps/Study/STM32IDE/STM32CubeIDE_1.18.1/STM32CubeIDE/plugins/com.st.stm32cube.ide.mcu.externaltools.gnu-tools-for-stm32.13.3.rel1.win32_1.0.0.202411081344/tools/bin/../lib/gcc/arm-none-eabi/13.3.1/../../../../arm-none-eabi/lib/thumb/v7e-m+fp/hard\libc_nano.a(libc_a-reent.o)
 .ARM.attributes
                0x00000701       0x34 D:/Apps/Study/STM32IDE/STM32CubeIDE_1.18.1/STM32CubeIDE/plugins/com.st.stm32cube.ide.mcu.externaltools.gnu-tools-for-stm32.13.3.rel1.win32_1.0.0.202411081344/tools/bin/../lib/gcc/arm-none-eabi/13.3.1/../../../../arm-none-eabi/lib/thumb/v7e-m+fp/hard\libc_nano.a(libc_a-impure.o)
 .ARM.attributes
                0x00000735       0x34 D:/Apps/Study/STM32IDE/STM32CubeIDE_1.18.1/STM32CubeIDE/plugins/com.st.stm32cube.ide.mcu.externaltools.gnu-tools-for-stm32.13.3.rel1.win32_1.0.0.202411081344/tools/bin/../lib/gcc/arm-none-eabi/13.3.1/../../../../arm-none-eabi/lib/thumb/v7e-m+fp/hard\libc_nano.a(libc_a-lseekr.o)
 .ARM.attributes
                0x00000769       0x34 D:/Apps/Study/STM32IDE/STM32CubeIDE_1.18.1/STM32CubeIDE/plugins/com.st.stm32cube.ide.mcu.externaltools.gnu-tools-for-stm32.13.3.rel1.win32_1.0.0.202411081344/tools/bin/../lib/gcc/arm-none-eabi/13.3.1/../../../../arm-none-eabi/lib/thumb/v7e-m+fp/hard\libc_nano.a(libc_a-readr.o)
 .ARM.attributes
                0x0000079d       0x34 D:/Apps/Study/STM32IDE/STM32CubeIDE_1.18.1/STM32CubeIDE/plugins/com.st.stm32cube.ide.mcu.externaltools.gnu-tools-for-stm32.13.3.rel1.win32_1.0.0.202411081344/tools/bin/../lib/gcc/arm-none-eabi/13.3.1/../../../../arm-none-eabi/lib/thumb/v7e-m+fp/hard\libc_nano.a(libc_a-writer.o)
 .ARM.attributes
                0x000007d1       0x34 D:/Apps/Study/STM32IDE/STM32CubeIDE_1.18.1/STM32CubeIDE/plugins/com.st.stm32cube.ide.mcu.externaltools.gnu-tools-for-stm32.13.3.rel1.win32_1.0.0.202411081344/tools/bin/../lib/gcc/arm-none-eabi/13.3.1/../../../../arm-none-eabi/lib/thumb/v7e-m+fp/hard\libc_nano.a(libc_a-errno.o)
 .ARM.attributes
                0x00000805       0x34 D:/Apps/Study/STM32IDE/STM32CubeIDE_1.18.1/STM32CubeIDE/plugins/com.st.stm32cube.ide.mcu.externaltools.gnu-tools-for-stm32.13.3.rel1.win32_1.0.0.202411081344/tools/bin/../lib/gcc/arm-none-eabi/13.3.1/../../../../arm-none-eabi/lib/thumb/v7e-m+fp/hard\libc_nano.a(libc_a-init.o)
 .ARM.attributes
                0x00000839       0x34 D:/Apps/Study/STM32IDE/STM32CubeIDE_1.18.1/STM32CubeIDE/plugins/com.st.stm32cube.ide.mcu.externaltools.gnu-tools-for-stm32.13.3.rel1.win32_1.0.0.202411081344/tools/bin/../lib/gcc/arm-none-eabi/13.3.1/../../../../arm-none-eabi/lib/thumb/v7e-m+fp/hard\libc_nano.a(libc_a-lock.o)
 .ARM.attributes
                0x0000086d       0x34 D:/Apps/Study/STM32IDE/STM32CubeIDE_1.18.1/STM32CubeIDE/plugins/com.st.stm32cube.ide.mcu.externaltools.gnu-tools-for-stm32.13.3.rel1.win32_1.0.0.202411081344/tools/bin/../lib/gcc/arm-none-eabi/13.3.1/../../../../arm-none-eabi/lib/thumb/v7e-m+fp/hard\libc_nano.a(libc_a-assert.o)
 .ARM.attributes
                0x000008a1       0x34 D:/Apps/Study/STM32IDE/STM32CubeIDE_1.18.1/STM32CubeIDE/plugins/com.st.stm32cube.ide.mcu.externaltools.gnu-tools-for-stm32.13.3.rel1.win32_1.0.0.202411081344/tools/bin/../lib/gcc/arm-none-eabi/13.3.1/../../../../arm-none-eabi/lib/thumb/v7e-m+fp/hard\libc_nano.a(libc_a-freer.o)
 .ARM.attributes