../Drivers/CMSIS/Include/core_cm4.h:1938:34:__NVIC_SystemReset	4	static,ignoring_inline_asm
../Core/Inc/SPI_LED.h:20:6:spi_update	8	static
../Core/Inc/SPI_LED.h:27:6:spi_set_led	24	static
../Core/Inc/SPI_LED.h:50:6:spi_init_buffer	32	static
../Core/Inc/UART_LED.h:22:6:usart_set_led	24	static
../Core/Inc/UART_LED.h:36:6:usart_update	8	static
../Core/Inc/UART_LED.h:46:6:usart_init_buffer	32	static
../Core/Inc/effect.h:49:6:update_all_strips	8	static
../Core/Inc/effect.h:54:6:set_strip_color	32	static
../Core/Inc/effect.h:59:6:hsv_to_rgb	24	static
../Core/Inc/effect.h:75:6:effect_clear	32	static
../Core/Inc/effect.h:85:6:effect_breathing	56	static
../Core/Inc/effect.h:115:6:effect_vu_meter_smart	56	static
../Core/Inc/effect.h:130:6:effect_freq_color	64	static
../Core/Inc/effect.h:146:6:effect_rainbow_pulse	56	static
../Core/Inc/effect.h:159:6:effect_music_rain	56	static
../Core/Inc/effect.h:178:6:effect_fire	64	static
../Core/Inc/effect.h:238:6:effect_center_pulse	64	static
../Core/Inc/effect.h:253:6:led_effects_manager	16	static
../Core/Inc/effect.h:286:6:led_init	8	static
../Core/Inc/effect.h:295:6:perform_system_reset	8	static
../Core/Inc/FFT.h:41:6:audio_init	8	static
../Core/Inc/FFT.h:48:6:process_audio_data	40	static
../Core/Inc/FFT.h:113:6:HAL_ADC_ConvCpltCallback	16	static
../Core/Inc/button.h:45:6:check_system_reset_cause	16	static
../Core/Inc/button.h:64:6:button_scan	16	static
../Core/Inc/bluetooth.h:29:6:bluetooth_init	8	static
../Core/Inc/bluetooth.h:34:6:bluetooth_check_connection	8	static
../Core/Inc/bluetooth.h:52:6:HAL_UART_RxCpltCallback	16	static
../Core/Inc/knob.h:13:6:knob_init	8	static
../Core/Inc/knob.h:18:6:brightness_update	4	static
../Core/Src/main.c:93:5:main	8	static
../Core/Src/main.c:186:6:SystemClock_Config	88	static
../Core/Src/main.c:233:13:MX_ADC1_Init	24	static
../Core/Src/main.c:285:13:MX_ADC2_Init	24	static
../Core/Src/main.c:337:13:MX_SPI3_Init	8	static
../Core/Src/main.c:375:13:MX_TIM2_Init	32	static
../Core/Src/main.c:420:13:MX_TIM3_Init	32	static
../Core/Src/main.c:465:13:MX_USART2_UART_Init	8	static
../Core/Src/main.c:498:13:MX_USART6_Init	8	static
../Core/Src/main.c:530:13:MX_DMA_Init	16	static
../Core/Src/main.c:558:13:MX_GPIO_Init	48	static
../Core/Src/main.c:605:6:HAL_SPI_TxCpltCallback	16	static
../Core/Src/main.c:618:6:Error_Handler	4	static,ignoring_inline_asm
